Component: ARM Compiler 5.06 update 2 (build 183) Tool: armlink [4d35b7]

==============================================================================

Section Cross References

    stm32l0xx_hal.o(i.HAL_DeInit) refers to stm32l0xx_hal.o(i.HAL_MspDeInit) for HAL_MspDeInit
    stm32l0xx_hal.o(i.HAL_Delay) refers to stm32l0xx_hal.o(i.HAL_GetTick) for HAL_GetTick
    stm32l0xx_hal.o(i.HAL_GetTick) refers to stm32l0xx_hal.o(.data) for .data
    stm32l0xx_hal.o(i.HAL_IncTick) refers to stm32l0xx_hal.o(.data) for .data
    stm32l0xx_hal.o(i.HAL_Init) refers to stm32l0xx_hal.o(i.HAL_InitTick) for HAL_InitTick
    stm32l0xx_hal.o(i.HAL_Init) refers to stm32l0xx_hal.o(i.HAL_MspInit) for HAL_MspInit
    stm32l0xx_hal.o(i.HAL_InitTick) refers to stm32l0xx_hal_rcc.o(i.HAL_RCC_GetHCLKFreq) for HAL_RCC_GetHCLKFreq
    stm32l0xx_hal.o(i.HAL_InitTick) refers to uidiv.o(.text) for __aeabi_uidivmod
    stm32l0xx_hal.o(i.HAL_InitTick) refers to stm32l0xx_hal_cortex.o(i.HAL_SYSTICK_Config) for HAL_SYSTICK_Config
    stm32l0xx_hal.o(i.HAL_InitTick) refers to stm32l0xx_hal_cortex.o(i.HAL_NVIC_SetPriority) for HAL_NVIC_SetPriority
    stm32l0xx_hal_cortex.o(i.HAL_NVIC_SetPriority) refers to stm32l0xx_hal_cortex.o(i.NVIC_SetPriority) for NVIC_SetPriority
    stm32l0xx_hal_cortex.o(i.HAL_SYSTICK_Config) refers to stm32l0xx_hal_cortex.o(i.NVIC_SetPriority) for NVIC_SetPriority
    stm32l0xx_hal_cortex.o(i.HAL_SYSTICK_IRQHandler) refers to stm32l0xx_hal_cortex.o(i.HAL_SYSTICK_Callback) for HAL_SYSTICK_Callback
    stm32l0xx_hal_dma.o(i.HAL_DMA_Abort) refers to stm32l0xx_hal.o(i.HAL_GetTick) for HAL_GetTick
    stm32l0xx_hal_dma.o(i.HAL_DMA_PollForTransfer) refers to stm32l0xx_hal.o(i.HAL_GetTick) for HAL_GetTick
    stm32l0xx_hal_dma.o(i.HAL_DMA_Start) refers to stm32l0xx_hal_dma.o(i.DMA_SetConfig) for DMA_SetConfig
    stm32l0xx_hal_dma.o(i.HAL_DMA_Start_IT) refers to stm32l0xx_hal_dma.o(i.DMA_SetConfig) for DMA_SetConfig
    stm32l0xx_hal_gpio.o(i.HAL_GPIO_EXTI_IRQHandler) refers to stm32l0xx_hal_gpio.o(i.HAL_GPIO_EXTI_Callback) for HAL_GPIO_EXTI_Callback
    stm32l0xx_hal_pwr.o(i.HAL_PWR_PVD_IRQHandler) refers to stm32l0xx_hal_pwr.o(i.HAL_PWR_PVDCallback) for HAL_PWR_PVDCallback
    stm32l0xx_hal_pwr_ex.o(i.HAL_PWREx_DisableLowPowerRunMode) refers to uidiv.o(.text) for __aeabi_uidivmod
    stm32l0xx_hal_pwr_ex.o(i.HAL_PWREx_DisableLowPowerRunMode) refers to system_stm32l0xx.o(.data) for SystemCoreClock
    stm32l0xx_hal_rcc.o(i.HAL_RCC_ClockConfig) refers to stm32l0xx_hal.o(i.HAL_GetTick) for HAL_GetTick
    stm32l0xx_hal_rcc.o(i.HAL_RCC_ClockConfig) refers to stm32l0xx_hal.o(i.HAL_InitTick) for HAL_InitTick
    stm32l0xx_hal_rcc.o(i.HAL_RCC_GetHCLKFreq) refers to stm32l0xx_hal_rcc.o(i.HAL_RCC_GetSysClockFreq) for HAL_RCC_GetSysClockFreq
    stm32l0xx_hal_rcc.o(i.HAL_RCC_GetHCLKFreq) refers to stm32l0xx_hal_rcc.o(.constdata) for .constdata
    stm32l0xx_hal_rcc.o(i.HAL_RCC_GetHCLKFreq) refers to system_stm32l0xx.o(.data) for SystemCoreClock
    stm32l0xx_hal_rcc.o(i.HAL_RCC_GetPCLK1Freq) refers to stm32l0xx_hal_rcc.o(i.HAL_RCC_GetHCLKFreq) for HAL_RCC_GetHCLKFreq
    stm32l0xx_hal_rcc.o(i.HAL_RCC_GetPCLK1Freq) refers to stm32l0xx_hal_rcc.o(.constdata) for .constdata
    stm32l0xx_hal_rcc.o(i.HAL_RCC_GetPCLK2Freq) refers to stm32l0xx_hal_rcc.o(i.HAL_RCC_GetHCLKFreq) for HAL_RCC_GetHCLKFreq
    stm32l0xx_hal_rcc.o(i.HAL_RCC_GetPCLK2Freq) refers to stm32l0xx_hal_rcc.o(.constdata) for .constdata
    stm32l0xx_hal_rcc.o(i.HAL_RCC_GetSysClockFreq) refers to uidiv.o(.text) for __aeabi_uidivmod
    stm32l0xx_hal_rcc.o(i.HAL_RCC_GetSysClockFreq) refers to stm32l0xx_hal_rcc.o(.constdata) for .constdata
    stm32l0xx_hal_rcc.o(i.HAL_RCC_MCOConfig) refers to stm32l0xx_hal_gpio.o(i.HAL_GPIO_Init) for HAL_GPIO_Init
    stm32l0xx_hal_rcc.o(i.HAL_RCC_NMI_IRQHandler) refers to stm32l0xx_hal_rcc.o(i.HAL_RCC_CSSCallback) for HAL_RCC_CSSCallback
    stm32l0xx_hal_rcc.o(i.HAL_RCC_OscConfig) refers to stm32l0xx_hal.o(i.HAL_GetTick) for HAL_GetTick
    stm32l0xx_hal_rcc.o(i.HAL_RCC_OscConfig) refers to stm32l0xx_hal.o(i.HAL_InitTick) for HAL_InitTick
    stm32l0xx_hal_rcc_ex.o(i.HAL_RCCEx_GetPeriphCLKFreq) refers to stm32l0xx_hal_rcc.o(i.HAL_RCC_GetPCLK2Freq) for HAL_RCC_GetPCLK2Freq
    stm32l0xx_hal_rcc_ex.o(i.HAL_RCCEx_GetPeriphCLKFreq) refers to stm32l0xx_hal_rcc.o(i.HAL_RCC_GetSysClockFreq) for HAL_RCC_GetSysClockFreq
    stm32l0xx_hal_rcc_ex.o(i.HAL_RCCEx_GetPeriphCLKFreq) refers to stm32l0xx_hal_rcc.o(i.HAL_RCC_GetPCLK1Freq) for HAL_RCC_GetPCLK1Freq
    stm32l0xx_hal_rcc_ex.o(i.HAL_RCCEx_LSECSS_IRQHandler) refers to stm32l0xx_hal_rcc_ex.o(i.HAL_RCCEx_LSECSS_Callback) for HAL_RCCEx_LSECSS_Callback
    stm32l0xx_hal_rcc_ex.o(i.HAL_RCCEx_PeriphCLKConfig) refers to stm32l0xx_hal.o(i.HAL_GetTick) for HAL_GetTick
    stm32l0xx_hal_rtc.o(i.HAL_RTC_AlarmIRQHandler) refers to stm32l0xx_hal_rtc.o(i.HAL_RTC_AlarmAEventCallback) for HAL_RTC_AlarmAEventCallback
    stm32l0xx_hal_rtc.o(i.HAL_RTC_AlarmIRQHandler) refers to stm32l0xx_hal_rtc_ex.o(i.HAL_RTCEx_AlarmBEventCallback) for HAL_RTCEx_AlarmBEventCallback
    stm32l0xx_hal_rtc.o(i.HAL_RTC_DeInit) refers to stm32l0xx_hal_rtc.o(i.RTC_EnterInitMode) for RTC_EnterInitMode
    stm32l0xx_hal_rtc.o(i.HAL_RTC_DeInit) refers to stm32l0xx_hal.o(i.HAL_GetTick) for HAL_GetTick
    stm32l0xx_hal_rtc.o(i.HAL_RTC_DeInit) refers to stm32l0xx_hal_rtc.o(i.HAL_RTC_WaitForSynchro) for HAL_RTC_WaitForSynchro
    stm32l0xx_hal_rtc.o(i.HAL_RTC_DeInit) refers to stop.o(i.HAL_RTC_MspDeInit) for HAL_RTC_MspDeInit
    stm32l0xx_hal_rtc.o(i.HAL_RTC_DeactivateAlarm) refers to stm32l0xx_hal.o(i.HAL_GetTick) for HAL_GetTick
    stm32l0xx_hal_rtc.o(i.HAL_RTC_GetAlarm) refers to stm32l0xx_hal_rtc.o(i.RTC_Bcd2ToByte) for RTC_Bcd2ToByte
    stm32l0xx_hal_rtc.o(i.HAL_RTC_GetDate) refers to stm32l0xx_hal_rtc.o(i.RTC_Bcd2ToByte) for RTC_Bcd2ToByte
    stm32l0xx_hal_rtc.o(i.HAL_RTC_GetTime) refers to stm32l0xx_hal_rtc.o(i.RTC_Bcd2ToByte) for RTC_Bcd2ToByte
    stm32l0xx_hal_rtc.o(i.HAL_RTC_Init) refers to stop.o(i.HAL_RTC_MspInit) for HAL_RTC_MspInit
    stm32l0xx_hal_rtc.o(i.HAL_RTC_Init) refers to stm32l0xx_hal_rtc.o(i.RTC_EnterInitMode) for RTC_EnterInitMode
    stm32l0xx_hal_rtc.o(i.HAL_RTC_PollForAlarmAEvent) refers to stm32l0xx_hal.o(i.HAL_GetTick) for HAL_GetTick
    stm32l0xx_hal_rtc.o(i.HAL_RTC_SetAlarm) refers to stm32l0xx_hal_rtc.o(i.RTC_Bcd2ToByte) for RTC_Bcd2ToByte
    stm32l0xx_hal_rtc.o(i.HAL_RTC_SetAlarm) refers to stm32l0xx_hal.o(i.HAL_GetTick) for HAL_GetTick
    stm32l0xx_hal_rtc.o(i.HAL_RTC_SetAlarm) refers to stm32l0xx_hal_rtc.o(i.RTC_ByteToBcd2) for RTC_ByteToBcd2
    stm32l0xx_hal_rtc.o(i.HAL_RTC_SetAlarm_IT) refers to stm32l0xx_hal_rtc.o(i.RTC_Bcd2ToByte) for RTC_Bcd2ToByte
    stm32l0xx_hal_rtc.o(i.HAL_RTC_SetAlarm_IT) refers to stm32l0xx_hal.o(i.HAL_GetTick) for HAL_GetTick
    stm32l0xx_hal_rtc.o(i.HAL_RTC_SetAlarm_IT) refers to stm32l0xx_hal_rtc.o(i.RTC_ByteToBcd2) for RTC_ByteToBcd2
    stm32l0xx_hal_rtc.o(i.HAL_RTC_SetDate) refers to stm32l0xx_hal_rtc.o(i.RTC_Bcd2ToByte) for RTC_Bcd2ToByte
    stm32l0xx_hal_rtc.o(i.HAL_RTC_SetDate) refers to stm32l0xx_hal_rtc.o(i.RTC_ByteToBcd2) for RTC_ByteToBcd2
    stm32l0xx_hal_rtc.o(i.HAL_RTC_SetDate) refers to stm32l0xx_hal_rtc.o(i.RTC_EnterInitMode) for RTC_EnterInitMode
    stm32l0xx_hal_rtc.o(i.HAL_RTC_SetDate) refers to stm32l0xx_hal_rtc.o(i.HAL_RTC_WaitForSynchro) for HAL_RTC_WaitForSynchro
    stm32l0xx_hal_rtc.o(i.HAL_RTC_SetTime) refers to stm32l0xx_hal_rtc.o(i.RTC_Bcd2ToByte) for RTC_Bcd2ToByte
    stm32l0xx_hal_rtc.o(i.HAL_RTC_SetTime) refers to stm32l0xx_hal_rtc.o(i.RTC_ByteToBcd2) for RTC_ByteToBcd2
    stm32l0xx_hal_rtc.o(i.HAL_RTC_SetTime) refers to stm32l0xx_hal_rtc.o(i.RTC_EnterInitMode) for RTC_EnterInitMode
    stm32l0xx_hal_rtc.o(i.HAL_RTC_SetTime) refers to stm32l0xx_hal_rtc.o(i.HAL_RTC_WaitForSynchro) for HAL_RTC_WaitForSynchro
    stm32l0xx_hal_rtc.o(i.HAL_RTC_WaitForSynchro) refers to stm32l0xx_hal.o(i.HAL_GetTick) for HAL_GetTick
    stm32l0xx_hal_rtc.o(i.RTC_EnterInitMode) refers to stm32l0xx_hal.o(i.HAL_GetTick) for HAL_GetTick
    stm32l0xx_hal_rtc_ex.o(i.HAL_RTCEx_DeactivateRefClock) refers to stm32l0xx_hal_rtc.o(i.RTC_EnterInitMode) for RTC_EnterInitMode
    stm32l0xx_hal_rtc_ex.o(i.HAL_RTCEx_DeactivateWakeUpTimer) refers to stm32l0xx_hal.o(i.HAL_GetTick) for HAL_GetTick
    stm32l0xx_hal_rtc_ex.o(i.HAL_RTCEx_GetTimeStamp) refers to stm32l0xx_hal_rtc.o(i.RTC_Bcd2ToByte) for RTC_Bcd2ToByte
    stm32l0xx_hal_rtc_ex.o(i.HAL_RTCEx_PollForAlarmBEvent) refers to stm32l0xx_hal.o(i.HAL_GetTick) for HAL_GetTick
    stm32l0xx_hal_rtc_ex.o(i.HAL_RTCEx_PollForTamper1Event) refers to stm32l0xx_hal.o(i.HAL_GetTick) for HAL_GetTick
    stm32l0xx_hal_rtc_ex.o(i.HAL_RTCEx_PollForTamper2Event) refers to stm32l0xx_hal.o(i.HAL_GetTick) for HAL_GetTick
    stm32l0xx_hal_rtc_ex.o(i.HAL_RTCEx_PollForTimeStampEvent) refers to stm32l0xx_hal.o(i.HAL_GetTick) for HAL_GetTick
    stm32l0xx_hal_rtc_ex.o(i.HAL_RTCEx_PollForWakeUpTimerEvent) refers to stm32l0xx_hal.o(i.HAL_GetTick) for HAL_GetTick
    stm32l0xx_hal_rtc_ex.o(i.HAL_RTCEx_SetRefClock) refers to stm32l0xx_hal_rtc.o(i.RTC_EnterInitMode) for RTC_EnterInitMode
    stm32l0xx_hal_rtc_ex.o(i.HAL_RTCEx_SetSmoothCalib) refers to stm32l0xx_hal.o(i.HAL_GetTick) for HAL_GetTick
    stm32l0xx_hal_rtc_ex.o(i.HAL_RTCEx_SetSynchroShift) refers to stm32l0xx_hal.o(i.HAL_GetTick) for HAL_GetTick
    stm32l0xx_hal_rtc_ex.o(i.HAL_RTCEx_SetSynchroShift) refers to stm32l0xx_hal_rtc.o(i.HAL_RTC_WaitForSynchro) for HAL_RTC_WaitForSynchro
    stm32l0xx_hal_rtc_ex.o(i.HAL_RTCEx_SetWakeUpTimer) refers to stm32l0xx_hal.o(i.HAL_GetTick) for HAL_GetTick
    stm32l0xx_hal_rtc_ex.o(i.HAL_RTCEx_SetWakeUpTimer_IT) refers to stm32l0xx_hal.o(i.HAL_GetTick) for HAL_GetTick
    stm32l0xx_hal_rtc_ex.o(i.HAL_RTCEx_TamperTimeStampIRQHandler) refers to stm32l0xx_hal_rtc_ex.o(i.HAL_RTCEx_TimeStampEventCallback) for HAL_RTCEx_TimeStampEventCallback
    stm32l0xx_hal_rtc_ex.o(i.HAL_RTCEx_TamperTimeStampIRQHandler) refers to stm32l0xx_hal_rtc_ex.o(i.HAL_RTCEx_Tamper1EventCallback) for HAL_RTCEx_Tamper1EventCallback
    stm32l0xx_hal_rtc_ex.o(i.HAL_RTCEx_TamperTimeStampIRQHandler) refers to stm32l0xx_hal_rtc_ex.o(i.HAL_RTCEx_Tamper2EventCallback) for HAL_RTCEx_Tamper2EventCallback
    stm32l0xx_hal_rtc_ex.o(i.HAL_RTCEx_WakeUpTimerIRQHandler) refers to stop.o(i.HAL_RTCEx_WakeUpTimerEventCallback) for HAL_RTCEx_WakeUpTimerEventCallback
    clock.o(i.clkConfig) refers to stm32l0xx_hal_rcc.o(i.HAL_RCC_GetOscConfig) for HAL_RCC_GetOscConfig
    clock.o(i.clkConfig) refers to stm32l0xx_hal_rcc.o(i.HAL_RCC_OscConfig) for HAL_RCC_OscConfig
    clock.o(i.clkConfig) refers to stm32l0xx_hal_rcc.o(i.HAL_RCC_ClockConfig) for HAL_RCC_ClockConfig
    stop.o(i.HAL_RTC_MspInit) refers to stm32l0xx_hal_rcc.o(i.HAL_RCC_OscConfig) for HAL_RCC_OscConfig
    stop.o(i.HAL_RTC_MspInit) refers to stm32l0xx_hal_rcc_ex.o(i.HAL_RCCEx_PeriphCLKConfig) for HAL_RCCEx_PeriphCLKConfig
    stop.o(i.HAL_RTC_MspInit) refers to stm32l0xx_hal_cortex.o(i.HAL_NVIC_SetPriority) for HAL_NVIC_SetPriority
    stop.o(i.HAL_RTC_MspInit) refers to stm32l0xx_hal_cortex.o(i.HAL_NVIC_EnableIRQ) for HAL_NVIC_EnableIRQ
    stop.o(i.enterStopMode) refers to stm32l0xx_hal_pwr.o(i.HAL_PWR_EnterSTOPMode) for HAL_PWR_EnterSTOPMode
    stop.o(i.setWakeUpPeriod) refers to stm32l0xx_hal_rtc_ex.o(i.HAL_RTCEx_DeactivateWakeUpTimer) for HAL_RTCEx_DeactivateWakeUpTimer
    stop.o(i.setWakeUpPeriod) refers to stm32l0xx_hal_rtc_ex.o(i.HAL_RTCEx_SetWakeUpTimer_IT) for HAL_RTCEx_SetWakeUpTimer_IT
    stop.o(i.setWakeUpPeriod) refers to stop.o(.bss) for .bss
    stop.o(i.wakeUpConfig) refers to stm32l0xx_hal_pwr_ex.o(i.HAL_PWREx_EnableUltraLowPower) for HAL_PWREx_EnableUltraLowPower
    stop.o(i.wakeUpConfig) refers to stm32l0xx_hal_pwr_ex.o(i.HAL_PWREx_EnableFastWakeUp) for HAL_PWREx_EnableFastWakeUp
    stop.o(i.wakeUpConfig) refers to stm32l0xx_hal_rtc.o(i.HAL_RTC_Init) for HAL_RTC_Init
    stop.o(i.wakeUpConfig) refers to stop.o(.bss) for .bss
    stop.o(i.wakeUpDisable) refers to stm32l0xx_hal_rtc_ex.o(i.HAL_RTCEx_DeactivateWakeUpTimer) for HAL_RTCEx_DeactivateWakeUpTimer
    stop.o(i.wakeUpDisable) refers to stop.o(.bss) for .bss
    stop.o(i.wakeUpTimeIRQHandler) refers to stm32l0xx_hal_rtc_ex.o(i.HAL_RTCEx_WakeUpTimerIRQHandler) for HAL_RTCEx_WakeUpTimerIRQHandler
    stop.o(i.wakeUpTimeIRQHandler) refers to stop.o(.bss) for .bss
    uart.o(i.DeinitUart1) refers to uart.o(i.NVIC_DisableIRQ) for NVIC_DisableIRQ
    uart.o(i.USART1_IRQHandler) refers to stm32l0xx_hal.o(i.HAL_GetTick) for HAL_GetTick
    uart.o(i.USART1_IRQHandler) refers to uart.o(i.NVIC_DisableIRQ) for NVIC_DisableIRQ
    uart.o(i.USART1_IRQHandler) refers to uart.o(.data) for .data
    uart.o(i.uartReceive_Pkt) refers to stm32l0xx_hal.o(i.HAL_GetTick) for HAL_GetTick
    uart.o(i.uartReceive_Pkt) refers to uart.o(.data) for .data
    uart.o(i.uartSendString) refers to uart.o(.data) for .data
    uart.o(i.uartSend_IT) refers to uart.o(.data) for .data
    jump.o(i.jump) refers to jump.o(.data) for .data
    app_main.o(i.delayMs) refers to app_main.o(.data) for .data
    app_main.o(i.main) refers to app_main.o(i.delayMs) for delayMs
    app_main.o(i.main) refers to app_main.o(.data) for .data
    app_main.o(i.num2str) refers to app_main.o(.bss) for .bss
    stm32l0xx_it.o(i.RTC_IRQHandler) refers to stop.o(i.wakeUpTimeIRQHandler) for wakeUpTimeIRQHandler
    stm32l0xx_it.o(i.SysTick_Handler) refers to stm32l0xx_hal.o(i.HAL_IncTick) for HAL_IncTick
    system_stm32l0xx.o(i.SystemCoreClockUpdate) refers to uidiv.o(.text) for __aeabi_uidivmod
    system_stm32l0xx.o(i.SystemCoreClockUpdate) refers to system_stm32l0xx.o(.data) for .data
    startup_stm32l051xx.o(RESET) refers to startup_stm32l051xx.o(STACK) for __initial_sp
    startup_stm32l051xx.o(RESET) refers to startup_stm32l051xx.o(.text) for Reset_Handler
    startup_stm32l051xx.o(RESET) refers to stm32l0xx_it.o(i.NMI_Handler) for NMI_Handler
    startup_stm32l051xx.o(RESET) refers to stm32l0xx_it.o(i.HardFault_Handler) for HardFault_Handler
    startup_stm32l051xx.o(RESET) refers to stm32l0xx_it.o(i.SVC_Handler) for SVC_Handler
    startup_stm32l051xx.o(RESET) refers to stm32l0xx_it.o(i.DebugMon_Handler) for DebugMon_Handler
    startup_stm32l051xx.o(RESET) refers to stm32l0xx_it.o(i.PendSV_Handler) for PendSV_Handler
    startup_stm32l051xx.o(RESET) refers to stm32l0xx_it.o(i.SysTick_Handler) for SysTick_Handler
    startup_stm32l051xx.o(RESET) refers to stm32l0xx_it.o(i.RTC_IRQHandler) for RTC_IRQHandler
    startup_stm32l051xx.o(RESET) refers to uart.o(i.USART1_IRQHandler) for USART1_IRQHandler
    startup_stm32l051xx.o(.text) refers to system_stm32l0xx.o(i.SystemInit) for SystemInit
    startup_stm32l051xx.o(.text) refers to entry.o(.ARM.Collect$$$$00000000) for __main
    appconfig.o(.ARM.__AT_0x08004F00) refers to appconfig.o(.constdata) for moduleTab
    led.o(.ARM.__AT_0x08006300) refers to led.o(i.ledInit) for ledInit
    led.o(.ARM.__AT_0x08006300) refers to led.o(i.ledOn) for ledOn
    led.o(.ARM.__AT_0x08006300) refers to led.o(i.ledOff) for ledOff
    led.o(.ARM.__AT_0x08006300) refers to led.o(i.ledToggle) for ledToggle
    bsw.o(i.HalInit) refers to stm32l0xx_hal.o(i.HAL_Init) for HAL_Init
    bsw.o(.ARM.__AT_0x08005300) refers to bsw.o(i.HalInit) for HalInit
    bsw.o(.ARM.__AT_0x08005300) refers to clock.o(i.clkConfig) for clkConfig
    bsw.o(.ARM.__AT_0x08005300) refers to stm32l0xx_hal.o(i.HAL_GetTick) for HAL_GetTick
    bsw.o(.ARM.__AT_0x08005300) refers to uart.o(i.InitUart1) for InitUart1
    bsw.o(.ARM.__AT_0x08005300) refers to uart.o(i.uartSend_IT) for uartSend_IT
    bsw.o(.ARM.__AT_0x08005300) refers to uart.o(i.uartSendString) for uartSendString
    bsw.o(.ARM.__AT_0x08005300) refers to uart.o(i.uartReceive_Pkt) for uartReceive_Pkt
    entry.o(.ARM.Collect$$$$00000000) refers (Special) to entry10a.o(.ARM.Collect$$$$0000000D) for __rt_final_cpp
    entry.o(.ARM.Collect$$$$00000000) refers (Special) to entry11a.o(.ARM.Collect$$$$0000000F) for __rt_final_exit
    entry.o(.ARM.Collect$$$$00000000) refers (Special) to entry7b.o(.ARM.Collect$$$$00000008) for _main_clock
    entry.o(.ARM.Collect$$$$00000000) refers (Special) to entry8b.o(.ARM.Collect$$$$0000000A) for _main_cpp_init
    entry.o(.ARM.Collect$$$$00000000) refers (Special) to entry9a.o(.ARM.Collect$$$$0000000B) for _main_init
    entry.o(.ARM.Collect$$$$00000000) refers (Special) to entry5.o(.ARM.Collect$$$$00000004) for _main_scatterload
    entry.o(.ARM.Collect$$$$00000000) refers (Special) to entry2.o(.ARM.Collect$$$$00000001) for _main_stk
    entry2.o(.ARM.Collect$$$$00000001) refers to entry2.o(.ARM.Collect$$$$00002712) for __lit__00000000
    entry2.o(.ARM.Collect$$$$00002712) refers to startup_stm32l051xx.o(STACK) for __initial_sp
    entry2.o(__vectab_stack_and_reset_area) refers to startup_stm32l051xx.o(STACK) for __initial_sp
    entry2.o(__vectab_stack_and_reset_area) refers to entry.o(.ARM.Collect$$$$00000000) for __main
    entry5.o(.ARM.Collect$$$$00000004) refers to init.o(.text) for __scatterload
    entry9a.o(.ARM.Collect$$$$0000000B) refers to app_main.o(i.main) for main
    entry9b.o(.ARM.Collect$$$$0000000C) refers to app_main.o(i.main) for main
    init.o(.text) refers to entry5.o(.ARM.Collect$$$$00000004) for __main_after_scatterload


==============================================================================

Removing Unused input sections from the image.

    Removing stm32l0xx_hal.o(.rev16_text), (4 bytes).
    Removing stm32l0xx_hal.o(.revsh_text), (4 bytes).
    Removing stm32l0xx_hal.o(i.HAL_DBGMCU_DBG_DisableLowPowerConfig), (16 bytes).
    Removing stm32l0xx_hal.o(i.HAL_DBGMCU_DBG_EnableLowPowerConfig), (16 bytes).
    Removing stm32l0xx_hal.o(i.HAL_DBGMCU_DisableDBGSleepMode), (16 bytes).
    Removing stm32l0xx_hal.o(i.HAL_DBGMCU_DisableDBGStandbyMode), (16 bytes).
    Removing stm32l0xx_hal.o(i.HAL_DBGMCU_DisableDBGStopMode), (16 bytes).
    Removing stm32l0xx_hal.o(i.HAL_DBGMCU_EnableDBGSleepMode), (16 bytes).
    Removing stm32l0xx_hal.o(i.HAL_DBGMCU_EnableDBGStandbyMode), (16 bytes).
    Removing stm32l0xx_hal.o(i.HAL_DBGMCU_EnableDBGStopMode), (16 bytes).
    Removing stm32l0xx_hal.o(i.HAL_DeInit), (40 bytes).
    Removing stm32l0xx_hal.o(i.HAL_Delay), (22 bytes).
    Removing stm32l0xx_hal.o(i.HAL_GetDEVID), (16 bytes).
    Removing stm32l0xx_hal.o(i.HAL_GetHalVersion), (8 bytes).
    Removing stm32l0xx_hal.o(i.HAL_GetREVID), (12 bytes).
    Removing stm32l0xx_hal.o(i.HAL_MspDeInit), (2 bytes).
    Removing stm32l0xx_hal.o(i.HAL_ResumeTick), (16 bytes).
    Removing stm32l0xx_hal.o(i.HAL_SYSCFG_DisableVREFINT), (16 bytes).
    Removing stm32l0xx_hal.o(i.HAL_SYSCFG_Disable_Lock_VREFINT), (16 bytes).
    Removing stm32l0xx_hal.o(i.HAL_SYSCFG_EnableVREFINT), (16 bytes).
    Removing stm32l0xx_hal.o(i.HAL_SYSCFG_Enable_Lock_VREFINT), (16 bytes).
    Removing stm32l0xx_hal.o(i.HAL_SYSCFG_GetBootMode), (16 bytes).
    Removing stm32l0xx_hal.o(i.HAL_SYSCFG_VREFINT_OutputSelect), (24 bytes).
    Removing stm32l0xx_hal.o(i.HAL_SuspendTick), (16 bytes).
    Removing stm32l0xx_hal_cortex.o(.rev16_text), (4 bytes).
    Removing stm32l0xx_hal_cortex.o(.revsh_text), (4 bytes).
    Removing stm32l0xx_hal_cortex.o(i.HAL_MPU_ConfigRegion), (80 bytes).
    Removing stm32l0xx_hal_cortex.o(i.HAL_NVIC_ClearPendingIRQ), (24 bytes).
    Removing stm32l0xx_hal_cortex.o(i.HAL_NVIC_DisableIRQ), (24 bytes).
    Removing stm32l0xx_hal_cortex.o(i.HAL_NVIC_EnableIRQ), (24 bytes).
    Removing stm32l0xx_hal_cortex.o(i.HAL_NVIC_GetPendingIRQ), (32 bytes).
    Removing stm32l0xx_hal_cortex.o(i.HAL_NVIC_GetPriority), (52 bytes).
    Removing stm32l0xx_hal_cortex.o(i.HAL_NVIC_SetPendingIRQ), (24 bytes).
    Removing stm32l0xx_hal_cortex.o(i.HAL_NVIC_SystemReset), (28 bytes).
    Removing stm32l0xx_hal_cortex.o(i.HAL_SYSTICK_CLKSourceConfig), (24 bytes).
    Removing stm32l0xx_hal_cortex.o(i.HAL_SYSTICK_Callback), (2 bytes).
    Removing stm32l0xx_hal_cortex.o(i.HAL_SYSTICK_IRQHandler), (8 bytes).
    Removing stm32l0xx_hal_dma.o(.rev16_text), (4 bytes).
    Removing stm32l0xx_hal_dma.o(.revsh_text), (4 bytes).
    Removing stm32l0xx_hal_dma.o(i.DMA_SetConfig), (30 bytes).
    Removing stm32l0xx_hal_dma.o(i.HAL_DMA_Abort), (76 bytes).
    Removing stm32l0xx_hal_dma.o(i.HAL_DMA_DeInit), (468 bytes).
    Removing stm32l0xx_hal_dma.o(i.HAL_DMA_GetError), (4 bytes).
    Removing stm32l0xx_hal_dma.o(i.HAL_DMA_GetState), (6 bytes).
    Removing stm32l0xx_hal_dma.o(i.HAL_DMA_IRQHandler), (640 bytes).
    Removing stm32l0xx_hal_dma.o(i.HAL_DMA_Init), (264 bytes).
    Removing stm32l0xx_hal_dma.o(i.HAL_DMA_PollForTransfer), (616 bytes).
    Removing stm32l0xx_hal_dma.o(i.HAL_DMA_Start), (50 bytes).
    Removing stm32l0xx_hal_dma.o(i.HAL_DMA_Start_IT), (78 bytes).
    Removing stm32l0xx_hal_gpio.o(.rev16_text), (4 bytes).
    Removing stm32l0xx_hal_gpio.o(.revsh_text), (4 bytes).
    Removing stm32l0xx_hal_gpio.o(i.HAL_GPIO_DeInit), (228 bytes).
    Removing stm32l0xx_hal_gpio.o(i.HAL_GPIO_EXTI_Callback), (2 bytes).
    Removing stm32l0xx_hal_gpio.o(i.HAL_GPIO_EXTI_IRQHandler), (24 bytes).
    Removing stm32l0xx_hal_gpio.o(i.HAL_GPIO_Init), (376 bytes).
    Removing stm32l0xx_hal_gpio.o(i.HAL_GPIO_LockPin), (36 bytes).
    Removing stm32l0xx_hal_gpio.o(i.HAL_GPIO_ReadPin), (10 bytes).
    Removing stm32l0xx_hal_gpio.o(i.HAL_GPIO_TogglePin), (8 bytes).
    Removing stm32l0xx_hal_gpio.o(i.HAL_GPIO_WritePin), (12 bytes).
    Removing stm32l0xx_hal_pwr.o(.rev16_text), (4 bytes).
    Removing stm32l0xx_hal_pwr.o(.revsh_text), (4 bytes).
    Removing stm32l0xx_hal_pwr.o(i.HAL_PWR_ConfigPVD), (104 bytes).
    Removing stm32l0xx_hal_pwr.o(i.HAL_PWR_DeInit), (24 bytes).
    Removing stm32l0xx_hal_pwr.o(i.HAL_PWR_DisableBkUpAccess), (16 bytes).
    Removing stm32l0xx_hal_pwr.o(i.HAL_PWR_DisablePVD), (16 bytes).
    Removing stm32l0xx_hal_pwr.o(i.HAL_PWR_DisableSEVOnPend), (16 bytes).
    Removing stm32l0xx_hal_pwr.o(i.HAL_PWR_DisableSleepOnExit), (16 bytes).
    Removing stm32l0xx_hal_pwr.o(i.HAL_PWR_DisableWakeUpPin), (16 bytes).
    Removing stm32l0xx_hal_pwr.o(i.HAL_PWR_EnableBkUpAccess), (16 bytes).
    Removing stm32l0xx_hal_pwr.o(i.HAL_PWR_EnablePVD), (16 bytes).
    Removing stm32l0xx_hal_pwr.o(i.HAL_PWR_EnableSEVOnPend), (16 bytes).
    Removing stm32l0xx_hal_pwr.o(i.HAL_PWR_EnableSleepOnExit), (16 bytes).
    Removing stm32l0xx_hal_pwr.o(i.HAL_PWR_EnableWakeUpPin), (16 bytes).
    Removing stm32l0xx_hal_pwr.o(i.HAL_PWR_EnterSLEEPMode), (48 bytes).
    Removing stm32l0xx_hal_pwr.o(i.HAL_PWR_EnterSTANDBYMode), (32 bytes).
    Removing stm32l0xx_hal_pwr.o(i.HAL_PWR_EnterSTOPMode), (52 bytes).
    Removing stm32l0xx_hal_pwr.o(i.HAL_PWR_PVDCallback), (2 bytes).
    Removing stm32l0xx_hal_pwr.o(i.HAL_PWR_PVD_IRQHandler), (28 bytes).
    Removing stm32l0xx_hal_pwr_ex.o(.rev16_text), (4 bytes).
    Removing stm32l0xx_hal_pwr_ex.o(.revsh_text), (4 bytes).
    Removing stm32l0xx_hal_pwr_ex.o(i.HAL_PWREx_DisableFastWakeUp), (16 bytes).
    Removing stm32l0xx_hal_pwr_ex.o(i.HAL_PWREx_DisableLowPowerRunMode), (76 bytes).
    Removing stm32l0xx_hal_pwr_ex.o(i.HAL_PWREx_DisableUltraLowPower), (16 bytes).
    Removing stm32l0xx_hal_pwr_ex.o(i.HAL_PWREx_EnableFastWakeUp), (16 bytes).
    Removing stm32l0xx_hal_pwr_ex.o(i.HAL_PWREx_EnableLowPowerRunMode), (24 bytes).
    Removing stm32l0xx_hal_pwr_ex.o(i.HAL_PWREx_EnableUltraLowPower), (16 bytes).
    Removing stm32l0xx_hal_rcc.o(.rev16_text), (4 bytes).
    Removing stm32l0xx_hal_rcc.o(.revsh_text), (4 bytes).
    Removing stm32l0xx_hal_rcc.o(i.HAL_RCC_CSSCallback), (2 bytes).
    Removing stm32l0xx_hal_rcc.o(i.HAL_RCC_DeInit), (2 bytes).
    Removing stm32l0xx_hal_rcc.o(i.HAL_RCC_EnableCSS), (20 bytes).
    Removing stm32l0xx_hal_rcc.o(i.HAL_RCC_GetClockConfig), (64 bytes).
    Removing stm32l0xx_hal_rcc.o(i.HAL_RCC_GetPCLK1Freq), (32 bytes).
    Removing stm32l0xx_hal_rcc.o(i.HAL_RCC_GetPCLK2Freq), (32 bytes).
    Removing stm32l0xx_hal_rcc.o(i.HAL_RCC_MCOConfig), (84 bytes).
    Removing stm32l0xx_hal_rcc.o(i.HAL_RCC_NMI_IRQHandler), (24 bytes).
    Removing stm32l0xx_hal_rcc_ex.o(.rev16_text), (4 bytes).
    Removing stm32l0xx_hal_rcc_ex.o(.revsh_text), (4 bytes).
    Removing stm32l0xx_hal_rcc_ex.o(i.HAL_RCCEx_DisableLSECSS), (32 bytes).
    Removing stm32l0xx_hal_rcc_ex.o(i.HAL_RCCEx_EnableLSECSS), (20 bytes).
    Removing stm32l0xx_hal_rcc_ex.o(i.HAL_RCCEx_EnableLSECSS_IT), (52 bytes).
    Removing stm32l0xx_hal_rcc_ex.o(i.HAL_RCCEx_GetPeriphCLKConfig), (60 bytes).
    Removing stm32l0xx_hal_rcc_ex.o(i.HAL_RCCEx_GetPeriphCLKFreq), (324 bytes).
    Removing stm32l0xx_hal_rcc_ex.o(i.HAL_RCCEx_LSECSS_Callback), (2 bytes).
    Removing stm32l0xx_hal_rcc_ex.o(i.HAL_RCCEx_LSECSS_IRQHandler), (24 bytes).
    Removing stm32l0xx_hal_rcc_ex.o(i.HAL_RCCEx_PeriphCLKConfig), (288 bytes).
    Removing stm32l0xx_hal_rcc_ex.o(i.HAL_RCC_DeInit), (44 bytes).
    Removing stm32l0xx_hal_rtc.o(.rev16_text), (4 bytes).
    Removing stm32l0xx_hal_rtc.o(.revsh_text), (4 bytes).
    Removing stm32l0xx_hal_rtc.o(i.HAL_RTC_AlarmAEventCallback), (2 bytes).
    Removing stm32l0xx_hal_rtc.o(i.HAL_RTC_AlarmIRQHandler), (96 bytes).
    Removing stm32l0xx_hal_rtc.o(i.HAL_RTC_DeInit), (212 bytes).
    Removing stm32l0xx_hal_rtc.o(i.HAL_RTC_DeactivateAlarm), (184 bytes).
    Removing stm32l0xx_hal_rtc.o(i.HAL_RTC_GetAlarm), (140 bytes).
    Removing stm32l0xx_hal_rtc.o(i.HAL_RTC_GetDate), (68 bytes).
    Removing stm32l0xx_hal_rtc.o(i.HAL_RTC_GetState), (6 bytes).
    Removing stm32l0xx_hal_rtc.o(i.HAL_RTC_GetTime), (92 bytes).
    Removing stm32l0xx_hal_rtc.o(i.HAL_RTC_Init), (164 bytes).
    Removing stm32l0xx_hal_rtc.o(i.HAL_RTC_MspDeInit), (2 bytes).
    Removing stm32l0xx_hal_rtc.o(i.HAL_RTC_MspInit), (2 bytes).
    Removing stm32l0xx_hal_rtc.o(i.HAL_RTC_PollForAlarmAEvent), (72 bytes).
    Removing stm32l0xx_hal_rtc.o(i.HAL_RTC_SetAlarm), (368 bytes).
    Removing stm32l0xx_hal_rtc.o(i.HAL_RTC_SetAlarm_IT), (416 bytes).
    Removing stm32l0xx_hal_rtc.o(i.HAL_RTC_SetDate), (204 bytes).
    Removing stm32l0xx_hal_rtc.o(i.HAL_RTC_SetTime), (240 bytes).
    Removing stm32l0xx_hal_rtc.o(i.HAL_RTC_WaitForSynchro), (52 bytes).
    Removing stm32l0xx_hal_rtc.o(i.RTC_Bcd2ToByte), (16 bytes).
    Removing stm32l0xx_hal_rtc.o(i.RTC_ByteToBcd2), (22 bytes).
    Removing stm32l0xx_hal_rtc.o(i.RTC_EnterInitMode), (56 bytes).
    Removing stm32l0xx_hal_rtc_ex.o(.rev16_text), (4 bytes).
    Removing stm32l0xx_hal_rtc_ex.o(.revsh_text), (4 bytes).
    Removing stm32l0xx_hal_rtc_ex.o(i.HAL_RTCEx_AlarmBEventCallback), (2 bytes).
    Removing stm32l0xx_hal_rtc_ex.o(i.HAL_RTCEx_BKUPRead), (12 bytes).
    Removing stm32l0xx_hal_rtc_ex.o(i.HAL_RTCEx_BKUPWrite), (12 bytes).
    Removing stm32l0xx_hal_rtc_ex.o(i.HAL_RTCEx_DeactivateCalibrationOutPut), (60 bytes).
    Removing stm32l0xx_hal_rtc_ex.o(i.HAL_RTCEx_DeactivateRefClock), (98 bytes).
    Removing stm32l0xx_hal_rtc_ex.o(i.HAL_RTCEx_DeactivateTamper), (76 bytes).
    Removing stm32l0xx_hal_rtc_ex.o(i.HAL_RTCEx_DeactivateTimeStamp), (76 bytes).
    Removing stm32l0xx_hal_rtc_ex.o(i.HAL_RTCEx_DeactivateWakeUpTimer), (122 bytes).
    Removing stm32l0xx_hal_rtc_ex.o(i.HAL_RTCEx_DisableBypassShadow), (60 bytes).
    Removing stm32l0xx_hal_rtc_ex.o(i.HAL_RTCEx_EnableBypassShadow), (60 bytes).
    Removing stm32l0xx_hal_rtc_ex.o(i.HAL_RTCEx_GetTimeStamp), (160 bytes).
    Removing stm32l0xx_hal_rtc_ex.o(i.HAL_RTCEx_GetWakeUpTimer), (8 bytes).
    Removing stm32l0xx_hal_rtc_ex.o(i.HAL_RTCEx_PollForAlarmBEvent), (76 bytes).
    Removing stm32l0xx_hal_rtc_ex.o(i.HAL_RTCEx_PollForTamper1Event), (76 bytes).
    Removing stm32l0xx_hal_rtc_ex.o(i.HAL_RTCEx_PollForTamper2Event), (76 bytes).
    Removing stm32l0xx_hal_rtc_ex.o(i.HAL_RTCEx_PollForTimeStampEvent), (88 bytes).
    Removing stm32l0xx_hal_rtc_ex.o(i.HAL_RTCEx_PollForWakeUpTimerEvent), (76 bytes).
    Removing stm32l0xx_hal_rtc_ex.o(i.HAL_RTCEx_SetCalibrationOutPut), (78 bytes).
    Removing stm32l0xx_hal_rtc_ex.o(i.HAL_RTCEx_SetRefClock), (98 bytes).
    Removing stm32l0xx_hal_rtc_ex.o(i.HAL_RTCEx_SetSmoothCalib), (126 bytes).
    Removing stm32l0xx_hal_rtc_ex.o(i.HAL_RTCEx_SetSynchroShift), (152 bytes).
    Removing stm32l0xx_hal_rtc_ex.o(i.HAL_RTCEx_SetTamper), (180 bytes).
    Removing stm32l0xx_hal_rtc_ex.o(i.HAL_RTCEx_SetTamper_IT), (208 bytes).
    Removing stm32l0xx_hal_rtc_ex.o(i.HAL_RTCEx_SetTimeStamp), (76 bytes).
    Removing stm32l0xx_hal_rtc_ex.o(i.HAL_RTCEx_SetTimeStamp_IT), (108 bytes).
    Removing stm32l0xx_hal_rtc_ex.o(i.HAL_RTCEx_SetWakeUpTimer), (196 bytes).
    Removing stm32l0xx_hal_rtc_ex.o(i.HAL_RTCEx_SetWakeUpTimer_IT), (228 bytes).
    Removing stm32l0xx_hal_rtc_ex.o(i.HAL_RTCEx_Tamper1EventCallback), (2 bytes).
    Removing stm32l0xx_hal_rtc_ex.o(i.HAL_RTCEx_Tamper2EventCallback), (2 bytes).
    Removing stm32l0xx_hal_rtc_ex.o(i.HAL_RTCEx_TamperTimeStampIRQHandler), (148 bytes).
    Removing stm32l0xx_hal_rtc_ex.o(i.HAL_RTCEx_TimeStampEventCallback), (2 bytes).
    Removing stm32l0xx_hal_rtc_ex.o(i.HAL_RTCEx_WakeUpTimerEventCallback), (2 bytes).
    Removing clock.o(.rev16_text), (4 bytes).
    Removing clock.o(.revsh_text), (4 bytes).
    Removing stop.o(.rev16_text), (4 bytes).
    Removing stop.o(.revsh_text), (4 bytes).
    Removing stop.o(i.HAL_RTC_MspDeInit), (20 bytes).
    Removing stop.o(i.HAL_RTC_MspInit), (88 bytes).
    Removing stop.o(i.enterStopMode), (12 bytes).
    Removing stop.o(i.setWakeUpPeriod), (32 bytes).
    Removing stop.o(i.wakeUpConfig), (72 bytes).
    Removing stop.o(i.wakeUpDisable), (20 bytes).
    Removing uart.o(.rev16_text), (4 bytes).
    Removing uart.o(.revsh_text), (4 bytes).
    Removing uart.o(i.DeinitUart1), (56 bytes).
    Removing jump.o(.rev16_text), (4 bytes).
    Removing jump.o(.revsh_text), (4 bytes).
    Removing jump.o(i.jump), (20 bytes).
    Removing jump.o(.data), (8 bytes).
    Removing app_main.o(.rev16_text), (4 bytes).
    Removing app_main.o(.revsh_text), (4 bytes).
    Removing app_main.o(i.num2str), (44 bytes).
    Removing app_main.o(.bss), (9 bytes).
    Removing stm32l0xx_hal_msp.o(.rev16_text), (4 bytes).
    Removing stm32l0xx_hal_msp.o(.revsh_text), (4 bytes).
    Removing stm32l0xx_it.o(.rev16_text), (4 bytes).
    Removing stm32l0xx_it.o(.revsh_text), (4 bytes).
    Removing system_stm32l0xx.o(.rev16_text), (4 bytes).
    Removing system_stm32l0xx.o(.revsh_text), (4 bytes).
    Removing system_stm32l0xx.o(i.SystemCoreClockUpdate), (148 bytes).
    Removing startup_stm32l051xx.o(HEAP), (512 bytes).
    Removing led.o(.rev16_text), (4 bytes).
    Removing led.o(.revsh_text), (4 bytes).
    Removing bsw.o(.rev16_text), (4 bytes).
    Removing bsw.o(.revsh_text), (4 bytes).

196 unused section(s) (total 11693 bytes) removed from the image.

==============================================================================

Image Symbol Table

    Local Symbols

    Symbol Name                              Value     Ov Type        Size  Object(Section)

    ../clib/microlib/division.c              0x00000000   Number         0  uidiv.o ABSOLUTE
    ../clib/microlib/init/entry.s            0x00000000   Number         0  entry8b.o ABSOLUTE
    ../clib/microlib/init/entry.s            0x00000000   Number         0  entry7a.o ABSOLUTE
    ../clib/microlib/init/entry.s            0x00000000   Number         0  entry5.o ABSOLUTE
    ../clib/microlib/init/entry.s            0x00000000   Number         0  entry2.o ABSOLUTE
    ../clib/microlib/init/entry.s            0x00000000   Number         0  entry.o ABSOLUTE
    ../clib/microlib/init/entry.s            0x00000000   Number         0  entry7b.o ABSOLUTE
    ../clib/microlib/init/entry.s            0x00000000   Number         0  entry8a.o ABSOLUTE
    ../clib/microlib/init/entry.s            0x00000000   Number         0  entry10b.o ABSOLUTE
    ../clib/microlib/init/entry.s            0x00000000   Number         0  entry9a.o ABSOLUTE
    ../clib/microlib/init/entry.s            0x00000000   Number         0  entry9b.o ABSOLUTE
    ../clib/microlib/init/entry.s            0x00000000   Number         0  entry10a.o ABSOLUTE
    ../clib/microlib/init/entry.s            0x00000000   Number         0  entry11a.o ABSOLUTE
    ../clib/microlib/init/entry.s            0x00000000   Number         0  entry11b.o ABSOLUTE
    ..\\module\\bsw.c                        0x00000000   Number         0  bsw.o ABSOLUTE
    ..\\module\\led.c                        0x00000000   Number         0  led.o ABSOLUTE
    ..\\src\\hal_driver\\Src\\stm32l0xx_hal.c 0x00000000   Number         0  stm32l0xx_hal.o ABSOLUTE
    ..\\src\\hal_driver\\Src\\stm32l0xx_hal_cortex.c 0x00000000   Number         0  stm32l0xx_hal_cortex.o ABSOLUTE
    ..\\src\\hal_driver\\Src\\stm32l0xx_hal_dma.c 0x00000000   Number         0  stm32l0xx_hal_dma.o ABSOLUTE
    ..\\src\\hal_driver\\Src\\stm32l0xx_hal_gpio.c 0x00000000   Number         0  stm32l0xx_hal_gpio.o ABSOLUTE
    ..\\src\\hal_driver\\Src\\stm32l0xx_hal_pwr.c 0x00000000   Number         0  stm32l0xx_hal_pwr.o ABSOLUTE
    ..\\src\\hal_driver\\Src\\stm32l0xx_hal_pwr_ex.c 0x00000000   Number         0  stm32l0xx_hal_pwr_ex.o ABSOLUTE
    ..\\src\\hal_driver\\Src\\stm32l0xx_hal_rcc.c 0x00000000   Number         0  stm32l0xx_hal_rcc.o ABSOLUTE
    ..\\src\\hal_driver\\Src\\stm32l0xx_hal_rcc_ex.c 0x00000000   Number         0  stm32l0xx_hal_rcc_ex.o ABSOLUTE
    ..\\src\\hal_driver\\Src\\stm32l0xx_hal_rtc.c 0x00000000   Number         0  stm32l0xx_hal_rtc.o ABSOLUTE
    ..\\src\\hal_driver\\Src\\stm32l0xx_hal_rtc_ex.c 0x00000000   Number         0  stm32l0xx_hal_rtc_ex.o ABSOLUTE
    ..\\src\\perpherial\\Src\\clock.c        0x00000000   Number         0  clock.o ABSOLUTE
    ..\\src\\perpherial\\Src\\jump.c         0x00000000   Number         0  jump.o ABSOLUTE
    ..\\src\\perpherial\\Src\\stop.c         0x00000000   Number         0  stop.o ABSOLUTE
    ..\\src\\perpherial\\Src\\uart.c         0x00000000   Number         0  uart.o ABSOLUTE
    ..\\src\\user\\application\\app_main.c   0x00000000   Number         0  app_main.o ABSOLUTE
    ..\\src\\user\\application\\stm32l0xx_hal_msp.c 0x00000000   Number         0  stm32l0xx_hal_msp.o ABSOLUTE
    ..\\src\\user\\application\\stm32l0xx_it.c 0x00000000   Number         0  stm32l0xx_it.o ABSOLUTE
    ..\\src\\user\\application\\system_stm32l0xx.c 0x00000000   Number         0  system_stm32l0xx.o ABSOLUTE
    ..\module\bsw.c                          0x00000000   Number         0  bsw.o ABSOLUTE
    ..\module\led.c                          0x00000000   Number         0  led.o ABSOLUTE
    ..\src\appConfig\appConfig.c             0x00000000   Number         0  appconfig.o ABSOLUTE
    ..\src\hal_driver\Src\stm32l0xx_hal.c    0x00000000   Number         0  stm32l0xx_hal.o ABSOLUTE
    ..\src\hal_driver\Src\stm32l0xx_hal_cortex.c 0x00000000   Number         0  stm32l0xx_hal_cortex.o ABSOLUTE
    ..\src\hal_driver\Src\stm32l0xx_hal_dma.c 0x00000000   Number         0  stm32l0xx_hal_dma.o ABSOLUTE
    ..\src\hal_driver\Src\stm32l0xx_hal_gpio.c 0x00000000   Number         0  stm32l0xx_hal_gpio.o ABSOLUTE
    ..\src\hal_driver\Src\stm32l0xx_hal_pwr.c 0x00000000   Number         0  stm32l0xx_hal_pwr.o ABSOLUTE
    ..\src\hal_driver\Src\stm32l0xx_hal_pwr_ex.c 0x00000000   Number         0  stm32l0xx_hal_pwr_ex.o ABSOLUTE
    ..\src\hal_driver\Src\stm32l0xx_hal_rcc.c 0x00000000   Number         0  stm32l0xx_hal_rcc.o ABSOLUTE
    ..\src\hal_driver\Src\stm32l0xx_hal_rcc_ex.c 0x00000000   Number         0  stm32l0xx_hal_rcc_ex.o ABSOLUTE
    ..\src\hal_driver\Src\stm32l0xx_hal_rtc.c 0x00000000   Number         0  stm32l0xx_hal_rtc.o ABSOLUTE
    ..\src\hal_driver\Src\stm32l0xx_hal_rtc_ex.c 0x00000000   Number         0  stm32l0xx_hal_rtc_ex.o ABSOLUTE
    ..\src\perpherial\Src\clock.c            0x00000000   Number         0  clock.o ABSOLUTE
    ..\src\perpherial\Src\jump.c             0x00000000   Number         0  jump.o ABSOLUTE
    ..\src\perpherial\Src\stop.c             0x00000000   Number         0  stop.o ABSOLUTE
    ..\src\perpherial\Src\uart.c             0x00000000   Number         0  uart.o ABSOLUTE
    ..\src\user\application\app_main.c       0x00000000   Number         0  app_main.o ABSOLUTE
    ..\src\user\application\startup_stm32l051xx.s 0x00000000   Number         0  startup_stm32l051xx.o ABSOLUTE
    ..\src\user\application\stm32l0xx_hal_msp.c 0x00000000   Number         0  stm32l0xx_hal_msp.o ABSOLUTE
    ..\src\user\application\stm32l0xx_it.c   0x00000000   Number         0  stm32l0xx_it.o ABSOLUTE
    ..\src\user\application\system_stm32l0xx.c 0x00000000   Number         0  system_stm32l0xx.o ABSOLUTE
    dc.s                                     0x00000000   Number         0  dc.o ABSOLUTE
    handlers.s                               0x00000000   Number         0  handlers.o ABSOLUTE
    init.s                                   0x00000000   Number         0  init.o ABSOLUTE
    .ARM.__AT_0x08004F00                     0x08004f00   Section       24  appconfig.o(.ARM.__AT_0x08004F00)
    .constdata                               0x08004f18   Section       48  appconfig.o(.constdata)
    RESET                                    0x08005000   Section      192  startup_stm32l051xx.o(RESET)
    .ARM.Collect$$$$00000000                 0x080050c0   Section        0  entry.o(.ARM.Collect$$$$00000000)
    .ARM.Collect$$$$00000001                 0x080050c0   Section        4  entry2.o(.ARM.Collect$$$$00000001)
    .ARM.Collect$$$$00000004                 0x080050c4   Section        4  entry5.o(.ARM.Collect$$$$00000004)
    .ARM.Collect$$$$00000008                 0x080050c8   Section        0  entry7b.o(.ARM.Collect$$$$00000008)
    .ARM.Collect$$$$0000000A                 0x080050c8   Section        0  entry8b.o(.ARM.Collect$$$$0000000A)
    .ARM.Collect$$$$0000000B                 0x080050c8   Section        8  entry9a.o(.ARM.Collect$$$$0000000B)
    .ARM.Collect$$$$0000000D                 0x080050d0   Section        0  entry10a.o(.ARM.Collect$$$$0000000D)
    .ARM.Collect$$$$0000000F                 0x080050d0   Section        0  entry11a.o(.ARM.Collect$$$$0000000F)
    .ARM.Collect$$$$00002712                 0x080050d0   Section        4  entry2.o(.ARM.Collect$$$$00002712)
    __lit__00000000                          0x080050d0   Data           4  entry2.o(.ARM.Collect$$$$00002712)
    .text                                    0x080050d4   Section       36  init.o(.text)
    i.__scatterload_copy                     0x080050f8   Section       14  handlers.o(i.__scatterload_copy)
    i.__scatterload_null                     0x08005106   Section        2  handlers.o(i.__scatterload_null)
    i.__scatterload_zeroinit                 0x08005108   Section       14  handlers.o(i.__scatterload_zeroinit)
    i.delayMs                                0x08005118   Section        0  app_main.o(i.delayMs)
    i.main                                   0x08005138   Section        0  app_main.o(i.main)
    .ARM.__AT_0x08005300                     0x08005300   Section       28  bsw.o(.ARM.__AT_0x08005300)
    .text                                    0x0800531c   Section       32  startup_stm32l051xx.o(.text)
    .text                                    0x0800533c   Section        0  uidiv.o(.text)
    i.DebugMon_Handler                       0x08005368   Section        0  stm32l0xx_it.o(i.DebugMon_Handler)
    i.HAL_GetTick                            0x0800536c   Section        0  stm32l0xx_hal.o(i.HAL_GetTick)
    i.HAL_IncTick                            0x08005378   Section        0  stm32l0xx_hal.o(i.HAL_IncTick)
    i.HAL_Init                               0x08005388   Section        0  stm32l0xx_hal.o(i.HAL_Init)
    i.HAL_InitTick                           0x080053b0   Section        0  stm32l0xx_hal.o(i.HAL_InitTick)
    i.HAL_MspInit                            0x080053d2   Section        0  stm32l0xx_hal.o(i.HAL_MspInit)
    i.HAL_NVIC_SetPriority                   0x080053d4   Section        0  stm32l0xx_hal_cortex.o(i.HAL_NVIC_SetPriority)
    i.HAL_RCC_ClockConfig                    0x080053dc   Section        0  stm32l0xx_hal_rcc.o(i.HAL_RCC_ClockConfig)
    i.HAL_RCC_GetHCLKFreq                    0x080055e0   Section        0  stm32l0xx_hal_rcc.o(i.HAL_RCC_GetHCLKFreq)
    i.HAL_RCC_GetOscConfig                   0x08005608   Section        0  stm32l0xx_hal_rcc.o(i.HAL_RCC_GetOscConfig)
    i.HAL_RCC_GetSysClockFreq                0x080056bc   Section        0  stm32l0xx_hal_rcc.o(i.HAL_RCC_GetSysClockFreq)
    i.HAL_RCC_OscConfig                      0x08005740   Section        0  stm32l0xx_hal_rcc.o(i.HAL_RCC_OscConfig)
    i.HAL_RTCEx_WakeUpTimerEventCallback     0x08005af4   Section        0  stop.o(i.HAL_RTCEx_WakeUpTimerEventCallback)
    i.HAL_RTCEx_WakeUpTimerIRQHandler        0x08005b04   Section        0  stm32l0xx_hal_rtc_ex.o(i.HAL_RTCEx_WakeUpTimerIRQHandler)
    i.HAL_SYSTICK_Config                     0x08005b3c   Section        0  stm32l0xx_hal_cortex.o(i.HAL_SYSTICK_Config)
    i.HalInit                                0x08005b6c   Section        0  bsw.o(i.HalInit)
    i.HardFault_Handler                      0x08005b74   Section        0  stm32l0xx_it.o(i.HardFault_Handler)
    i.InitUart1                              0x08005b78   Section        0  uart.o(i.InitUart1)
    i.NMI_Handler                            0x08005bf0   Section        0  stm32l0xx_it.o(i.NMI_Handler)
    i.NVIC_DisableIRQ                        0x08005bf4   Section        0  uart.o(i.NVIC_DisableIRQ)
    NVIC_DisableIRQ                          0x08005bf5   Thumb Code    18  uart.o(i.NVIC_DisableIRQ)
    i.NVIC_SetPriority                       0x08005c0c   Section        0  stm32l0xx_hal_cortex.o(i.NVIC_SetPriority)
    NVIC_SetPriority                         0x08005c0d   Thumb Code    60  stm32l0xx_hal_cortex.o(i.NVIC_SetPriority)
    i.PendSV_Handler                         0x08005c50   Section        0  stm32l0xx_it.o(i.PendSV_Handler)
    i.RTC_IRQHandler                         0x08005c52   Section        0  stm32l0xx_it.o(i.RTC_IRQHandler)
    i.SVC_Handler                            0x08005c5a   Section        0  stm32l0xx_it.o(i.SVC_Handler)
    i.SysTick_Handler                        0x08005c5c   Section        0  stm32l0xx_it.o(i.SysTick_Handler)
    i.SystemInit                             0x08005c64   Section        0  system_stm32l0xx.o(i.SystemInit)
    i.USART1_IRQHandler                      0x08005cbc   Section        0  uart.o(i.USART1_IRQHandler)
    i.clkConfig                              0x08005d28   Section        0  clock.o(i.clkConfig)
    i.uartReceive_Pkt                        0x08005d90   Section        0  uart.o(i.uartReceive_Pkt)
    i.uartSendString                         0x08005dd4   Section        0  uart.o(i.uartSendString)
    i.uartSend_IT                            0x08005e10   Section        0  uart.o(i.uartSend_IT)
    i.wakeUpTimeIRQHandler                   0x08005e40   Section        0  stop.o(i.wakeUpTimeIRQHandler)
    .constdata                               0x08005e50   Section       25  stm32l0xx_hal_rcc.o(.constdata)
    PLLMulTable                              0x08005e50   Data           9  stm32l0xx_hal_rcc.o(.constdata)
    APBAHBPrescTable                         0x08005e59   Data          16  stm32l0xx_hal_rcc.o(.constdata)
    .ARM.__AT_0x08006300                     0x08006300   Section       16  led.o(.ARM.__AT_0x08006300)
    i.ledInit                                0x08006310   Section        0  led.o(i.ledInit)
    i.ledOff                                 0x0800634c   Section        0  led.o(i.ledOff)
    i.ledOn                                  0x08006358   Section        0  led.o(i.ledOn)
    i.ledToggle                              0x08006364   Section        0  led.o(i.ledToggle)
    .data                                    0x20000000   Section       12  app_main.o(.data)
    .data                                    0x20000100   Section        4  stm32l0xx_hal.o(.data)
    uwTick                                   0x20000100   Data           4  stm32l0xx_hal.o(.data)
    .data                                    0x20000104   Section       28  uart.o(.data)
    .data                                    0x20000120   Section       29  system_stm32l0xx.o(.data)
    .bss                                     0x20000140   Section       36  stop.o(.bss)
    STACK                                    0x20000168   Section     1024  startup_stm32l051xx.o(STACK)

    Global Symbols

    Symbol Name                              Value     Ov Type        Size  Object(Section)

    BuildAttributes$$THM_ISAv3M$S$PE$A:L22$X:L11$S22$IEEE1$IW$USESV6$~STKCKD$USESV7$~SHL$OSPACE$EBA8$MICROLIB$REQ8$PRES8$EABIv2 0x00000000   Number         0  anon$$obj.o ABSOLUTE
    __ARM_use_no_argv                        0x00000000   Number         0  app_main.o ABSOLUTE
    __cpp_initialize__aeabi_                  - Undefined Weak Reference
    __cxa_finalize                            - Undefined Weak Reference
    __decompress                              - Undefined Weak Reference
    _clock_init                               - Undefined Weak Reference
    _microlib_exit                            - Undefined Weak Reference
    __Vectors_Size                           0x000000c0   Number         0  startup_stm32l051xx.o ABSOLUTE
    desc                                     0x08004f00   Data          24  appconfig.o(.ARM.__AT_0x08004F00)
    moduleTab                                0x08004f18   Data          48  appconfig.o(.constdata)
    __Vectors                                0x08005000   Data           4  startup_stm32l051xx.o(RESET)
    __Vectors_End                            0x080050c0   Data           0  startup_stm32l051xx.o(RESET)
    __main                                   0x080050c1   Thumb Code     0  entry.o(.ARM.Collect$$$$00000000)
    _main_stk                                0x080050c1   Thumb Code     0  entry2.o(.ARM.Collect$$$$00000001)
    _main_scatterload                        0x080050c5   Thumb Code     0  entry5.o(.ARM.Collect$$$$00000004)
    __main_after_scatterload                 0x080050c9   Thumb Code     0  entry5.o(.ARM.Collect$$$$00000004)
    _main_clock                              0x080050c9   Thumb Code     0  entry7b.o(.ARM.Collect$$$$00000008)
    _main_cpp_init                           0x080050c9   Thumb Code     0  entry8b.o(.ARM.Collect$$$$0000000A)
    _main_init                               0x080050c9   Thumb Code     0  entry9a.o(.ARM.Collect$$$$0000000B)
    __rt_final_cpp                           0x080050d1   Thumb Code     0  entry10a.o(.ARM.Collect$$$$0000000D)
    __rt_final_exit                          0x080050d1   Thumb Code     0  entry11a.o(.ARM.Collect$$$$0000000F)
    __scatterload                            0x080050d5   Thumb Code    28  init.o(.text)
    __scatterload_rt2                        0x080050d5   Thumb Code     0  init.o(.text)
    __scatterload_copy                       0x080050f9   Thumb Code    14  handlers.o(i.__scatterload_copy)
    __scatterload_null                       0x08005107   Thumb Code     2  handlers.o(i.__scatterload_null)
    __scatterload_zeroinit                   0x08005109   Thumb Code    14  handlers.o(i.__scatterload_zeroinit)
    delayMs                                  0x08005119   Thumb Code    28  app_main.o(i.delayMs)
    main                                     0x08005139   Thumb Code    86  app_main.o(i.main)
    Region$$Table$$Base                      0x08005194   Number         0  anon$$obj.o(Region$$Table)
    Region$$Table$$Limit                     0x080051c4   Number         0  anon$$obj.o(Region$$Table)
    Bsw                                      0x08005300   Data          28  bsw.o(.ARM.__AT_0x08005300)
    Reset_Handler                            0x0800531d   Thumb Code     8  startup_stm32l051xx.o(.text)
    ADC1_COMP_IRQHandler                     0x08005331   Thumb Code     0  startup_stm32l051xx.o(.text)
    DMA1_Channel1_IRQHandler                 0x08005331   Thumb Code     0  startup_stm32l051xx.o(.text)
    DMA1_Channel2_3_IRQHandler               0x08005331   Thumb Code     0  startup_stm32l051xx.o(.text)
    DMA1_Channel4_5_6_7_IRQHandler           0x08005331   Thumb Code     0  startup_stm32l051xx.o(.text)
    EXTI0_1_IRQHandler                       0x08005331   Thumb Code     0  startup_stm32l051xx.o(.text)
    EXTI2_3_IRQHandler                       0x08005331   Thumb Code     0  startup_stm32l051xx.o(.text)
    EXTI4_15_IRQHandler                      0x08005331   Thumb Code     0  startup_stm32l051xx.o(.text)
    FLASH_IRQHandler                         0x08005331   Thumb Code     0  startup_stm32l051xx.o(.text)
    I2C1_IRQHandler                          0x08005331   Thumb Code     0  startup_stm32l051xx.o(.text)
    I2C2_IRQHandler                          0x08005331   Thumb Code     0  startup_stm32l051xx.o(.text)
    LPTIM1_IRQHandler                        0x08005331   Thumb Code     0  startup_stm32l051xx.o(.text)
    LPUART1_IRQHandler                       0x08005331   Thumb Code     0  startup_stm32l051xx.o(.text)
    PVD_IRQHandler                           0x08005331   Thumb Code     0  startup_stm32l051xx.o(.text)
    RCC_IRQHandler                           0x08005331   Thumb Code     0  startup_stm32l051xx.o(.text)
    SPI1_IRQHandler                          0x08005331   Thumb Code     0  startup_stm32l051xx.o(.text)
    SPI2_IRQHandler                          0x08005331   Thumb Code     0  startup_stm32l051xx.o(.text)
    TIM21_IRQHandler                         0x08005331   Thumb Code     0  startup_stm32l051xx.o(.text)
    TIM22_IRQHandler                         0x08005331   Thumb Code     0  startup_stm32l051xx.o(.text)
    TIM2_IRQHandler                          0x08005331   Thumb Code     0  startup_stm32l051xx.o(.text)
    TIM6_IRQHandler                          0x08005331   Thumb Code     0  startup_stm32l051xx.o(.text)
    USART2_IRQHandler                        0x08005331   Thumb Code     0  startup_stm32l051xx.o(.text)
    WWDG_IRQHandler                          0x08005331   Thumb Code     0  startup_stm32l051xx.o(.text)
    __aeabi_uidiv                            0x0800533d   Thumb Code     0  uidiv.o(.text)
    __aeabi_uidivmod                         0x0800533d   Thumb Code    44  uidiv.o(.text)
    DebugMon_Handler                         0x08005369   Thumb Code     2  stm32l0xx_it.o(i.DebugMon_Handler)
    HAL_GetTick                              0x0800536d   Thumb Code     6  stm32l0xx_hal.o(i.HAL_GetTick)
    HAL_IncTick                              0x08005379   Thumb Code    10  stm32l0xx_hal.o(i.HAL_IncTick)
    HAL_Init                                 0x08005389   Thumb Code    34  stm32l0xx_hal.o(i.HAL_Init)
    HAL_InitTick                             0x080053b1   Thumb Code    34  stm32l0xx_hal.o(i.HAL_InitTick)
    HAL_MspInit                              0x080053d3   Thumb Code     2  stm32l0xx_hal.o(i.HAL_MspInit)
    HAL_NVIC_SetPriority                     0x080053d5   Thumb Code     8  stm32l0xx_hal_cortex.o(i.HAL_NVIC_SetPriority)
    HAL_RCC_ClockConfig                      0x080053dd   Thumb Code   502  stm32l0xx_hal_rcc.o(i.HAL_RCC_ClockConfig)
    HAL_RCC_GetHCLKFreq                      0x080055e1   Thumb Code    26  stm32l0xx_hal_rcc.o(i.HAL_RCC_GetHCLKFreq)
    HAL_RCC_GetOscConfig                     0x08005609   Thumb Code   174  stm32l0xx_hal_rcc.o(i.HAL_RCC_GetOscConfig)
    HAL_RCC_GetSysClockFreq                  0x080056bd   Thumb Code   108  stm32l0xx_hal_rcc.o(i.HAL_RCC_GetSysClockFreq)
    HAL_RCC_OscConfig                        0x08005741   Thumb Code   928  stm32l0xx_hal_rcc.o(i.HAL_RCC_OscConfig)
    HAL_RTCEx_WakeUpTimerEventCallback       0x08005af5   Thumb Code    12  stop.o(i.HAL_RTCEx_WakeUpTimerEventCallback)
    HAL_RTCEx_WakeUpTimerIRQHandler          0x08005b05   Thumb Code    48  stm32l0xx_hal_rtc_ex.o(i.HAL_RTCEx_WakeUpTimerIRQHandler)
    HAL_SYSTICK_Config                       0x08005b3d   Thumb Code    38  stm32l0xx_hal_cortex.o(i.HAL_SYSTICK_Config)
    HalInit                                  0x08005b6d   Thumb Code     8  bsw.o(i.HalInit)
    HardFault_Handler                        0x08005b75   Thumb Code     2  stm32l0xx_it.o(i.HardFault_Handler)
    InitUart1                                0x08005b79   Thumb Code   102  uart.o(i.InitUart1)
    NMI_Handler                              0x08005bf1   Thumb Code     2  stm32l0xx_it.o(i.NMI_Handler)
    PendSV_Handler                           0x08005c51   Thumb Code     2  stm32l0xx_it.o(i.PendSV_Handler)
    RTC_IRQHandler                           0x08005c53   Thumb Code     8  stm32l0xx_it.o(i.RTC_IRQHandler)
    SVC_Handler                              0x08005c5b   Thumb Code     2  stm32l0xx_it.o(i.SVC_Handler)
    SysTick_Handler                          0x08005c5d   Thumb Code     8  stm32l0xx_it.o(i.SysTick_Handler)
    SystemInit                               0x08005c65   Thumb Code    66  system_stm32l0xx.o(i.SystemInit)
    USART1_IRQHandler                        0x08005cbd   Thumb Code   100  uart.o(i.USART1_IRQHandler)
    clkConfig                                0x08005d29   Thumb Code    96  clock.o(i.clkConfig)
    uartReceive_Pkt                          0x08005d91   Thumb Code    64  uart.o(i.uartReceive_Pkt)
    uartSendString                           0x08005dd5   Thumb Code    50  uart.o(i.uartSendString)
    uartSend_IT                              0x08005e11   Thumb Code    40  uart.o(i.uartSend_IT)
    wakeUpTimeIRQHandler                     0x08005e41   Thumb Code    10  stop.o(i.wakeUpTimeIRQHandler)
    Led                                      0x08006300   Data          16  led.o(.ARM.__AT_0x08006300)
    ledInit                                  0x08006311   Thumb Code    50  led.o(i.ledInit)
    ledOff                                   0x0800634d   Thumb Code     8  led.o(i.ledOff)
    ledOn                                    0x08006359   Thumb Code     8  led.o(i.ledOn)
    ledToggle                                0x08006365   Thumb Code    12  led.o(i.ledToggle)
    desc_t                                   0x20000000   Data           4  app_main.o(.data)
    bsw                                      0x20000004   Data           4  app_main.o(.data)
    led                                      0x20000008   Data           4  app_main.o(.data)
    RxFlag                                   0x20000104   Data           1  uart.o(.data)
    TxFlag                                   0x20000105   Data           1  uart.o(.data)
    Err                                      0x20000106   Data           1  uart.o(.data)
    pRX                                      0x20000108   Data           4  uart.o(.data)
    pTX                                      0x2000010c   Data           4  uart.o(.data)
    RxCnt                                    0x20000110   Data           4  uart.o(.data)
    RxTick                                   0x20000114   Data           4  uart.o(.data)
    TxCnt                                    0x20000118   Data           4  uart.o(.data)
    TxNum                                    0x2000011c   Data           4  uart.o(.data)
    SystemCoreClock                          0x20000120   Data           4  system_stm32l0xx.o(.data)
    AHBPrescTable                            0x20000124   Data          16  system_stm32l0xx.o(.data)
    PLLMulTable                              0x20000134   Data           9  system_stm32l0xx.o(.data)
    RtcHandle                                0x20000140   Data          36  stop.o(.bss)
    __initial_sp                             0x20000568   Data           0  startup_stm32l051xx.o(STACK)



==============================================================================

Memory Map of the image

  Image Entry point : 0x080050c1

  Load Region DESC_LROM (Base: 0x08004f00, Size: 0x00000048, Max: 0x00000100, ABSOLUTE)

    Execution Region DESC_EROM (Base: 0x08004f00, Size: 0x00000048, Max: 0x00000100, ABSOLUTE)

    Base Addr    Size         Type   Attr      Idx    E Section Name        Object

    0x08004f00   0x00000018   Data   RO         1545    .ARM.__AT_0x08004F00  appconfig.o
    0x08004f18   0x00000030   Data   RO         1546    .constdata          appconfig.o



  Load Region INIT_ROM (Base: 0x08005000, Size: 0x000001d0, Max: 0x00000300, ABSOLUTE)

    Execution Region INIT_EROM (Base: 0x08005000, Size: 0x000001c4, Max: 0x00000300, ABSOLUTE)

    Base Addr    Size         Type   Attr      Idx    E Section Name        Object

    0x08005000   0x000000c0   Data   RO         1540    RESET               startup_stm32l051xx.o
    0x080050c0   0x00000000   Code   RO         1619  * .ARM.Collect$$$$00000000  mc_p.l(entry.o)
    0x080050c0   0x00000004   Code   RO         1624    .ARM.Collect$$$$00000001  mc_p.l(entry2.o)
    0x080050c4   0x00000004   Code   RO         1627    .ARM.Collect$$$$00000004  mc_p.l(entry5.o)
    0x080050c8   0x00000000   Code   RO         1629    .ARM.Collect$$$$00000008  mc_p.l(entry7b.o)
    0x080050c8   0x00000000   Code   RO         1631    .ARM.Collect$$$$0000000A  mc_p.l(entry8b.o)
    0x080050c8   0x00000008   Code   RO         1632    .ARM.Collect$$$$0000000B  mc_p.l(entry9a.o)
    0x080050d0   0x00000000   Code   RO         1634    .ARM.Collect$$$$0000000D  mc_p.l(entry10a.o)
    0x080050d0   0x00000000   Code   RO         1636    .ARM.Collect$$$$0000000F  mc_p.l(entry11a.o)
    0x080050d0   0x00000004   Code   RO         1625    .ARM.Collect$$$$00002712  mc_p.l(entry2.o)
    0x080050d4   0x00000024   Code   RO         1638    .text               mc_p.l(init.o)
    0x080050f8   0x0000000e   Code   RO         1642    i.__scatterload_copy  mc_p.l(handlers.o)
    0x08005106   0x00000002   Code   RO         1643    i.__scatterload_null  mc_p.l(handlers.o)
    0x08005108   0x0000000e   Code   RO         1644    i.__scatterload_zeroinit  mc_p.l(handlers.o)
    0x08005116   0x00000002   PAD
    0x08005118   0x00000020   Code   RO         1378    i.delayMs           app_main.o
    0x08005138   0x0000005c   Code   RO         1379    i.main              app_main.o
    0x08005194   0x00000030   Data   RO         1640    Region$$Table       anon$$obj.o


    Execution Region INIT_ERAM (Base: 0x20000000, Size: 0x0000000c, Max: 0x00000100, ABSOLUTE)

    Base Addr    Size         Type   Attr      Idx    E Section Name        Object

    0x20000000   0x0000000c   Data   RW         1382    .data               app_main.o



  Load Region BSW_LROM (Base: 0x08005300, Size: 0x00000bac, Max: 0x00001000, ABSOLUTE)

    Execution Region BSW_EROM (Base: 0x08005300, Size: 0x00000b6c, Max: 0x00001000, ABSOLUTE)

    Base Addr    Size         Type   Attr      Idx    E Section Name        Object

    0x08005300   0x0000001c   Data   RO         1599    .ARM.__AT_0x08005300  bsw.o
    0x0800531c   0x00000020   Code   RO         1541    .text               startup_stm32l051xx.o
    0x0800533c   0x0000002c   Code   RO         1622    .text               mc_p.l(uidiv.o)
    0x08005368   0x00000002   Code   RO         1449    i.DebugMon_Handler  stm32l0xx_it.o
    0x0800536a   0x00000002   PAD
    0x0800536c   0x0000000c   Code   RO           16    i.HAL_GetTick       stm32l0xx_hal.o
    0x08005378   0x00000010   Code   RO           17    i.HAL_IncTick       stm32l0xx_hal.o
    0x08005388   0x00000028   Code   RO           18    i.HAL_Init          stm32l0xx_hal.o
    0x080053b0   0x00000022   Code   RO           19    i.HAL_InitTick      stm32l0xx_hal.o
    0x080053d2   0x00000002   Code   RO           21    i.HAL_MspInit       stm32l0xx_hal.o
    0x080053d4   0x00000008   Code   RO          293    i.HAL_NVIC_SetPriority  stm32l0xx_hal_cortex.o
    0x080053dc   0x00000204   Code   RO          688    i.HAL_RCC_ClockConfig  stm32l0xx_hal_rcc.o
    0x080055e0   0x00000028   Code   RO          692    i.HAL_RCC_GetHCLKFreq  stm32l0xx_hal_rcc.o
    0x08005608   0x000000b4   Code   RO          693    i.HAL_RCC_GetOscConfig  stm32l0xx_hal_rcc.o
    0x080056bc   0x00000084   Code   RO          696    i.HAL_RCC_GetSysClockFreq  stm32l0xx_hal_rcc.o
    0x08005740   0x000003b4   Code   RO          699    i.HAL_RCC_OscConfig  stm32l0xx_hal_rcc.o
    0x08005af4   0x00000010   Code   RO         1217    i.HAL_RTCEx_WakeUpTimerEventCallback  stop.o
    0x08005b04   0x00000038   Code   RO         1014    i.HAL_RTCEx_WakeUpTimerIRQHandler  stm32l0xx_hal_rtc_ex.o
    0x08005b3c   0x00000030   Code   RO          297    i.HAL_SYSTICK_Config  stm32l0xx_hal_cortex.o
    0x08005b6c   0x00000008   Code   RO         1598    i.HalInit           bsw.o
    0x08005b74   0x00000002   Code   RO         1450    i.HardFault_Handler  stm32l0xx_it.o
    0x08005b76   0x00000002   PAD
    0x08005b78   0x00000078   Code   RO         1286    i.InitUart1         uart.o
    0x08005bf0   0x00000002   Code   RO         1451    i.NMI_Handler       stm32l0xx_it.o
    0x08005bf2   0x00000002   PAD
    0x08005bf4   0x00000018   Code   RO         1287    i.NVIC_DisableIRQ   uart.o
    0x08005c0c   0x00000044   Code   RO          299    i.NVIC_SetPriority  stm32l0xx_hal_cortex.o
    0x08005c50   0x00000002   Code   RO         1452    i.PendSV_Handler    stm32l0xx_it.o
    0x08005c52   0x00000008   Code   RO         1453    i.RTC_IRQHandler    stm32l0xx_it.o
    0x08005c5a   0x00000002   Code   RO         1454    i.SVC_Handler       stm32l0xx_it.o
    0x08005c5c   0x00000008   Code   RO         1455    i.SysTick_Handler   stm32l0xx_it.o
    0x08005c64   0x00000058   Code   RO         1509    i.SystemInit        system_stm32l0xx.o
    0x08005cbc   0x0000006c   Code   RO         1288    i.USART1_IRQHandler  uart.o
    0x08005d28   0x00000068   Code   RO         1194    i.clkConfig         clock.o
    0x08005d90   0x00000044   Code   RO         1289    i.uartReceive_Pkt   uart.o
    0x08005dd4   0x0000003c   Code   RO         1290    i.uartSendString    uart.o
    0x08005e10   0x00000030   Code   RO         1291    i.uartSend_IT       uart.o
    0x08005e40   0x00000010   Code   RO         1224    i.wakeUpTimeIRQHandler  stop.o
    0x08005e50   0x00000019   Data   RO          700    .constdata          stm32l0xx_hal_rcc.o


    Execution Region BSW_ERAM (Base: 0x20000100, Size: 0x00000468, Max: 0x00000f00, ABSOLUTE)

    Base Addr    Size         Type   Attr      Idx    E Section Name        Object

    0x20000100   0x00000004   Data   RW           30    .data               stm32l0xx_hal.o
    0x20000104   0x0000001c   Data   RW         1292    .data               uart.o
    0x20000120   0x0000001d   Data   RW         1510    .data               system_stm32l0xx.o
    0x2000013d   0x00000003   PAD
    0x20000140   0x00000024   Zero   RW         1225    .bss                stop.o
    0x20000164   0x00000004   PAD
    0x20000168   0x00000400   Zero   RW         1538    STACK               startup_stm32l051xx.o



  Load Region LED_LROM (Base: 0x08006300, Size: 0x00000074, Max: 0x00000100, ABSOLUTE)

    Execution Region LED_EROM (Base: 0x08006300, Size: 0x00000074, Max: 0x00000100, ABSOLUTE)

    Base Addr    Size         Type   Attr      Idx    E Section Name        Object

    0x08006300   0x00000010   Data   RO         1561    .ARM.__AT_0x08006300  led.o
    0x08006310   0x0000003c   Code   RO         1557    i.ledInit           led.o
    0x0800634c   0x0000000c   Code   RO         1558    i.ledOff            led.o
    0x08006358   0x0000000c   Code   RO         1559    i.ledOn             led.o
    0x08006364   0x00000010   Code   RO         1560    i.ledToggle         led.o


==============================================================================

Image component sizes


      Code (inc. data)   RO Data    RW Data    ZI Data      Debug   Object Name

       124         10          0         12          0       3318   app_main.o
         0          0         72          0          0        545   appconfig.o
         8          0         28          0          0        856   bsw.o
       104          8          0          0          0        572   clock.o
       100         22         16          0          0       2021   led.o
        32         10        192          0       1024        660   startup_stm32l051xx.o
       104         18          0          4          0     154332   stm32l0xx_hal.o
       124         18          0          0          0      10132   stm32l0xx_hal_cortex.o
      1816         78         25          0          0       5737   stm32l0xx_hal_rcc.o
        56          8          0          0          0        898   stm32l0xx_hal_rtc_ex.o
        26          0          0          0          0       2967   stm32l0xx_it.o
        32         10          0          0         36       1372   stop.o
        88         22          0         29          0       1217   system_stm32l0xx.o
       428         54          0         28          0      12282   uart.o

    ----------------------------------------------------------------------
      3048        258        384         76       1064     196909   Object Totals
         0          0         48          0          0          0   (incl. Generated)
         6          0          3          3          4          0   (incl. Padding)

    ----------------------------------------------------------------------

      Code (inc. data)   RO Data    RW Data    ZI Data      Debug   Library Member Name

         0          0          0          0          0          0   entry.o
         0          0          0          0          0          0   entry10a.o
         0          0          0          0          0          0   entry11a.o
         8          4          0          0          0          0   entry2.o
         4          0          0          0          0          0   entry5.o
         0          0          0          0          0          0   entry7b.o
         0          0          0          0          0          0   entry8b.o
         8          4          0          0          0          0   entry9a.o
        30          0          0          0          0          0   handlers.o
        36          8          0          0          0         68   init.o
        44          0          0          0          0         72   uidiv.o

    ----------------------------------------------------------------------
       132         16          0          0          0        140   Library Totals
         2          0          0          0          0          0   (incl. Padding)

    ----------------------------------------------------------------------

      Code (inc. data)   RO Data    RW Data    ZI Data      Debug   Library Name

       130         16          0          0          0        140   mc_p.l

    ----------------------------------------------------------------------
       132         16          0          0          0        140   Library Totals

    ----------------------------------------------------------------------

==============================================================================


      Code (inc. data)   RO Data    RW Data    ZI Data      Debug   

      3180        274        384         76       1064     195705   Grand Totals
      3180        274        384         76       1064     195705   ELF Image Totals
      3180        274        384         76          0          0   ROM Totals

==============================================================================

    Total RO  Size (Code + RO Data)                 3564 (   3.48kB)
    Total RW  Size (RW Data + ZI Data)              1140 (   1.11kB)
    Total ROM Size (Code + RO Data + RW Data)       3640 (   3.55kB)

==============================================================================

