<html>
<body>
<pre>
<h1>µVision Build Log</h1>
<h2>Tool Versions:</h2>
IDE-Version: ¦ÌVision V5.20.0.0
Copyright (C) 2016 ARM Ltd and ARM Germany GmbH. All rights reserved.
License Information: yan zeyu, easylinkin, LIC=0VR63-AQQ8W-HPUZN-YV16I-TV5YE-BT1HZ
 
Tool Versions:
Toolchain:       MDK-ARM Professional  Version: 5.20
Toolchain Path:  C:\Keil_v5\ARM\ARMCC\Bin
C Compiler:      Armcc.exe V5.06 update 2 (build 183)
Assembler:       Armasm.exe V5.06 update 2 (build 183)
Linker/Locator:  ArmLink.exe V5.06 update 2 (build 183)
Library Manager: ArmAr.exe V5.06 update 2 (build 183)
Hex Converter:   FromElf.exe V5.06 update 2 (build 183)
CPU DLL:         SARMCM3.DLL V5.20
Dialog DLL:      DARMCM1.DLL V1.14.0.0
Target DLL:      STLink\ST-LINKIII-KEIL_SWO.dll V2.0.18.0
Dialog DLL:      TARMCM1.DLL V1.10.0.0
 
<h2>Project:</h2>
D:\GitHub\sctby-upgrade\MDK-ARM\bootloader.uvprojx
Project File Date:  09/18/2016

<h2>Output:</h2>
*** Using Compiler 'V5.06 update 2 (build 183)', folder: 'C:\Keil_v5\ARM\ARMCC\Bin'
Build target 'bootloader'
compiling ota.c...
..\src\xmodem\ota.c(51): warning:  #550-D: variable "IsOtaStart" was set but never used
  static OtaBool IsOtaStart;
..\src\xmodem\ota.c(52): warning:  #177-D: variable "MaxOtaTime" was declared but never referenced
  static uint32_t MaxOtaTime = 0xff000;
..\src\xmodem\ota.c(59): warning:  #177-D: variable "SleepTick" was declared but never referenced
  static uint32_t SleepTick;
..\src\xmodem\ota.c: 3 warnings, 0 errors
linking...
Program Size: Code=4552 RO-data=252 RW-data=120 ZI-data=1080  
FromELF: creating hex file...
".\boot_obj\bootloader.axf" - 0 Error(s), 3 Warning(s).

<h2>Software Packages used:</h2>

Package Vendor: ARM
                http://www.keil.com/pack/ARM.CMSIS.5.0.0-Beta4.pack
                ARM::CMSIS:CORE:5.0.0
                CMSIS (Cortex Microcontroller Software Interface Standard)
   * Component: CORE Version: 5.0.0

<h2>Collection of Component include folders:</h2>
  D:\GitHub\sctby-upgrade\MDK-ARM\RTE
  C:\Keil_v5\ARM\PACK\ARM\CMSIS\5.0.0-Beta4\CMSIS\Include
  C:\Keil_v5\ARM\PACK\Keil\STM32L0xx_DFP\1.5.0\Device\Include

<h2>Collection of Component Files used:</h2>

   * Component: ARM::CMSIS:CORE:5.0.0
Build Time Elapsed:  00:00:01
</pre>
</body>
</html>
