Component: ARM Compiler 5.06 update 2 (build 183) Tool: armlink [4d35b7]

==============================================================================

Section Cross References

    stm32l0xx_hal.o(i.HAL_DeInit) refers to stm32l0xx_hal_msp_template.o(i.HAL_MspDeInit) for HAL_MspDeInit
    stm32l0xx_hal.o(i.HAL_Delay) refers to stm32l0xx_hal.o(i.HAL_GetTick) for HAL_GetTick
    stm32l0xx_hal.o(i.HAL_GetTick) refers to stm32l0xx_hal.o(.data) for .data
    stm32l0xx_hal.o(i.HAL_IncTick) refers to stm32l0xx_hal.o(.data) for .data
    stm32l0xx_hal.o(i.HAL_Init) refers to stm32l0xx_hal.o(i.HAL_InitTick) for HAL_InitTick
    stm32l0xx_hal.o(i.HAL_Init) refers to stm32l0xx_hal_msp_template.o(i.HAL_MspInit) for HAL_MspInit
    stm32l0xx_hal.o(i.HAL_InitTick) refers to stm32l0xx_hal_rcc.o(i.HAL_RCC_GetHCLKFreq) for HAL_RCC_GetHCLKFreq
    stm32l0xx_hal.o(i.HAL_InitTick) refers to uidiv.o(.text) for __aeabi_uidivmod
    stm32l0xx_hal.o(i.HAL_InitTick) refers to stm32l0xx_hal_cortex.o(i.HAL_SYSTICK_Config) for HAL_SYSTICK_Config
    stm32l0xx_hal.o(i.HAL_InitTick) refers to stm32l0xx_hal_cortex.o(i.HAL_NVIC_SetPriority) for HAL_NVIC_SetPriority
    stm32l0xx_hal_cortex.o(i.HAL_NVIC_SetPriority) refers to stm32l0xx_hal_cortex.o(i.NVIC_SetPriority) for NVIC_SetPriority
    stm32l0xx_hal_cortex.o(i.HAL_SYSTICK_Config) refers to stm32l0xx_hal_cortex.o(i.NVIC_SetPriority) for NVIC_SetPriority
    stm32l0xx_hal_cortex.o(i.HAL_SYSTICK_IRQHandler) refers to stm32l0xx_hal_cortex.o(i.HAL_SYSTICK_Callback) for HAL_SYSTICK_Callback
    stm32l0xx_hal_crc.o(i.CRC_Handle_16) refers to uread4.o(.text) for __aeabi_uread4
    stm32l0xx_hal_crc.o(i.CRC_Handle_8) refers to uread4.o(.text) for __aeabi_uread4
    stm32l0xx_hal_crc.o(i.HAL_CRC_Accumulate) refers to stm32l0xx_hal_crc.o(i.CRC_Handle_8) for CRC_Handle_8
    stm32l0xx_hal_crc.o(i.HAL_CRC_Accumulate) refers to stm32l0xx_hal_crc.o(i.CRC_Handle_16) for CRC_Handle_16
    stm32l0xx_hal_crc.o(i.HAL_CRC_Calculate) refers to stm32l0xx_hal_crc.o(i.CRC_Handle_8) for CRC_Handle_8
    stm32l0xx_hal_crc.o(i.HAL_CRC_Calculate) refers to stm32l0xx_hal_crc.o(i.CRC_Handle_16) for CRC_Handle_16
    stm32l0xx_hal_crc.o(i.HAL_CRC_DeInit) refers to crc.o(i.HAL_CRC_MspDeInit) for HAL_CRC_MspDeInit
    stm32l0xx_hal_crc.o(i.HAL_CRC_Init) refers to crc.o(i.HAL_CRC_MspInit) for HAL_CRC_MspInit
    stm32l0xx_hal_crc.o(i.HAL_CRC_Init) refers to stm32l0xx_hal_crc_ex.o(i.HAL_CRCEx_Polynomial_Set) for HAL_CRCEx_Polynomial_Set
    stm32l0xx_hal_dma.o(i.HAL_DMA_Abort) refers to stm32l0xx_hal.o(i.HAL_GetTick) for HAL_GetTick
    stm32l0xx_hal_dma.o(i.HAL_DMA_PollForTransfer) refers to stm32l0xx_hal.o(i.HAL_GetTick) for HAL_GetTick
    stm32l0xx_hal_dma.o(i.HAL_DMA_Start) refers to stm32l0xx_hal_dma.o(i.DMA_SetConfig) for DMA_SetConfig
    stm32l0xx_hal_dma.o(i.HAL_DMA_Start_IT) refers to stm32l0xx_hal_dma.o(i.DMA_SetConfig) for DMA_SetConfig
    stm32l0xx_hal_flash.o(i.FLASH_ErasePage) refers to stm32l0xx_hal_flash.o(.bss) for .bss
    stm32l0xx_hal_flash.o(i.FLASH_SetErrorCode) refers to stm32l0xx_hal_flash.o(.bss) for .bss
    stm32l0xx_hal_flash.o(i.FLASH_WaitForLastOperation) refers to stm32l0xx_hal.o(i.HAL_GetTick) for HAL_GetTick
    stm32l0xx_hal_flash.o(i.FLASH_WaitForLastOperation) refers to stm32l0xx_hal_flash.o(i.FLASH_SetErrorCode) for FLASH_SetErrorCode
    stm32l0xx_hal_flash.o(i.HAL_FLASH_GetError) refers to stm32l0xx_hal_flash.o(.bss) for .bss
    stm32l0xx_hal_flash.o(i.HAL_FLASH_IRQHandler) refers to stm32l0xx_hal_flash.o(i.FLASH_SetErrorCode) for FLASH_SetErrorCode
    stm32l0xx_hal_flash.o(i.HAL_FLASH_IRQHandler) refers to stm32l0xx_hal_flash.o(i.HAL_FLASH_OperationErrorCallback) for HAL_FLASH_OperationErrorCallback
    stm32l0xx_hal_flash.o(i.HAL_FLASH_IRQHandler) refers to stm32l0xx_hal_flash.o(i.HAL_FLASH_EndOfOperationCallback) for HAL_FLASH_EndOfOperationCallback
    stm32l0xx_hal_flash.o(i.HAL_FLASH_IRQHandler) refers to stm32l0xx_hal_flash.o(i.FLASH_ErasePage) for FLASH_ErasePage
    stm32l0xx_hal_flash.o(i.HAL_FLASH_IRQHandler) refers to stm32l0xx_hal_flash.o(.bss) for .bss
    stm32l0xx_hal_flash.o(i.HAL_FLASH_OB_Launch) refers to stm32l0xx_hal_flash.o(i.FLASH_WaitForLastOperation) for FLASH_WaitForLastOperation
    stm32l0xx_hal_flash.o(i.HAL_FLASH_OB_Launch) refers to stm32l0xx_hal_flash.o(.bss) for .bss
    stm32l0xx_hal_flash.o(i.HAL_FLASH_Program) refers to stm32l0xx_hal_flash.o(i.FLASH_WaitForLastOperation) for FLASH_WaitForLastOperation
    stm32l0xx_hal_flash.o(i.HAL_FLASH_Program) refers to stm32l0xx_hal_flash.o(.bss) for .bss
    stm32l0xx_hal_flash.o(i.HAL_FLASH_Program_IT) refers to stm32l0xx_hal_flash.o(i.FLASH_WaitForLastOperation) for FLASH_WaitForLastOperation
    stm32l0xx_hal_flash.o(i.HAL_FLASH_Program_IT) refers to stm32l0xx_hal_flash.o(.bss) for .bss
    stm32l0xx_hal_flash_ex.o(i.FLASH_OB_PCROPSelectionConfig) refers to stm32l0xx_hal_flash.o(i.FLASH_WaitForLastOperation) for FLASH_WaitForLastOperation
[...]
    stm32l0xx_hal_uart.o(i.UART_SetConfig) refers to ddiv.o(.text) for __aeabi_ddiv
    stm32l0xx_hal_uart.o(i.UART_SetConfig) refers to dfixui.o(.text) for __aeabi_d2uiz
    stm32l0xx_hal_uart.o(i.UART_SetConfig) refers to stm32l0xx_hal_rcc.o(i.HAL_RCC_GetSysClockFreq) for HAL_RCC_GetSysClockFreq
    stm32l0xx_hal_uart.o(i.UART_SetConfig) refers to dscalb.o(.text) for __ARM_scalbn
    stm32l0xx_hal_uart.o(i.UART_SetConfig) refers to stm32l0xx_hal_tim.o(i.__ARM_common_switch8) for __ARM_common_switch8
    stm32l0xx_hal_uart.o(i.UART_SetConfig) refers to stm32l0xx_hal_rcc.o(i.HAL_RCC_GetPCLK2Freq) for HAL_RCC_GetPCLK2Freq
    stm32l0xx_hal_uart.o(i.UART_SetConfig) refers to uidiv.o(.text) for __aeabi_uidivmod
    stm32l0xx_hal_uart.o(i.UART_WaitOnFlagUntilTimeout) refers to stm32l0xx_hal.o(i.HAL_GetTick) for HAL_GetTick
    stm32l0xx_hal_uart_ex.o(i.HAL_MultiProcessorEx_AddressLength_Set) refers to stm32l0xx_hal_uart.o(i.UART_CheckIdleState) for UART_CheckIdleState
    stm32l0xx_hal_uart_ex.o(i.HAL_RS485Ex_Init) refers to uart.o(i.HAL_UART_MspInit) for HAL_UART_MspInit
    stm32l0xx_hal_uart_ex.o(i.HAL_RS485Ex_Init) refers to stm32l0xx_hal_uart.o(i.UART_SetConfig) for UART_SetConfig
    stm32l0xx_hal_uart_ex.o(i.HAL_RS485Ex_Init) refers to stm32l0xx_hal_uart.o(i.UART_AdvFeatureConfig) for UART_AdvFeatureConfig
    stm32l0xx_hal_uart_ex.o(i.HAL_RS485Ex_Init) refers to stm32l0xx_hal_uart.o(i.UART_CheckIdleState) for UART_CheckIdleState
    stm32l0xx_hal_uart_ex.o(i.HAL_UARTEx_StopModeWakeUpSourceConfig) refers to stm32l0xx_hal_uart.o(i.UART_WaitOnFlagUntilTimeout) for UART_WaitOnFlagUntilTimeout
    clock.o(i.clkConfig) refers to stm32l0xx_hal_rcc.o(i.HAL_RCC_GetOscConfig) for HAL_RCC_GetOscConfig
    clock.o(i.clkConfig) refers to stm32l0xx_hal_rcc.o(i.HAL_RCC_OscConfig) for HAL_RCC_OscConfig
    clock.o(i.clkConfig) refers to stm32l0xx_hal_rcc.o(i.HAL_RCC_ClockConfig) for HAL_RCC_ClockConfig
    crc.o(i.crc32Deinit) refers to stm32l0xx_hal_crc.o(i.HAL_CRC_DeInit) for HAL_CRC_DeInit
    crc.o(i.crc32Deinit) refers to crc.o(.bss) for .bss
    crc.o(i.crc32Init) refers to stm32l0xx_hal_crc.o(i.HAL_CRC_DeInit) for HAL_CRC_DeInit
    crc.o(i.crc32Init) refers to stm32l0xx_hal_crc.o(i.HAL_CRC_Init) for HAL_CRC_Init
    crc.o(i.crc32Init) refers to crc.o(.bss) for .bss
    crc.o(i.crcCheck32) refers to memseta.o(.text) for __aeabi_memclr4
    crc.o(i.crcCheck32) refers to memcpya.o(.text) for __aeabi_memcpy
    crc.o(i.crcCheck32) refers to stm32l0xx_hal_crc.o(i.HAL_CRC_Calculate) for HAL_CRC_Calculate
    crc.o(i.crcCheck32) refers to crc.o(.bss) for .bss
    flash.o(i.flashPageErase) refers to stm32l0xx_hal_flash.o(i.HAL_FLASH_Unlock) for HAL_FLASH_Unlock
    flash.o(i.flashPageErase) refers to stm32l0xx_hal_flash_ex.o(i.HAL_FLASHEx_Erase) for HAL_FLASHEx_Erase
    flash.o(i.flashPageErase) refers to stm32l0xx_hal_flash.o(i.HAL_FLASH_Lock) for HAL_FLASH_Lock
    flash.o(i.flashWordWrite) refers to stm32l0xx_hal_flash.o(i.HAL_FLASH_Unlock) for HAL_FLASH_Unlock
    flash.o(i.flashWordWrite) refers to stm32l0xx_hal_flash.o(i.HAL_FLASH_Program) for HAL_FLASH_Program
    flash.o(i.flashWordWrite) refers to stm32l0xx_hal_flash.o(i.HAL_FLASH_Lock) for HAL_FLASH_Lock
    stop.o(i.HAL_RTC_MspInit) refers to stm32l0xx_hal_rcc.o(i.HAL_RCC_OscConfig) for HAL_RCC_OscConfig
    stop.o(i.HAL_RTC_MspInit) refers to stm32l0xx_hal_rcc_ex.o(i.HAL_RCCEx_PeriphCLKConfig) for HAL_RCCEx_PeriphCLKConfig
    stop.o(i.HAL_RTC_MspInit) refers to stm32l0xx_hal_cortex.o(i.HAL_NVIC_SetPriority) for HAL_NVIC_SetPriority
    stop.o(i.HAL_RTC_MspInit) refers to stm32l0xx_hal_cortex.o(i.HAL_NVIC_EnableIRQ) for HAL_NVIC_EnableIRQ
    stop.o(i.enterStopMode) refers to stm32l0xx_hal_pwr.o(i.HAL_PWR_EnterSTOPMode) for HAL_PWR_EnterSTOPMode
    stop.o(i.setWakeUpPeriod) refers to stm32l0xx_hal_rtc_ex.o(i.HAL_RTCEx_DeactivateWakeUpTimer) for HAL_RTCEx_DeactivateWakeUpTimer
    stop.o(i.setWakeUpPeriod) refers to stm32l0xx_hal_rtc_ex.o(i.HAL_RTCEx_SetWakeUpTimer_IT) for HAL_RTCEx_SetWakeUpTimer_IT
    stop.o(i.setWakeUpPeriod) refers to stop.o(.bss) for .bss
    stop.o(i.wakeUpConfig) refers to stm32l0xx_hal_pwr_ex.o(i.HAL_PWREx_EnableUltraLowPower) for HAL_PWREx_EnableUltraLowPower
    stop.o(i.wakeUpConfig) refers to stm32l0xx_hal_pwr_ex.o(i.HAL_PWREx_EnableFastWakeUp) for HAL_PWREx_EnableFastWakeUp
    stop.o(i.wakeUpConfig) refers to stm32l0xx_hal_rtc.o(i.HAL_RTC_Init) for HAL_RTC_Init
    stop.o(i.wakeUpConfig) refers to stop.o(.bss) for .bss
    stop.o(i.wakeUpDisable) refers to stm32l0xx_hal_rtc_ex.o(i.HAL_RTCEx_DeactivateWakeUpTimer) for HAL_RTCEx_DeactivateWakeUpTimer
    stop.o(i.wakeUpDisable) refers to stop.o(.bss) for .bss
    stop.o(i.wakeUpTimeIRQHandler) refers to stm32l0xx_hal_rtc_ex.o(i.HAL_RTCEx_WakeUpTimerIRQHandler) for HAL_RTCEx_WakeUpTimerIRQHandler
    stop.o(i.wakeUpTimeIRQHandler) refers to stop.o(.bss) for .bss
    uart.o(i.HAL_UART_MspDeInit) refers to stm32l0xx_hal_gpio.o(i.HAL_GPIO_DeInit) for HAL_GPIO_DeInit
    uart.o(i.HAL_UART_MspDeInit) refers to stm32l0xx_hal_cortex.o(i.HAL_NVIC_DisableIRQ) for HAL_NVIC_DisableIRQ
    uart.o(i.HAL_UART_MspInit) refers to stm32l0xx_hal_gpio.o(i.HAL_GPIO_Init) for HAL_GPIO_Init
    uart.o(i.HAL_UART_MspInit) refers to stm32l0xx_hal_cortex.o(i.HAL_NVIC_SetPriority) for HAL_NVIC_SetPriority
    uart.o(i.HAL_UART_MspInit) refers to stm32l0xx_hal_cortex.o(i.HAL_NVIC_EnableIRQ) for HAL_NVIC_EnableIRQ
    uart.o(i.disableUart) refers to uart.o(i.HAL_UART_MspDeInit) for HAL_UART_MspDeInit
    uart.o(i.disableUart) refers to uart.o(.bss) for .bss
    uart.o(i.setReady) refers to uart.o(.data) for .data
    uart.o(i.uartGetError) refers to stm32l0xx_hal_uart.o(i.HAL_UART_GetError) for HAL_UART_GetError
    uart.o(i.uartGetError) refers to uart.o(.bss) for .bss
    uart.o(i.uartIRQHandler) refers to stm32l0xx_hal_uart.o(i.HAL_UART_IRQHandler) for HAL_UART_IRQHandler
    uart.o(i.uartIRQHandler) refers to uart.o(.bss) for .bss
    uart.o(i.uartInit) refers to stm32l0xx_hal_uart.o(i.HAL_UART_Init) for HAL_UART_Init
    uart.o(i.uartInit) refers to uart.o(.bss) for .bss
    uart.o(i.uartReceive_Block) refers to stm32l0xx_hal_uart.o(i.HAL_UART_Receive) for HAL_UART_Receive
    uart.o(i.uartReceive_Block) refers to uart.o(.bss) for .bss
    uart.o(i.uartReceive_IT) refers to stm32l0xx_hal_uart.o(i.HAL_UART_Receive_IT) for HAL_UART_Receive_IT
    uart.o(i.uartReceive_IT) refers to uart.o(.bss) for .bss
    uart.o(i.uartReceive_IT) refers to uart.o(.data) for .data
    uart.o(i.uartSendString_IT) refers to stm32l0xx_hal_uart.o(i.HAL_UART_Transmit_IT) for HAL_UART_Transmit_IT
    uart.o(i.uartSendString_IT) refers to uart.o(.bss) for .bss
    uart.o(i.uartSendString_IT) refers to uart.o(.data) for .data
    uart.o(i.uartSend_IT) refers to stm32l0xx_hal_uart.o(i.HAL_UART_Transmit_IT) for HAL_UART_Transmit_IT
    uart.o(i.uartSend_IT) refers to uart.o(.bss) for .bss
    uart.o(i.uartSend_IT) refers to uart.o(.data) for .data
    jump.o(i.jump) refers to jump.o(.data) for .data
    stm32l0xx_it.o(i.RTC_IRQHandler) refers to stop.o(i.wakeUpTimeIRQHandler) for wakeUpTimeIRQHandler
    stm32l0xx_it.o(i.SysTick_Handler) refers to stm32l0xx_hal.o(i.HAL_IncTick) for HAL_IncTick
    stm32l0538_discovery.o(i.BSP_LED_Init) refers to stm32l0xx_hal_gpio.o(i.HAL_GPIO_Init) for HAL_GPIO_Init
    stm32l0538_discovery.o(i.BSP_LED_Init) refers to stm32l0xx_hal_gpio.o(i.HAL_GPIO_WritePin) for HAL_GPIO_WritePin
    stm32l0538_discovery.o(i.BSP_LED_Init) refers to stm32l0538_discovery.o(.constdata) for .constdata
    stm32l0538_discovery.o(i.BSP_LED_Init) refers to stm32l0538_discovery.o(.data) for .data
    stm32l0538_discovery.o(i.BSP_LED_Off) refers to stm32l0xx_hal_gpio.o(i.HAL_GPIO_WritePin) for HAL_GPIO_WritePin
    stm32l0538_discovery.o(i.BSP_LED_Off) refers to stm32l0538_discovery.o(.constdata) for .constdata
    stm32l0538_discovery.o(i.BSP_LED_Off) refers to stm32l0538_discovery.o(.data) for .data
    stm32l0538_discovery.o(i.BSP_LED_On) refers to stm32l0xx_hal_gpio.o(i.HAL_GPIO_WritePin) for HAL_GPIO_WritePin
    stm32l0538_discovery.o(i.BSP_LED_On) refers to stm32l0538_discovery.o(.constdata) for .constdata
    stm32l0538_discovery.o(i.BSP_LED_On) refers to stm32l0538_discovery.o(.data) for .data
    stm32l0538_discovery.o(i.BSP_LED_Toggle) refers to stm32l0xx_hal_gpio.o(i.HAL_GPIO_TogglePin) for HAL_GPIO_TogglePin
    stm32l0538_discovery.o(i.BSP_LED_Toggle) refers to stm32l0538_discovery.o(.constdata) for .constdata
    stm32l0538_discovery.o(i.BSP_LED_Toggle) refers to stm32l0538_discovery.o(.data) for .data
    stm32l0538_discovery.o(i.BSP_PB_GetState) refers to stm32l0xx_hal_gpio.o(i.HAL_GPIO_ReadPin) for HAL_GPIO_ReadPin
    stm32l0538_discovery.o(i.BSP_PB_GetState) refers to stm32l0538_discovery.o(.constdata) for .constdata
    stm32l0538_discovery.o(i.BSP_PB_GetState) refers to stm32l0538_discovery.o(.data) for .data
    stm32l0538_discovery.o(i.BSP_PB_Init) refers to stm32l0xx_hal_gpio.o(i.HAL_GPIO_Init) for HAL_GPIO_Init
    stm32l0538_discovery.o(i.BSP_PB_Init) refers to stm32l0xx_hal_cortex.o(i.HAL_NVIC_SetPriority) for HAL_NVIC_SetPriority
    stm32l0538_discovery.o(i.BSP_PB_Init) refers to stm32l0xx_hal_cortex.o(i.HAL_NVIC_EnableIRQ) for HAL_NVIC_EnableIRQ
    stm32l0538_discovery.o(i.BSP_PB_Init) refers to stm32l0538_discovery.o(.constdata) for .constdata
    stm32l0538_discovery.o(i.BSP_PB_Init) refers to stm32l0538_discovery.o(.data) for .data
    system_stm32l0xx.o(i.SystemCoreClockUpdate) refers to uidiv.o(.text) for __aeabi_uidivmod
    system_stm32l0xx.o(i.SystemCoreClockUpdate) refers to system_stm32l0xx.o(.data) for .data
    main.o(i.main) refers to stm32l0xx_hal.o(i.HAL_Init) for HAL_Init
    main.o(i.main) refers to clock.o(i.clkConfig) for clkConfig
    main.o(i.main) refers to stm32l0xx_hal.o(i.HAL_GetTick) for HAL_GetTick
    main.o(i.main) refers to main.o(.data) for .data
    startup_stm32l053xx.o(RESET) refers to startup_stm32l053xx.o(STACK) for __initial_sp
    startup_stm32l053xx.o(RESET) refers to startup_stm32l053xx.o(.text) for Reset_Handler
    startup_stm32l053xx.o(RESET) refers to stm32l0xx_it.o(i.NMI_Handler) for NMI_Handler
    startup_stm32l053xx.o(RESET) refers to stm32l0xx_it.o(i.HardFault_Handler) for HardFault_Handler
    startup_stm32l053xx.o(RESET) refers to stm32l0xx_it.o(i.SVC_Handler) for SVC_Handler
    startup_stm32l053xx.o(RESET) refers to stm32l0xx_it.o(i.DebugMon_Handler) for DebugMon_Handler
    startup_stm32l053xx.o(RESET) refers to stm32l0xx_it.o(i.PendSV_Handler) for PendSV_Handler
    startup_stm32l053xx.o(RESET) refers to stm32l0xx_it.o(i.SysTick_Handler) for SysTick_Handler
    startup_stm32l053xx.o(RESET) refers to stm32l0xx_it.o(i.RTC_IRQHandler) for RTC_IRQHandler
    startup_stm32l053xx.o(RESET) refers to stm32l0xx_it.o(i.USART2_IRQHandler) for USART2_IRQHandler
    startup_stm32l053xx.o(.text) refers to system_stm32l0xx.o(i.SystemInit) for SystemInit
    startup_stm32l053xx.o(.text) refers to entry.o(.ARM.Collect$$$$00000000) for __main
    appconfig.o(.ARM.__AT_0x08000200) refers to appconfig.o(.constdata) for moduleTab
    led.o(.ARM.__AT_0x08000300) refers to led.o(i.ledInit) for ledInit
    led.o(.ARM.__AT_0x08000300) refers to led.o(i.ledOn) for ledOn
    led.o(.ARM.__AT_0x08000300) refers to led.o(i.ledOff) for ledOff
    led.o(.ARM.__AT_0x08000300) refers to led.o(i.ledToggle) for ledToggle
    entry.o(.ARM.Collect$$$$00000000) refers (Special) to entry10a.o(.ARM.Collect$$$$0000000D) for __rt_final_cpp
    entry.o(.ARM.Collect$$$$00000000) refers (Special) to entry11a.o(.ARM.Collect$$$$0000000F) for __rt_final_exit
    entry.o(.ARM.Collect$$$$00000000) refers (Special) to entry7b.o(.ARM.Collect$$$$00000008) for _main_clock
    entry.o(.ARM.Collect$$$$00000000) refers (Special) to entry8b.o(.ARM.Collect$$$$0000000A) for _main_cpp_init
    entry.o(.ARM.Collect$$$$00000000) refers (Special) to entry9a.o(.ARM.Collect$$$$0000000B) for _main_init
    entry.o(.ARM.Collect$$$$00000000) refers (Special) to entry5.o(.ARM.Collect$$$$00000004) for _main_scatterload
    entry.o(.ARM.Collect$$$$00000000) refers (Special) to entry2.o(.ARM.Collect$$$$00000001) for _main_stk
    ddiv.o(.text) refers (Special) to iusefp.o(.text) for __I$use$fp
    ddiv.o(.text) refers to depilogue.o(.text) for _double_round
    dscalb.o(.text) refers (Special) to iusefp.o(.text) for __I$use$fp
    dfltui.o(.text) refers (Special) to iusefp.o(.text) for __I$use$fp
    dfltui.o(.text) refers to depilogue.o(.text) for _double_epilogue
    dfixui.o(.text) refers (Special) to iusefp.o(.text) for __I$use$fp
    dfixui.o(.text) refers to llushr.o(.text) for __aeabi_llsr
    entry2.o(.ARM.Collect$$$$00000001) refers to entry2.o(.ARM.Collect$$$$00002712) for __lit__00000000
    entry2.o(.ARM.Collect$$$$00002712) refers to startup_stm32l053xx.o(STACK) for __initial_sp
    entry2.o(__vectab_stack_and_reset_area) refers to startup_stm32l053xx.o(STACK) for __initial_sp
    entry2.o(__vectab_stack_and_reset_area) refers to entry.o(.ARM.Collect$$$$00000000) for __main
    entry5.o(.ARM.Collect$$$$00000004) refers to init.o(.text) for __scatterload
    entry9a.o(.ARM.Collect$$$$0000000B) refers to main.o(i.main) for main
    entry9b.o(.ARM.Collect$$$$0000000C) refers to main.o(i.main) for main
    depilogue.o(.text) refers to depilogue.o(i.__ARM_clz) for __ARM_clz
    depilogue.o(.text) refers to llshl.o(.text) for __aeabi_llsl
    depilogue.o(.text) refers to llushr.o(.text) for __aeabi_llsr
    init.o(.text) refers to entry5.o(.ARM.Collect$$$$00000004) for __main_after_scatterload


==============================================================================

Removing Unused input sections from the image.

    Removing stm32l0xx_hal.o(.rev16_text), (4 bytes).
    Removing stm32l0xx_hal.o(.revsh_text), (4 bytes).
    Removing stm32l0xx_hal.o(i.HAL_DBGMCU_DBG_DisableLowPowerConfig), (16 bytes).
    Removing stm32l0xx_hal.o(i.HAL_DBGMCU_DBG_EnableLowPowerConfig), (16 bytes).
    Removing stm32l0xx_hal.o(i.HAL_DBGMCU_DisableDBGSleepMode), (16 bytes).
    Removing stm32l0xx_hal.o(i.HAL_DBGMCU_DisableDBGStandbyMode), (16 bytes).
    Removing stm32l0xx_hal.o(i.HAL_DBGMCU_DisableDBGStopMode), (16 bytes).
    Removing stm32l0xx_hal.o(i.HAL_DBGMCU_EnableDBGSleepMode), (16 bytes).
    Removing stm32l0xx_hal.o(i.HAL_DBGMCU_EnableDBGStandbyMode), (16 bytes).
    Removing stm32l0xx_hal.o(i.HAL_DBGMCU_EnableDBGStopMode), (16 bytes).
    Removing stm32l0xx_hal.o(i.HAL_DeInit), (40 bytes).
    Removing stm32l0xx_hal.o(i.HAL_Delay), (22 bytes).
    Removing stm32l0xx_hal.o(i.HAL_GetDEVID), (16 bytes).
    Removing stm32l0xx_hal.o(i.HAL_GetHalVersion), (8 bytes).
    Removing stm32l0xx_hal.o(i.HAL_GetREVID), (12 bytes).
    Removing stm32l0xx_hal.o(i.HAL_MspDeInit), (2 bytes).
    Removing stm32l0xx_hal.o(i.HAL_MspInit), (2 bytes).
    Removing stm32l0xx_hal.o(i.HAL_ResumeTick), (16 bytes).
    Removing stm32l0xx_hal.o(i.HAL_SYSCFG_DisableVREFINT), (16 bytes).
    Removing stm32l0xx_hal.o(i.HAL_SYSCFG_Disable_Lock_VREFINT), (16 bytes).
    Removing stm32l0xx_hal.o(i.HAL_SYSCFG_EnableVREFINT), (16 bytes).
    Removing stm32l0xx_hal.o(i.HAL_SYSCFG_Enable_Lock_VREFINT), (16 bytes).
    Removing stm32l0xx_hal.o(i.HAL_SYSCFG_GetBootMode), (16 bytes).
    Removing stm32l0xx_hal.o(i.HAL_SYSCFG_VREFINT_OutputSelect), (24 bytes).
    Removing stm32l0xx_hal.o(i.HAL_SuspendTick), (16 bytes).
    Removing stm32l0xx_hal_adc.o(.rev16_text), (4 bytes).
    Removing stm32l0xx_hal_adc.o(.revsh_text), (4 bytes).
    Removing stm32l0xx_hal_adc_ex.o(.rev16_text), (4 bytes).
    Removing stm32l0xx_hal_adc_ex.o(.revsh_text), (4 bytes).
    Removing stm32l0xx_hal_comp.o(.rev16_text), (4 bytes).
    Removing stm32l0xx_hal_comp.o(.revsh_text), (4 bytes).
    Removing stm32l0xx_hal_comp_ex.o(.rev16_text), (4 bytes).
    Removing stm32l0xx_hal_comp_ex.o(.revsh_text), (4 bytes).
    Removing stm32l0xx_hal_cortex.o(.rev16_text), (4 bytes).
    Removing stm32l0xx_hal_cortex.o(.revsh_text), (4 bytes).
    Removing stm32l0xx_hal_cortex.o(i.HAL_MPU_ConfigRegion), (80 bytes).
    Removing stm32l0xx_hal_cortex.o(i.HAL_NVIC_ClearPendingIRQ), (24 bytes).
    Removing stm32l0xx_hal_cortex.o(i.HAL_NVIC_DisableIRQ), (24 bytes).
    Removing stm32l0xx_hal_cortex.o(i.HAL_NVIC_EnableIRQ), (24 bytes).
    Removing stm32l0xx_hal_cortex.o(i.HAL_NVIC_GetPendingIRQ), (32 bytes).
    Removing stm32l0xx_hal_cortex.o(i.HAL_NVIC_GetPriority), (52 bytes).
    Removing stm32l0xx_hal_cortex.o(i.HAL_NVIC_SetPendingIRQ), (24 bytes).
    Removing stm32l0xx_hal_cortex.o(i.HAL_NVIC_SystemReset), (28 bytes).
    Removing stm32l0xx_hal_cortex.o(i.HAL_SYSTICK_CLKSourceConfig), (24 bytes).
    Removing stm32l0xx_hal_cortex.o(i.HAL_SYSTICK_Callback), (2 bytes).
    Removing stm32l0xx_hal_cortex.o(i.HAL_SYSTICK_IRQHandler), (8 bytes).
    Removing stm32l0xx_hal_crc.o(.rev16_text), (4 bytes).
    Removing stm32l0xx_hal_crc.o(.revsh_text), (4 bytes).
    Removing stm32l0xx_hal_crc.o(i.CRC_Handle_16), (56 bytes).
    Removing stm32l0xx_hal_crc.o(i.CRC_Handle_8), (128 bytes).
    Removing stm32l0xx_hal_crc.o(i.HAL_CRC_Accumulate), (88 bytes).
    Removing stm32l0xx_hal_crc.o(i.HAL_CRC_Calculate), (96 bytes).
    Removing stm32l0xx_hal_crc.o(i.HAL_CRC_DeInit), (44 bytes).
    Removing stm32l0xx_hal_crc.o(i.HAL_CRC_GetState), (4 bytes).
    Removing stm32l0xx_hal_crc.o(i.HAL_CRC_Init), (124 bytes).
    Removing stm32l0xx_hal_crc.o(i.HAL_CRC_MspDeInit), (2 bytes).
    Removing stm32l0xx_hal_crc.o(i.HAL_CRC_MspInit), (2 bytes).
    Removing stm32l0xx_hal_crc_ex.o(.rev16_text), (4 bytes).
    Removing stm32l0xx_hal_crc_ex.o(.revsh_text), (4 bytes).
    Removing stm32l0xx_hal_crc_ex.o(i.HAL_CRCEx_Input_Data_Reverse), (26 bytes).
    Removing stm32l0xx_hal_crc_ex.o(i.HAL_CRCEx_Output_Data_Reverse), (26 bytes).
    Removing stm32l0xx_hal_crc_ex.o(i.HAL_CRCEx_Polynomial_Set), (74 bytes).
    Removing stm32l0xx_hal_dac.o(.rev16_text), (4 bytes).
    Removing stm32l0xx_hal_dac.o(.revsh_text), (4 bytes).
    Removing stm32l0xx_hal_dac_ex.o(.rev16_text), (4 bytes).
    Removing stm32l0xx_hal_dac_ex.o(.revsh_text), (4 bytes).
    Removing stm32l0xx_hal_dma.o(.rev16_text), (4 bytes).
    Removing stm32l0xx_hal_dma.o(.revsh_text), (4 bytes).
    Removing stm32l0xx_hal_dma.o(i.DMA_SetConfig), (30 bytes).
    Removing stm32l0xx_hal_dma.o(i.HAL_DMA_Abort), (76 bytes).
    Removing stm32l0xx_hal_dma.o(i.HAL_DMA_DeInit), (468 bytes).
    Removing stm32l0xx_hal_dma.o(i.HAL_DMA_GetError), (4 bytes).
    Removing stm32l0xx_hal_dma.o(i.HAL_DMA_GetState), (6 bytes).
    Removing stm32l0xx_hal_dma.o(i.HAL_DMA_IRQHandler), (640 bytes).
    Removing stm32l0xx_hal_dma.o(i.HAL_DMA_Init), (264 bytes).
    Removing stm32l0xx_hal_dma.o(i.HAL_DMA_PollForTransfer), (616 bytes).
    Removing stm32l0xx_hal_dma.o(i.HAL_DMA_Start), (50 bytes).
    Removing stm32l0xx_hal_dma.o(i.HAL_DMA_Start_IT), (78 bytes).
    Removing stm32l0xx_hal_firewall.o(.rev16_text), (4 bytes).
    Removing stm32l0xx_hal_firewall.o(.revsh_text), (4 bytes).
    Removing stm32l0xx_hal_flash.o(.rev16_text), (4 bytes).
    Removing stm32l0xx_hal_flash.o(.revsh_text), (4 bytes).
    Removing stm32l0xx_hal_flash.o(i.FLASH_ErasePage), (40 bytes).
    Removing stm32l0xx_hal_flash.o(i.FLASH_SetErrorCode), (120 bytes).
    Removing stm32l0xx_hal_flash.o(i.FLASH_WaitForLastOperation), (128 bytes).
    Removing stm32l0xx_hal_flash.o(i.HAL_FLASH_EndOfOperationCallback), (2 bytes).
    Removing stm32l0xx_hal_flash.o(i.HAL_FLASH_GetError), (12 bytes).
    Removing stm32l0xx_hal_flash.o(i.HAL_FLASH_IRQHandler), (204 bytes).
    Removing stm32l0xx_hal_flash.o(i.HAL_FLASH_Lock), (20 bytes).
    Removing stm32l0xx_hal_flash.o(i.HAL_FLASH_OB_Launch), (40 bytes).
    Removing stm32l0xx_hal_flash.o(i.HAL_FLASH_OB_Lock), (20 bytes).
    Removing stm32l0xx_hal_flash.o(i.HAL_FLASH_OB_Unlock), (60 bytes).
    Removing stm32l0xx_hal_flash.o(i.HAL_FLASH_OperationErrorCallback), (2 bytes).
    Removing stm32l0xx_hal_flash.o(i.HAL_FLASH_Program), (60 bytes).
    Removing stm32l0xx_hal_flash.o(i.HAL_FLASH_Program_IT), (88 bytes).
    Removing stm32l0xx_hal_flash.o(i.HAL_FLASH_Unlock), (60 bytes).
    Removing stm32l0xx_hal_flash.o(.bss), (24 bytes).
    Removing stm32l0xx_hal_flash_ex.o(.rev16_text), (4 bytes).
    Removing stm32l0xx_hal_flash_ex.o(.revsh_text), (4 bytes).
    Removing stm32l0xx_hal_flash_ex.o(i.FLASH_OB_PCROPSelectionConfig), (56 bytes).
    Removing stm32l0xx_hal_flash_ex.o(i.FLASH_OB_ProtectedSectorsConfig), (76 bytes).
    Removing stm32l0xx_hal_flash_ex.o(i.HAL_FLASHEx_AdvOBGetConfig), (24 bytes).
    Removing stm32l0xx_hal_flash_ex.o(i.HAL_FLASHEx_AdvOBProgram), (24 bytes).
    Removing stm32l0xx_hal_flash_ex.o(i.HAL_FLASHEx_DATAEEPROM_DisableFixedTimeProgram), (16 bytes).
    Removing stm32l0xx_hal_flash_ex.o(i.HAL_FLASHEx_DATAEEPROM_EnableFixedTimeProgram), (16 bytes).
    Removing stm32l0xx_hal_flash_ex.o(i.HAL_FLASHEx_DATAEEPROM_Erase), (40 bytes).
    Removing stm32l0xx_hal_flash_ex.o(i.HAL_FLASHEx_DATAEEPROM_Lock), (20 bytes).
    Removing stm32l0xx_hal_flash_ex.o(i.HAL_FLASHEx_DATAEEPROM_Program), (84 bytes).
    Removing stm32l0xx_hal_flash_ex.o(i.HAL_FLASHEx_DATAEEPROM_Unlock), (36 bytes).
    Removing stm32l0xx_hal_flash_ex.o(i.HAL_FLASHEx_Erase), (120 bytes).
    Removing stm32l0xx_hal_flash_ex.o(i.HAL_FLASHEx_Erase_IT), (88 bytes).
    Removing stm32l0xx_hal_flash_ex.o(i.HAL_FLASHEx_OBGetConfig), (44 bytes).
    Removing stm32l0xx_hal_flash_ex.o(i.HAL_FLASHEx_OBProgram), (284 bytes).
    Removing stm32l0xx_hal_flash_ex.o(i.HAL_FLASHEx_OB_DeSelectPCROP), (10 bytes).
    Removing stm32l0xx_hal_flash_ex.o(i.HAL_FLASHEx_OB_SelectPCROP), (10 bytes).
    Removing stm32l0xx_hal_flash_ramfunc.o(.rev16_text), (4 bytes).
    Removing stm32l0xx_hal_flash_ramfunc.o(.revsh_text), (4 bytes).
    Removing stm32l0xx_hal_flash_ramfunc.o(i.FLASHRAM_SetErrorCode), (124 bytes).
    Removing stm32l0xx_hal_flash_ramfunc.o(i.FLASHRAM_WaitForLastOperation), (100 bytes).
    Removing stm32l0xx_hal_flash_ramfunc.o(i.HAL_FLASHEx_DisableRunPowerDown), (36 bytes).
    Removing stm32l0xx_hal_flash_ramfunc.o(i.HAL_FLASHEx_EnableRunPowerDown), (36 bytes).
    Removing stm32l0xx_hal_flash_ramfunc.o(i.HAL_FLASHEx_HalfPageProgram), (84 bytes).
    Removing stm32l0xx_hal_flash_ramfunc.o(i.HAL_FLASHRAM_GetError), (16 bytes).
    Removing stm32l0xx_hal_gpio.o(.rev16_text), (4 bytes).
    Removing stm32l0xx_hal_gpio.o(.revsh_text), (4 bytes).
    Removing stm32l0xx_hal_gpio.o(i.HAL_GPIO_DeInit), (228 bytes).
    Removing stm32l0xx_hal_gpio.o(i.HAL_GPIO_EXTI_Callback), (2 bytes).
    Removing stm32l0xx_hal_gpio.o(i.HAL_GPIO_EXTI_IRQHandler), (24 bytes).
    Removing stm32l0xx_hal_gpio.o(i.HAL_GPIO_Init), (376 bytes).
    Removing stm32l0xx_hal_gpio.o(i.HAL_GPIO_LockPin), (36 bytes).
    Removing stm32l0xx_hal_gpio.o(i.HAL_GPIO_ReadPin), (10 bytes).
    Removing stm32l0xx_hal_gpio.o(i.HAL_GPIO_TogglePin), (8 bytes).
    Removing stm32l0xx_hal_gpio.o(i.HAL_GPIO_WritePin), (12 bytes).
    Removing stm32l0xx_hal_i2c.o(.rev16_text), (4 bytes).
    Removing stm32l0xx_hal_i2c.o(.revsh_text), (4 bytes).
    Removing stm32l0xx_hal_i2c_ex.o(.rev16_text), (4 bytes).
    Removing stm32l0xx_hal_i2c_ex.o(.revsh_text), (4 bytes).
    Removing stm32l0xx_hal_i2s.o(.rev16_text), (4 bytes).
    Removing stm32l0xx_hal_i2s.o(.revsh_text), (4 bytes).
    Removing stm32l0xx_hal_irda.o(.rev16_text), (4 bytes).
    Removing stm32l0xx_hal_irda.o(.revsh_text), (4 bytes).
    Removing stm32l0xx_hal_iwdg.o(.rev16_text), (4 bytes).
    Removing stm32l0xx_hal_iwdg.o(.revsh_text), (4 bytes).
    Removing stm32l0xx_hal_lcd.o(.rev16_text), (4 bytes).
    Removing stm32l0xx_hal_lcd.o(.revsh_text), (4 bytes).
    Removing stm32l0xx_hal_lptim.o(.rev16_text), (4 bytes).
    Removing stm32l0xx_hal_lptim.o(.revsh_text), (4 bytes).
    Removing stm32l0xx_hal_msp_template.o(.rev16_text), (4 bytes).
    Removing stm32l0xx_hal_msp_template.o(.revsh_text), (4 bytes).
    Removing stm32l0xx_hal_msp_template.o(i.HAL_MspDeInit), (2 bytes).
    Removing stm32l0xx_hal_msp_template.o(i.HAL_PPP_MspDeInit), (2 bytes).
    Removing stm32l0xx_hal_msp_template.o(i.HAL_PPP_MspInit), (2 bytes).
    Removing stm32l0xx_hal_pcd.o(.rev16_text), (4 bytes).
    Removing stm32l0xx_hal_pcd.o(.revsh_text), (4 bytes).
    Removing stm32l0xx_hal_pcd_ex.o(.rev16_text), (4 bytes).
    Removing stm32l0xx_hal_pcd_ex.o(.revsh_text), (4 bytes).
    Removing stm32l0xx_hal_pwr.o(.rev16_text), (4 bytes).
    Removing stm32l0xx_hal_pwr.o(.revsh_text), (4 bytes).
    Removing stm32l0xx_hal_pwr.o(i.HAL_PWR_ConfigPVD), (104 bytes).
    Removing stm32l0xx_hal_pwr.o(i.HAL_PWR_DeInit), (24 bytes).
    Removing stm32l0xx_hal_pwr.o(i.HAL_PWR_DisableBkUpAccess), (16 bytes).
    Removing stm32l0xx_hal_pwr.o(i.HAL_PWR_DisablePVD), (16 bytes).
    Removing stm32l0xx_hal_pwr.o(i.HAL_PWR_DisableSEVOnPend), (16 bytes).
    Removing stm32l0xx_hal_pwr.o(i.HAL_PWR_DisableSleepOnExit), (16 bytes).
    Removing stm32l0xx_hal_pwr.o(i.HAL_PWR_DisableWakeUpPin), (16 bytes).
    Removing stm32l0xx_hal_pwr.o(i.HAL_PWR_EnableBkUpAccess), (16 bytes).
    Removing stm32l0xx_hal_pwr.o(i.HAL_PWR_EnablePVD), (16 bytes).
    Removing stm32l0xx_hal_pwr.o(i.HAL_PWR_EnableSEVOnPend), (16 bytes).
    Removing stm32l0xx_hal_pwr.o(i.HAL_PWR_EnableSleepOnExit), (16 bytes).
    Removing stm32l0xx_hal_pwr.o(i.HAL_PWR_EnableWakeUpPin), (16 bytes).
    Removing stm32l0xx_hal_pwr.o(i.HAL_PWR_EnterSLEEPMode), (48 bytes).
    Removing stm32l0xx_hal_pwr.o(i.HAL_PWR_EnterSTANDBYMode), (32 bytes).
    Removing stm32l0xx_hal_pwr.o(i.HAL_PWR_EnterSTOPMode), (52 bytes).
    Removing stm32l0xx_hal_pwr.o(i.HAL_PWR_PVDCallback), (2 bytes).
    Removing stm32l0xx_hal_pwr.o(i.HAL_PWR_PVD_IRQHandler), (28 bytes).
    Removing stm32l0xx_hal_pwr_ex.o(.rev16_text), (4 bytes).
    Removing stm32l0xx_hal_pwr_ex.o(.revsh_text), (4 bytes).
    Removing stm32l0xx_hal_pwr_ex.o(i.HAL_PWREx_DisableFastWakeUp), (16 bytes).
    Removing stm32l0xx_hal_pwr_ex.o(i.HAL_PWREx_DisableLowPowerRunMode), (76 bytes).
    Removing stm32l0xx_hal_pwr_ex.o(i.HAL_PWREx_DisableUltraLowPower), (16 bytes).
    Removing stm32l0xx_hal_pwr_ex.o(i.HAL_PWREx_EnableFastWakeUp), (16 bytes).
    Removing stm32l0xx_hal_pwr_ex.o(i.HAL_PWREx_EnableLowPowerRunMode), (24 bytes).
    Removing stm32l0xx_hal_pwr_ex.o(i.HAL_PWREx_EnableUltraLowPower), (16 bytes).
    Removing stm32l0xx_hal_rcc.o(.rev16_text), (4 bytes).
    Removing stm32l0xx_hal_rcc.o(.revsh_text), (4 bytes).
    Removing stm32l0xx_hal_rcc.o(i.HAL_RCC_CSSCallback), (2 bytes).
    Removing stm32l0xx_hal_rcc.o(i.HAL_RCC_DeInit), (2 bytes).
    Removing stm32l0xx_hal_rcc.o(i.HAL_RCC_EnableCSS), (20 bytes).
    Removing stm32l0xx_hal_rcc.o(i.HAL_RCC_GetClockConfig), (64 bytes).
    Removing stm32l0xx_hal_rcc.o(i.HAL_RCC_GetPCLK1Freq), (32 bytes).
    Removing stm32l0xx_hal_rcc.o(i.HAL_RCC_GetPCLK2Freq), (32 bytes).
    Removing stm32l0xx_hal_rcc.o(i.HAL_RCC_MCOConfig), (84 bytes).
    Removing stm32l0xx_hal_rcc.o(i.HAL_RCC_NMI_IRQHandler), (24 bytes).
    Removing stm32l0xx_hal_rcc_ex.o(.rev16_text), (4 bytes).
    Removing stm32l0xx_hal_rcc_ex.o(.revsh_text), (4 bytes).
    Removing stm32l0xx_hal_rcc_ex.o(i.HAL_RCCEx_CRSConfig), (124 bytes).
    Removing stm32l0xx_hal_rcc_ex.o(i.HAL_RCCEx_CRSGetSynchronizationInfo), (40 bytes).
    Removing stm32l0xx_hal_rcc_ex.o(i.HAL_RCCEx_CRSSoftwareSynchronizationGenerate), (16 bytes).
    Removing stm32l0xx_hal_rcc_ex.o(i.HAL_RCCEx_CRSWaitSynchronization), (136 bytes).
    Removing stm32l0xx_hal_rcc_ex.o(i.HAL_RCCEx_DisableHSI48_VREFINT), (20 bytes).
    Removing stm32l0xx_hal_rcc_ex.o(i.HAL_RCCEx_DisableLSECSS), (32 bytes).
    Removing stm32l0xx_hal_rcc_ex.o(i.HAL_RCCEx_EnableHSI48_VREFINT), (20 bytes).
    Removing stm32l0xx_hal_rcc_ex.o(i.HAL_RCCEx_EnableLSECSS), (20 bytes).
    Removing stm32l0xx_hal_rcc_ex.o(i.HAL_RCCEx_EnableLSECSS_IT), (52 bytes).
    Removing stm32l0xx_hal_rcc_ex.o(i.HAL_RCCEx_GetPeriphCLKConfig), (76 bytes).
    Removing stm32l0xx_hal_rcc_ex.o(i.HAL_RCCEx_GetPeriphCLKFreq), (440 bytes).
    Removing stm32l0xx_hal_rcc_ex.o(i.HAL_RCCEx_LSECSS_Callback), (2 bytes).
    Removing stm32l0xx_hal_rcc_ex.o(i.HAL_RCCEx_LSECSS_IRQHandler), (24 bytes).
    Removing stm32l0xx_hal_rcc_ex.o(i.HAL_RCCEx_PeriphCLKConfig), (328 bytes).
    Removing stm32l0xx_hal_rcc_ex.o(i.HAL_RCC_DeInit), (44 bytes).
    Removing stm32l0xx_hal_rcc_ex.o(.constdata), (9 bytes).
    Removing stm32l0xx_hal_rng.o(.rev16_text), (4 bytes).
    Removing stm32l0xx_hal_rng.o(.revsh_text), (4 bytes).
    Removing stm32l0xx_hal_rtc.o(.rev16_text), (4 bytes).
    Removing stm32l0xx_hal_rtc.o(.revsh_text), (4 bytes).
    Removing stm32l0xx_hal_rtc.o(i.HAL_RTC_AlarmAEventCallback), (2 bytes).
    Removing stm32l0xx_hal_rtc.o(i.HAL_RTC_AlarmIRQHandler), (96 bytes).
    Removing stm32l0xx_hal_rtc.o(i.HAL_RTC_DeInit), (212 bytes).
    Removing stm32l0xx_hal_rtc.o(i.HAL_RTC_DeactivateAlarm), (184 bytes).
    Removing stm32l0xx_hal_rtc.o(i.HAL_RTC_GetAlarm), (140 bytes).
    Removing stm32l0xx_hal_rtc.o(i.HAL_RTC_GetDate), (68 bytes).
    Removing stm32l0xx_hal_rtc.o(i.HAL_RTC_GetState), (6 bytes).
    Removing stm32l0xx_hal_rtc.o(i.HAL_RTC_GetTime), (92 bytes).
    Removing stm32l0xx_hal_rtc.o(i.HAL_RTC_Init), (164 bytes).
    Removing stm32l0xx_hal_rtc.o(i.HAL_RTC_MspDeInit), (2 bytes).
    Removing stm32l0xx_hal_rtc.o(i.HAL_RTC_MspInit), (2 bytes).
    Removing stm32l0xx_hal_rtc.o(i.HAL_RTC_PollForAlarmAEvent), (72 bytes).
    Removing stm32l0xx_hal_rtc.o(i.HAL_RTC_SetAlarm), (368 bytes).
    Removing stm32l0xx_hal_rtc.o(i.HAL_RTC_SetAlarm_IT), (416 bytes).
    Removing stm32l0xx_hal_rtc.o(i.HAL_RTC_SetDate), (204 bytes).
    Removing stm32l0xx_hal_rtc.o(i.HAL_RTC_SetTime), (240 bytes).
    Removing stm32l0xx_hal_rtc.o(i.HAL_RTC_WaitForSynchro), (52 bytes).
    Removing stm32l0xx_hal_rtc.o(i.RTC_Bcd2ToByte), (16 bytes).
    Removing stm32l0xx_hal_rtc.o(i.RTC_ByteToBcd2), (22 bytes).
    Removing stm32l0xx_hal_rtc.o(i.RTC_EnterInitMode), (56 bytes).
    Removing stm32l0xx_hal_rtc_ex.o(.rev16_text), (4 bytes).
    Removing stm32l0xx_hal_rtc_ex.o(.revsh_text), (4 bytes).
    Removing stm32l0xx_hal_rtc_ex.o(i.HAL_RTCEx_AlarmBEventCallback), (2 bytes).
    Removing stm32l0xx_hal_rtc_ex.o(i.HAL_RTCEx_BKUPRead), (12 bytes).
    Removing stm32l0xx_hal_rtc_ex.o(i.HAL_RTCEx_BKUPWrite), (12 bytes).
    Removing stm32l0xx_hal_rtc_ex.o(i.HAL_RTCEx_DeactivateCalibrationOutPut), (60 bytes).
    Removing stm32l0xx_hal_rtc_ex.o(i.HAL_RTCEx_DeactivateRefClock), (98 bytes).
    Removing stm32l0xx_hal_rtc_ex.o(i.HAL_RTCEx_DeactivateTamper), (76 bytes).
    Removing stm32l0xx_hal_rtc_ex.o(i.HAL_RTCEx_DeactivateTimeStamp), (76 bytes).
    Removing stm32l0xx_hal_rtc_ex.o(i.HAL_RTCEx_DeactivateWakeUpTimer), (122 bytes).
    Removing stm32l0xx_hal_rtc_ex.o(i.HAL_RTCEx_DisableBypassShadow), (60 bytes).
    Removing stm32l0xx_hal_rtc_ex.o(i.HAL_RTCEx_EnableBypassShadow), (60 bytes).
    Removing stm32l0xx_hal_rtc_ex.o(i.HAL_RTCEx_GetTimeStamp), (160 bytes).
    Removing stm32l0xx_hal_rtc_ex.o(i.HAL_RTCEx_GetWakeUpTimer), (8 bytes).
    Removing stm32l0xx_hal_rtc_ex.o(i.HAL_RTCEx_PollForAlarmBEvent), (76 bytes).
    Removing stm32l0xx_hal_rtc_ex.o(i.HAL_RTCEx_PollForTamper1Event), (76 bytes).
    Removing stm32l0xx_hal_rtc_ex.o(i.HAL_RTCEx_PollForTamper2Event), (76 bytes).
    Removing stm32l0xx_hal_rtc_ex.o(i.HAL_RTCEx_PollForTimeStampEvent), (88 bytes).
    Removing stm32l0xx_hal_rtc_ex.o(i.HAL_RTCEx_PollForWakeUpTimerEvent), (76 bytes).
    Removing stm32l0xx_hal_rtc_ex.o(i.HAL_RTCEx_SetCalibrationOutPut), (78 bytes).
    Removing stm32l0xx_hal_rtc_ex.o(i.HAL_RTCEx_SetRefClock), (98 bytes).
    Removing stm32l0xx_hal_rtc_ex.o(i.HAL_RTCEx_SetSmoothCalib), (126 bytes).
    Removing stm32l0xx_hal_rtc_ex.o(i.HAL_RTCEx_SetSynchroShift), (152 bytes).
    Removing stm32l0xx_hal_rtc_ex.o(i.HAL_RTCEx_SetTamper), (180 bytes).
    Removing stm32l0xx_hal_rtc_ex.o(i.HAL_RTCEx_SetTamper_IT), (208 bytes).
    Removing stm32l0xx_hal_rtc_ex.o(i.HAL_RTCEx_SetTimeStamp), (76 bytes).
    Removing stm32l0xx_hal_rtc_ex.o(i.HAL_RTCEx_SetTimeStamp_IT), (108 bytes).
    Removing stm32l0xx_hal_rtc_ex.o(i.HAL_RTCEx_SetWakeUpTimer), (196 bytes).
    Removing stm32l0xx_hal_rtc_ex.o(i.HAL_RTCEx_SetWakeUpTimer_IT), (228 bytes).
    Removing stm32l0xx_hal_rtc_ex.o(i.HAL_RTCEx_Tamper1EventCallback), (2 bytes).
    Removing stm32l0xx_hal_rtc_ex.o(i.HAL_RTCEx_Tamper2EventCallback), (2 bytes).
    Removing stm32l0xx_hal_rtc_ex.o(i.HAL_RTCEx_TamperTimeStampIRQHandler), (148 bytes).
    Removing stm32l0xx_hal_rtc_ex.o(i.HAL_RTCEx_TimeStampEventCallback), (2 bytes).
    Removing stm32l0xx_hal_rtc_ex.o(i.HAL_RTCEx_WakeUpTimerEventCallback), (2 bytes).
    Removing stm32l0xx_hal_smartcard.o(.rev16_text), (4 bytes).
    Removing stm32l0xx_hal_smartcard.o(.revsh_text), (4 bytes).
    Removing stm32l0xx_hal_smartcard_ex.o(.rev16_text), (4 bytes).
    Removing stm32l0xx_hal_smartcard_ex.o(.revsh_text), (4 bytes).
    Removing stm32l0xx_hal_smbus.o(.rev16_text), (4 bytes).
    Removing stm32l0xx_hal_smbus.o(.revsh_text), (4 bytes).
    Removing stm32l0xx_hal_spi.o(.rev16_text), (4 bytes).
    Removing stm32l0xx_hal_spi.o(.revsh_text), (4 bytes).
    Removing stm32l0xx_hal_spi.o(i.HAL_SPI_DMAPause), (46 bytes).
    Removing stm32l0xx_hal_spi.o(i.HAL_SPI_DMAResume), (44 bytes).
    Removing stm32l0xx_hal_spi.o(i.HAL_SPI_DMAStop), (54 bytes).
    Removing stm32l0xx_hal_spi.o(i.HAL_SPI_DeInit), (48 bytes).
    Removing stm32l0xx_hal_spi.o(i.HAL_SPI_ErrorCallback), (2 bytes).
    Removing stm32l0xx_hal_spi.o(i.HAL_SPI_GetError), (4 bytes).
    Removing stm32l0xx_hal_spi.o(i.HAL_SPI_GetState), (6 bytes).
    Removing stm32l0xx_hal_spi.o(i.HAL_SPI_IRQHandler), (194 bytes).
    Removing stm32l0xx_hal_spi.o(i.HAL_SPI_Init), (132 bytes).
    Removing stm32l0xx_hal_spi.o(i.HAL_SPI_MspDeInit), (2 bytes).
    Removing stm32l0xx_hal_spi.o(i.HAL_SPI_MspInit), (2 bytes).
    Removing stm32l0xx_hal_spi.o(i.HAL_SPI_Receive), (468 bytes).
    Removing stm32l0xx_hal_spi.o(i.HAL_SPI_Receive_DMA), (228 bytes).
    Removing stm32l0xx_hal_spi.o(i.HAL_SPI_Receive_IT), (172 bytes).
    Removing stm32l0xx_hal_spi.o(i.HAL_SPI_RxCpltCallback), (2 bytes).
    Removing stm32l0xx_hal_spi.o(i.HAL_SPI_RxHalfCpltCallback), (2 bytes).
    Removing stm32l0xx_hal_spi.o(i.HAL_SPI_Transmit), (336 bytes).
    Removing stm32l0xx_hal_spi.o(i.HAL_SPI_TransmitReceive), (696 bytes).
    Removing stm32l0xx_hal_spi.o(i.HAL_SPI_TransmitReceive_DMA), (256 bytes).
    Removing stm32l0xx_hal_spi.o(i.HAL_SPI_TransmitReceive_IT), (164 bytes).
    Removing stm32l0xx_hal_spi.o(i.HAL_SPI_Transmit_DMA), (208 bytes).
    Removing stm32l0xx_hal_spi.o(i.HAL_SPI_Transmit_IT), (160 bytes).
    Removing stm32l0xx_hal_spi.o(i.HAL_SPI_TxCpltCallback), (2 bytes).
    Removing stm32l0xx_hal_spi.o(i.HAL_SPI_TxHalfCpltCallback), (2 bytes).
    Removing stm32l0xx_hal_spi.o(i.HAL_SPI_TxRxCpltCallback), (2 bytes).
    Removing stm32l0xx_hal_spi.o(i.HAL_SPI_TxRxHalfCpltCallback), (2 bytes).
    Removing stm32l0xx_hal_spi.o(i.SPI_2LinesRxISR), (48 bytes).
    Removing stm32l0xx_hal_spi.o(i.SPI_DMAError), (30 bytes).
    Removing stm32l0xx_hal_spi.o(i.SPI_DMAHalfReceiveCplt), (10 bytes).
    Removing stm32l0xx_hal_spi.o(i.SPI_DMAHalfTransmitCplt), (10 bytes).
    Removing stm32l0xx_hal_spi.o(i.SPI_DMAHalfTransmitReceiveCplt), (10 bytes).
    Removing stm32l0xx_hal_spi.o(i.SPI_DMAReceiveCplt), (188 bytes).
    Removing stm32l0xx_hal_spi.o(i.SPI_DMATransmitCplt), (112 bytes).
    Removing stm32l0xx_hal_spi.o(i.SPI_DMATransmitReceiveCplt), (194 bytes).
    Removing stm32l0xx_hal_spi.o(i.SPI_RxCloseIRQHandler), (208 bytes).
    Removing stm32l0xx_hal_spi.o(i.SPI_RxISR), (78 bytes).
    Removing stm32l0xx_hal_spi.o(i.SPI_TxCloseIRQHandler), (132 bytes).
    Removing stm32l0xx_hal_spi.o(i.SPI_TxISR), (72 bytes).
    Removing stm32l0xx_hal_spi.o(i.SPI_WaitOnFlagUntilTimeout), (178 bytes).
    Removing stm32l0xx_hal_tim.o(.rev16_text), (4 bytes).
    Removing stm32l0xx_hal_tim.o(.revsh_text), (4 bytes).
    Removing stm32l0xx_hal_tim.o(i.HAL_TIM_Base_DeInit), (44 bytes).
    Removing stm32l0xx_hal_tim.o(i.HAL_TIM_Base_GetState), (6 bytes).
    Removing stm32l0xx_hal_tim.o(i.HAL_TIM_Base_Init), (52 bytes).
    Removing stm32l0xx_hal_tim.o(i.HAL_TIM_Base_MspDeInit), (2 bytes).
    Removing stm32l0xx_hal_tim.o(i.HAL_TIM_Base_MspInit), (2 bytes).
    Removing stm32l0xx_hal_tim.o(i.HAL_TIM_Base_Start), (24 bytes).
    Removing stm32l0xx_hal_tim.o(i.HAL_TIM_Base_Start_DMA), (100 bytes).
    Removing stm32l0xx_hal_tim.o(i.HAL_TIM_Base_Start_IT), (22 bytes).
    Removing stm32l0xx_hal_tim.o(i.HAL_TIM_Base_Stop), (40 bytes).
    Removing stm32l0xx_hal_tim.o(i.HAL_TIM_Base_Stop_DMA), (44 bytes).
    Removing stm32l0xx_hal_tim.o(i.HAL_TIM_Base_Stop_IT), (36 bytes).
    Removing stm32l0xx_hal_tim.o(i.HAL_TIM_ConfigClockSource), (238 bytes).
    Removing stm32l0xx_hal_tim.o(i.HAL_TIM_ConfigOCrefClear), (168 bytes).
    Removing stm32l0xx_hal_tim.o(i.HAL_TIM_ConfigTI1Input), (16 bytes).
    Removing stm32l0xx_hal_tim.o(i.HAL_TIM_DMABurst_ReadStart), (240 bytes).
    Removing stm32l0xx_hal_tim.o(i.HAL_TIM_DMABurst_ReadStop), (90 bytes).
    Removing stm32l0xx_hal_tim.o(i.HAL_TIM_DMABurst_WriteStart), (240 bytes).
    Removing stm32l0xx_hal_tim.o(i.HAL_TIM_DMABurst_WriteStop), (90 bytes).
    Removing stm32l0xx_hal_tim.o(i.HAL_TIM_Encoder_DeInit), (44 bytes).
    Removing stm32l0xx_hal_tim.o(i.HAL_TIM_Encoder_GetState), (6 bytes).
    Removing stm32l0xx_hal_tim.o(i.HAL_TIM_Encoder_Init), (148 bytes).
    Removing stm32l0xx_hal_tim.o(i.HAL_TIM_Encoder_MspDeInit), (2 bytes).
    Removing stm32l0xx_hal_tim.o(i.HAL_TIM_Encoder_MspInit), (2 bytes).
    Removing stm32l0xx_hal_tim.o(i.HAL_TIM_Encoder_Start), (52 bytes).
    Removing stm32l0xx_hal_tim.o(i.HAL_TIM_Encoder_Start_DMA), (284 bytes).
    Removing stm32l0xx_hal_tim.o(i.HAL_TIM_Encoder_Start_IT), (92 bytes).
    Removing stm32l0xx_hal_tim.o(i.HAL_TIM_Encoder_Stop), (64 bytes).
    Removing stm32l0xx_hal_tim.o(i.HAL_TIM_Encoder_Stop_DMA), (112 bytes).
    Removing stm32l0xx_hal_tim.o(i.HAL_TIM_Encoder_Stop_IT), (112 bytes).
    Removing stm32l0xx_hal_tim.o(i.HAL_TIM_ErrorCallback), (2 bytes).
    Removing stm32l0xx_hal_tim.o(i.HAL_TIM_GenerateEvent), (36 bytes).
    Removing stm32l0xx_hal_tim.o(i.HAL_TIM_IC_CaptureCallback), (2 bytes).
    Removing stm32l0xx_hal_tim.o(i.HAL_TIM_IC_ConfigChannel), (288 bytes).
    Removing stm32l0xx_hal_tim.o(i.HAL_TIM_IC_DeInit), (44 bytes).
    Removing stm32l0xx_hal_tim.o(i.HAL_TIM_IC_GetState), (6 bytes).
    Removing stm32l0xx_hal_tim.o(i.HAL_TIM_IC_Init), (48 bytes).
    Removing stm32l0xx_hal_tim.o(i.HAL_TIM_IC_MspDeInit), (2 bytes).
    Removing stm32l0xx_hal_tim.o(i.HAL_TIM_IC_MspInit), (2 bytes).
    Removing stm32l0xx_hal_tim.o(i.HAL_TIM_IC_Start), (26 bytes).
    Removing stm32l0xx_hal_tim.o(i.HAL_TIM_IC_Start_DMA), (212 bytes).
    Removing stm32l0xx_hal_tim.o(i.HAL_TIM_IC_Start_IT), (72 bytes).
    Removing stm32l0xx_hal_tim.o(i.HAL_TIM_IC_Stop), (40 bytes).
    Removing stm32l0xx_hal_tim.o(i.HAL_TIM_IC_Stop_DMA), (100 bytes).
    Removing stm32l0xx_hal_tim.o(i.HAL_TIM_IC_Stop_IT), (84 bytes).
    Removing stm32l0xx_hal_tim.o(i.HAL_TIM_IRQHandler), (294 bytes).
    Removing stm32l0xx_hal_tim.o(i.HAL_TIM_OC_ConfigChannel), (80 bytes).
    Removing stm32l0xx_hal_tim.o(i.HAL_TIM_OC_DeInit), (44 bytes).
    Removing stm32l0xx_hal_tim.o(i.HAL_TIM_OC_DelayElapsedCallback), (2 bytes).
    Removing stm32l0xx_hal_tim.o(i.HAL_TIM_OC_GetState), (6 bytes).
    Removing stm32l0xx_hal_tim.o(i.HAL_TIM_OC_Init), (48 bytes).
    Removing stm32l0xx_hal_tim.o(i.HAL_TIM_OC_MspDeInit), (2 bytes).
    Removing stm32l0xx_hal_tim.o(i.HAL_TIM_OC_MspInit), (2 bytes).
    Removing stm32l0xx_hal_tim.o(i.HAL_TIM_OC_Start), (26 bytes).
    Removing stm32l0xx_hal_tim.o(i.HAL_TIM_OC_Start_DMA), (220 bytes).
    Removing stm32l0xx_hal_tim.o(i.HAL_TIM_OC_Start_IT), (72 bytes).
    Removing stm32l0xx_hal_tim.o(i.HAL_TIM_OC_Stop), (40 bytes).
    Removing stm32l0xx_hal_tim.o(i.HAL_TIM_OC_Stop_DMA), (100 bytes).
    Removing stm32l0xx_hal_tim.o(i.HAL_TIM_OC_Stop_IT), (84 bytes).
    Removing stm32l0xx_hal_tim.o(i.HAL_TIM_OnePulse_ConfigChannel), (202 bytes).
    Removing stm32l0xx_hal_tim.o(i.HAL_TIM_OnePulse_DeInit), (44 bytes).
    Removing stm32l0xx_hal_tim.o(i.HAL_TIM_OnePulse_GetState), (6 bytes).
    Removing stm32l0xx_hal_tim.o(i.HAL_TIM_OnePulse_Init), (68 bytes).
    Removing stm32l0xx_hal_tim.o(i.HAL_TIM_OnePulse_MspDeInit), (2 bytes).
    Removing stm32l0xx_hal_tim.o(i.HAL_TIM_OnePulse_MspInit), (2 bytes).
    Removing stm32l0xx_hal_tim.o(i.HAL_TIM_OnePulse_Start), (28 bytes).
    Removing stm32l0xx_hal_tim.o(i.HAL_TIM_OnePulse_Start_IT), (48 bytes).
    Removing stm32l0xx_hal_tim.o(i.HAL_TIM_OnePulse_Stop), (52 bytes).
    Removing stm32l0xx_hal_tim.o(i.HAL_TIM_OnePulse_Stop_IT), (72 bytes).
    Removing stm32l0xx_hal_tim.o(i.HAL_TIM_PWM_ConfigChannel), (208 bytes).
    Removing stm32l0xx_hal_tim.o(i.HAL_TIM_PWM_DeInit), (44 bytes).
    Removing stm32l0xx_hal_tim.o(i.HAL_TIM_PWM_GetState), (6 bytes).
    Removing stm32l0xx_hal_tim.o(i.HAL_TIM_PWM_Init), (48 bytes).
    Removing stm32l0xx_hal_tim.o(i.HAL_TIM_PWM_MspDeInit), (2 bytes).
    Removing stm32l0xx_hal_tim.o(i.HAL_TIM_PWM_MspInit), (2 bytes).
    Removing stm32l0xx_hal_tim.o(i.HAL_TIM_PWM_PulseFinishedCallback), (2 bytes).
    Removing stm32l0xx_hal_tim.o(i.HAL_TIM_PWM_Start), (26 bytes).
    Removing stm32l0xx_hal_tim.o(i.HAL_TIM_PWM_Start_DMA), (220 bytes).
    Removing stm32l0xx_hal_tim.o(i.HAL_TIM_PWM_Start_IT), (72 bytes).
    Removing stm32l0xx_hal_tim.o(i.HAL_TIM_PWM_Stop), (44 bytes).
    Removing stm32l0xx_hal_tim.o(i.HAL_TIM_PWM_Stop_DMA), (100 bytes).
    Removing stm32l0xx_hal_tim.o(i.HAL_TIM_PWM_Stop_IT), (84 bytes).
    Removing stm32l0xx_hal_tim.o(i.HAL_TIM_PeriodElapsedCallback), (2 bytes).
    Removing stm32l0xx_hal_tim.o(i.HAL_TIM_ReadCapturedValue), (70 bytes).
    Removing stm32l0xx_hal_tim.o(i.HAL_TIM_SlaveConfigSynchronization), (60 bytes).
    Removing stm32l0xx_hal_tim.o(i.HAL_TIM_SlaveConfigSynchronization_IT), (60 bytes).
    Removing stm32l0xx_hal_tim.o(i.HAL_TIM_TriggerCallback), (2 bytes).
    Removing stm32l0xx_hal_tim.o(i.TIM_Base_SetConfig), (80 bytes).
    Removing stm32l0xx_hal_tim.o(i.TIM_CCxChannelCmd), (22 bytes).
    Removing stm32l0xx_hal_tim.o(i.TIM_DMACaptureCplt), (62 bytes).
    Removing stm32l0xx_hal_tim.o(i.TIM_DMADelayPulseCplt), (62 bytes).
    Removing stm32l0xx_hal_tim.o(i.TIM_DMAError), (16 bytes).
    Removing stm32l0xx_hal_tim.o(i.TIM_DMAPeriodElapsedCplt), (16 bytes).
    Removing stm32l0xx_hal_tim.o(i.TIM_DMATriggerCplt), (16 bytes).
    Removing stm32l0xx_hal_tim.o(i.TIM_ETR_SetConfig), (22 bytes).
    Removing stm32l0xx_hal_tim.o(i.TIM_ITRx_SetConfig), (16 bytes).
    Removing stm32l0xx_hal_tim.o(i.TIM_OC1_SetConfig), (48 bytes).
    Removing stm32l0xx_hal_tim.o(i.TIM_OC2_SetConfig), (50 bytes).
    Removing stm32l0xx_hal_tim.o(i.TIM_OC3_SetConfig), (54 bytes).
    Removing stm32l0xx_hal_tim.o(i.TIM_OC4_SetConfig), (54 bytes).
    Removing stm32l0xx_hal_tim.o(i.TIM_SlaveTimer_SetConfig), (122 bytes).
    Removing stm32l0xx_hal_tim.o(i.TIM_TI1_ConfigInputStage), (34 bytes).
    Removing stm32l0xx_hal_tim.o(i.TIM_TI1_SetConfig), (80 bytes).
    Removing stm32l0xx_hal_tim.o(i.TIM_TI2_ConfigInputStage), (38 bytes).
    Removing stm32l0xx_hal_tim.o(i.TIM_TI2_SetConfig), (52 bytes).
    Removing stm32l0xx_hal_tim_ex.o(.rev16_text), (4 bytes).
    Removing stm32l0xx_hal_tim_ex.o(.revsh_text), (4 bytes).
    Removing stm32l0xx_hal_tim_ex.o(i.HAL_TIMEx_MasterConfigSynchronization), (72 bytes).
    Removing stm32l0xx_hal_tim_ex.o(i.HAL_TIMEx_RemapConfig), (30 bytes).
    Removing stm32l0xx_hal_tsc.o(.rev16_text), (4 bytes).
    Removing stm32l0xx_hal_tsc.o(.revsh_text), (4 bytes).
    Removing stm32l0xx_hal_uart.o(.rev16_text), (4 bytes).
    Removing stm32l0xx_hal_uart.o(.revsh_text), (4 bytes).
    Removing stm32l0xx_hal_uart.o(i.HAL_HalfDuplex_EnableReceiver), (52 bytes).
    Removing stm32l0xx_hal_uart.o(i.HAL_HalfDuplex_EnableTransmitter), (52 bytes).
    Removing stm32l0xx_hal_uart.o(i.HAL_HalfDuplex_Init), (104 bytes).
    Removing stm32l0xx_hal_uart.o(i.HAL_LIN_Init), (134 bytes).
    Removing stm32l0xx_hal_uart.o(i.HAL_LIN_SendBreak), (40 bytes).
    Removing stm32l0xx_hal_uart.o(i.HAL_MultiProcessor_DisableMuteMode), (42 bytes).
    Removing stm32l0xx_hal_uart.o(i.HAL_MultiProcessor_EnableMuteMode), (42 bytes).
    Removing stm32l0xx_hal_uart.o(i.HAL_MultiProcessor_EnterMuteMode), (12 bytes).
    Removing stm32l0xx_hal_uart.o(i.HAL_MultiProcessor_Init), (138 bytes).
    Removing stm32l0xx_hal_uart.o(i.HAL_UART_DMAPause), (78 bytes).
    Removing stm32l0xx_hal_uart.o(i.HAL_UART_DMAResume), (88 bytes).
    Removing stm32l0xx_hal_uart.o(i.HAL_UART_DMAStop), (54 bytes).
    Removing stm32l0xx_hal_uart.o(i.HAL_UART_DeInit), (60 bytes).
    Removing stm32l0xx_hal_uart.o(i.HAL_UART_ErrorCallback), (2 bytes).
    Removing stm32l0xx_hal_uart.o(i.HAL_UART_GetError), (4 bytes).
    Removing stm32l0xx_hal_uart.o(i.HAL_UART_GetState), (6 bytes).
    Removing stm32l0xx_hal_uart.o(i.HAL_UART_IRQHandler), (240 bytes).
    Removing stm32l0xx_hal_uart.o(i.HAL_UART_Init), (104 bytes).
    Removing stm32l0xx_hal_uart.o(i.HAL_UART_MspDeInit), (2 bytes).
    Removing stm32l0xx_hal_uart.o(i.HAL_UART_MspInit), (2 bytes).
    Removing stm32l0xx_hal_uart.o(i.HAL_UART_Receive), (244 bytes).
    Removing stm32l0xx_hal_uart.o(i.HAL_UART_Receive_DMA), (132 bytes).
    Removing stm32l0xx_hal_uart.o(i.HAL_UART_Receive_IT), (172 bytes).
    Removing stm32l0xx_hal_uart.o(i.HAL_UART_RxCpltCallback), (2 bytes).
    Removing stm32l0xx_hal_uart.o(i.HAL_UART_RxHalfCpltCallback), (2 bytes).
    Removing stm32l0xx_hal_uart.o(i.HAL_UART_Transmit), (186 bytes).
    Removing stm32l0xx_hal_uart.o(i.HAL_UART_Transmit_DMA), (140 bytes).
    Removing stm32l0xx_hal_uart.o(i.HAL_UART_Transmit_IT), (100 bytes).
    Removing stm32l0xx_hal_uart.o(i.HAL_UART_TxCpltCallback), (2 bytes).
    Removing stm32l0xx_hal_uart.o(i.HAL_UART_TxHalfCpltCallback), (2 bytes).
    Removing stm32l0xx_hal_uart.o(i.UART_AdvFeatureConfig), (202 bytes).
    Removing stm32l0xx_hal_uart.o(i.UART_CheckIdleState), (84 bytes).
    Removing stm32l0xx_hal_uart.o(i.UART_DMAError), (34 bytes).
    Removing stm32l0xx_hal_uart.o(i.UART_DMAReceiveCplt), (54 bytes).
    Removing stm32l0xx_hal_uart.o(i.UART_DMARxHalfCplt), (10 bytes).
    Removing stm32l0xx_hal_uart.o(i.UART_DMATransmitCplt), (48 bytes).
    Removing stm32l0xx_hal_uart.o(i.UART_DMATxHalfCplt), (10 bytes).
    Removing stm32l0xx_hal_uart.o(i.UART_Receive_IT), (148 bytes).
    Removing stm32l0xx_hal_uart.o(i.UART_SetConfig), (532 bytes).
    Removing stm32l0xx_hal_uart.o(i.UART_Transmit_IT), (110 bytes).
    Removing stm32l0xx_hal_uart.o(i.UART_WaitOnFlagUntilTimeout), (174 bytes).
    Removing stm32l0xx_hal_uart_ex.o(.rev16_text), (4 bytes).
    Removing stm32l0xx_hal_uart_ex.o(.revsh_text), (4 bytes).
    Removing stm32l0xx_hal_uart_ex.o(i.HAL_MultiProcessorEx_AddressLength_Set), (54 bytes).
    Removing stm32l0xx_hal_uart_ex.o(i.HAL_RS485Ex_Init), (136 bytes).
    Removing stm32l0xx_hal_uart_ex.o(i.HAL_UARTEx_DisableClockStopMode), (42 bytes).
    Removing stm32l0xx_hal_uart_ex.o(i.HAL_UARTEx_DisableStopMode), (40 bytes).
    Removing stm32l0xx_hal_uart_ex.o(i.HAL_UARTEx_EnableClockStopMode), (42 bytes).
    Removing stm32l0xx_hal_uart_ex.o(i.HAL_UARTEx_EnableStopMode), (40 bytes).
    Removing stm32l0xx_hal_uart_ex.o(i.HAL_UARTEx_StopModeWakeUpSourceConfig), (134 bytes).
    Removing stm32l0xx_hal_uart_ex.o(i.HAL_UARTEx_WakeupCallback), (2 bytes).
    Removing stm32l0xx_hal_usart.o(.rev16_text), (4 bytes).
    Removing stm32l0xx_hal_usart.o(.revsh_text), (4 bytes).
    Removing stm32l0xx_hal_wwdg.o(.rev16_text), (4 bytes).
    Removing stm32l0xx_hal_wwdg.o(.revsh_text), (4 bytes).
    Removing clock.o(.rev16_text), (4 bytes).
    Removing clock.o(.revsh_text), (4 bytes).
    Removing crc.o(.rev16_text), (4 bytes).
    Removing crc.o(.revsh_text), (4 bytes).
    Removing crc.o(i.HAL_CRC_MspDeInit), (24 bytes).
    Removing crc.o(i.HAL_CRC_MspInit), (24 bytes).
    Removing crc.o(i.crc32Deinit), (16 bytes).
    Removing crc.o(i.crc32Init), (56 bytes).
    Removing crc.o(i.crcCheck16), (48 bytes).
    Removing crc.o(i.crcCheck32), (92 bytes).
    Removing crc.o(.bss), (36 bytes).
    Removing flash.o(.rev16_text), (4 bytes).
    Removing flash.o(.revsh_text), (4 bytes).
    Removing flash.o(i.flashPageErase), (48 bytes).
    Removing flash.o(i.flashWordWrite), (70 bytes).
    Removing stop.o(.rev16_text), (4 bytes).
    Removing stop.o(.revsh_text), (4 bytes).
    Removing stop.o(i.HAL_RTC_MspDeInit), (20 bytes).
    Removing stop.o(i.HAL_RTC_MspInit), (88 bytes).
    Removing stop.o(i.enterStopMode), (12 bytes).
    Removing stop.o(i.setWakeUpPeriod), (32 bytes).
    Removing stop.o(i.wakeUpConfig), (72 bytes).
    Removing stop.o(i.wakeUpDisable), (20 bytes).
    Removing uart.o(.rev16_text), (4 bytes).
    Removing uart.o(.revsh_text), (4 bytes).
    Removing uart.o(i.HAL_UART_MspDeInit), (52 bytes).
    Removing uart.o(i.HAL_UART_MspInit), (112 bytes).
    Removing uart.o(i.disableUart), (16 bytes).
    Removing uart.o(i.setReady), (12 bytes).
    Removing uart.o(i.uartGetError), (16 bytes).
    Removing uart.o(i.uartIRQHandler), (16 bytes).
    Removing uart.o(i.uartInit), (48 bytes).
    Removing uart.o(i.uartReceive_Block), (24 bytes).
    Removing uart.o(i.uartReceive_IT), (44 bytes).
    Removing uart.o(i.uartSendString_IT), (56 bytes).
    Removing uart.o(i.uartSend_IT), (44 bytes).
    Removing uart.o(.bss), (112 bytes).
    Removing uart.o(.data), (1 bytes).
    Removing jump.o(.rev16_text), (4 bytes).
    Removing jump.o(.revsh_text), (4 bytes).
    Removing jump.o(i.jump), (20 bytes).
    Removing jump.o(.data), (8 bytes).
    Removing stm32l0xx_hal_msp.o(.rev16_text), (4 bytes).
    Removing stm32l0xx_hal_msp.o(.revsh_text), (4 bytes).
    Removing stm32l0xx_it.o(.rev16_text), (4 bytes).
    Removing stm32l0xx_it.o(.revsh_text), (4 bytes).
    Removing stm32l0xx_it.o(i.HAL_UART_RxCpltCallback), (2 bytes).
    Removing stm32l0xx_it.o(i.HAL_UART_TxCpltCallback), (2 bytes).
    Removing stm32l0538_discovery.o(.rev16_text), (4 bytes).
    Removing stm32l0538_discovery.o(.revsh_text), (4 bytes).
    Removing stm32l0538_discovery.o(i.BSP_GetVersion), (8 bytes).
    Removing stm32l0538_discovery.o(i.BSP_LED_Init), (88 bytes).
    Removing stm32l0538_discovery.o(i.BSP_LED_Off), (32 bytes).
    Removing stm32l0538_discovery.o(i.BSP_LED_On), (32 bytes).
    Removing stm32l0538_discovery.o(i.BSP_LED_Toggle), (28 bytes).
    Removing stm32l0538_discovery.o(i.BSP_PB_GetState), (28 bytes).
    Removing stm32l0538_discovery.o(i.BSP_PB_Init), (120 bytes).
    Removing stm32l0538_discovery.o(.constdata), (8 bytes).
    Removing stm32l0538_discovery.o(.data), (12 bytes).
    Removing system_stm32l0xx.o(.rev16_text), (4 bytes).
    Removing system_stm32l0xx.o(.revsh_text), (4 bytes).
    Removing system_stm32l0xx.o(i.SystemCoreClockUpdate), (148 bytes).
    Removing main.o(.rev16_text), (4 bytes).
    Removing main.o(.revsh_text), (4 bytes).
    Removing startup_stm32l053xx.o(HEAP), (512 bytes).
    Removing led.o(.rev16_text), (4 bytes).
    Removing led.o(.revsh_text), (4 bytes).
    Removing ddiv.o(.text), (240 bytes).
    Removing dscalb.o(.text), (44 bytes).
    Removing dfltui.o(.text), (28 bytes).
    Removing dfixui.o(.text), (60 bytes).
    Removing depilogue.o(.text), (190 bytes).
    Removing stm32l0xx_hal_tim.o(i.__ARM_common_switch8), (26 bytes).
    Removing depilogue.o(i.__ARM_clz), (46 bytes).

559 unused section(s) (total 32788 bytes) removed from the image.

==============================================================================

Image Symbol Table

    Local Symbols

    Symbol Name                              Value     Ov Type        Size  Object(Section)

    ../clib/microlib/division.c              0x00000000   Number         0  uidiv.o ABSOLUTE
    ../clib/microlib/init/entry.s            0x00000000   Number         0  entry.o ABSOLUTE
    ../clib/microlib/init/entry.s            0x00000000   Number         0  entry9a.o ABSOLUTE
    ../clib/microlib/init/entry.s            0x00000000   Number         0  entry9b.o ABSOLUTE
    ../clib/microlib/init/entry.s            0x00000000   Number         0  entry10a.o ABSOLUTE
    ../clib/microlib/init/entry.s            0x00000000   Number         0  entry2.o ABSOLUTE
    ../clib/microlib/init/entry.s            0x00000000   Number         0  entry10b.o ABSOLUTE
    ../clib/microlib/init/entry.s            0x00000000   Number         0  entry11a.o ABSOLUTE
    ../clib/microlib/init/entry.s            0x00000000   Number         0  entry11b.o ABSOLUTE
    ../clib/microlib/init/entry.s            0x00000000   Number         0  entry8b.o ABSOLUTE
    ../clib/microlib/init/entry.s            0x00000000   Number         0  entry8a.o ABSOLUTE
    ../clib/microlib/init/entry.s            0x00000000   Number         0  entry7b.o ABSOLUTE
    ../clib/microlib/init/entry.s            0x00000000   Number         0  entry7a.o ABSOLUTE
    ../clib/microlib/init/entry.s            0x00000000   Number         0  entry5.o ABSOLUTE
    ../clib/microlib/longlong.c              0x00000000   Number         0  llushr.o ABSOLUTE
    ../clib/microlib/longlong.c              0x00000000   Number         0  llshl.o ABSOLUTE
    ../clib/microlib/string/memcpy.c         0x00000000   Number         0  memcpya.o ABSOLUTE
    ../clib/microlib/string/memcpy.c         0x00000000   Number         0  memcpyb.o ABSOLUTE
    ../clib/microlib/string/memset.c         0x00000000   Number         0  memseta.o ABSOLUTE
    ../clib/microlib/stubs.s                 0x00000000   Number         0  iusefp.o ABSOLUTE
    ../clib/microlib/unhosted.c              0x00000000   Number         0  uread4.o ABSOLUTE
    ../fplib/microlib/fpdiv.c                0x00000000   Number         0  ddiv.o ABSOLUTE
    ../fplib/microlib/fpepilogue.c           0x00000000   Number         0  depilogue.o ABSOLUTE
    ../fplib/microlib/fpfix.c                0x00000000   Number         0  dfixui.o ABSOLUTE
    ../fplib/microlib/fpflt.c                0x00000000   Number         0  dfltui.o ABSOLUTE
    ../fplib/microlib/fpscalb.c              0x00000000   Number         0  dscalb.o ABSOLUTE
    ..\\module\\led.c                        0x00000000   Number         0  led.o ABSOLUTE
    ..\\src\\hal_driver\\Src\\stm32l0xx_hal.c 0x00000000   Number         0  stm32l0xx_hal.o ABSOLUTE
    ..\\src\\hal_driver\\Src\\stm32l0xx_hal_adc.c 0x00000000   Number         0  stm32l0xx_hal_adc.o ABSOLUTE
    ..\\src\\hal_driver\\Src\\stm32l0xx_hal_adc_ex.c 0x00000000   Number         0  stm32l0xx_hal_adc_ex.o ABSOLUTE
    ..\\src\\hal_driver\\Src\\stm32l0xx_hal_comp.c 0x00000000   Number         0  stm32l0xx_hal_comp.o ABSOLUTE
    ..\\src\\hal_driver\\Src\\stm32l0xx_hal_comp_ex.c 0x00000000   Number         0  stm32l0xx_hal_comp_ex.o ABSOLUTE
    ..\\src\\hal_driver\\Src\\stm32l0xx_hal_cortex.c 0x00000000   Number         0  stm32l0xx_hal_cortex.o ABSOLUTE
    ..\\src\\hal_driver\\Src\\stm32l0xx_hal_crc.c 0x00000000   Number         0  stm32l0xx_hal_crc.o ABSOLUTE
    ..\\src\\hal_driver\\Src\\stm32l0xx_hal_crc_ex.c 0x00000000   Number         0  stm32l0xx_hal_crc_ex.o ABSOLUTE
    ..\\src\\hal_driver\\Src\\stm32l0xx_hal_dac.c 0x00000000   Number         0  stm32l0xx_hal_dac.o ABSOLUTE
    ..\\src\\hal_driver\\Src\\stm32l0xx_hal_dac_ex.c 0x00000000   Number         0  stm32l0xx_hal_dac_ex.o ABSOLUTE
    ..\\src\\hal_driver\\Src\\stm32l0xx_hal_dma.c 0x00000000   Number         0  stm32l0xx_hal_dma.o ABSOLUTE
    ..\\src\\hal_driver\\Src\\stm32l0xx_hal_firewall.c 0x00000000   Number         0  stm32l0xx_hal_firewall.o ABSOLUTE
    ..\\src\\hal_driver\\Src\\stm32l0xx_hal_flash.c 0x00000000   Number         0  stm32l0xx_hal_flash.o ABSOLUTE
    ..\\src\\hal_driver\\Src\\stm32l0xx_hal_flash_ex.c 0x00000000   Number         0  stm32l0xx_hal_flash_ex.o ABSOLUTE
    ..\\src\\hal_driver\\Src\\stm32l0xx_hal_flash_ramfunc.c 0x00000000   Number         0  stm32l0xx_hal_flash_ramfunc.o ABSOLUTE
    ..\\src\\hal_driver\\Src\\stm32l0xx_hal_gpio.c 0x00000000   Number         0  stm32l0xx_hal_gpio.o ABSOLUTE
    ..\\src\\hal_driver\\Src\\stm32l0xx_hal_i2c.c 0x00000000   Number         0  stm32l0xx_hal_i2c.o ABSOLUTE
    ..\\src\\hal_driver\\Src\\stm32l0xx_hal_i2c_ex.c 0x00000000   Number         0  stm32l0xx_hal_i2c_ex.o ABSOLUTE
    ..\\src\\hal_driver\\Src\\stm32l0xx_hal_i2s.c 0x00000000   Number         0  stm32l0xx_hal_i2s.o ABSOLUTE
    ..\\src\\hal_driver\\Src\\stm32l0xx_hal_irda.c 0x00000000   Number         0  stm32l0xx_hal_irda.o ABSOLUTE
    ..\\src\\hal_driver\\Src\\stm32l0xx_hal_iwdg.c 0x00000000   Number         0  stm32l0xx_hal_iwdg.o ABSOLUTE
    ..\\src\\hal_driver\\Src\\stm32l0xx_hal_lcd.c 0x00000000   Number         0  stm32l0xx_hal_lcd.o ABSOLUTE
    ..\\src\\hal_driver\\Src\\stm32l0xx_hal_lptim.c 0x00000000   Number         0  stm32l0xx_hal_lptim.o ABSOLUTE
    ..\\src\\hal_driver\\Src\\stm32l0xx_hal_msp_template.c 0x00000000   Number         0  stm32l0xx_hal_msp_template.o ABSOLUTE
    ..\\src\\hal_driver\\Src\\stm32l0xx_hal_pcd.c 0x00000000   Number         0  stm32l0xx_hal_pcd.o ABSOLUTE
    ..\\src\\hal_driver\\Src\\stm32l0xx_hal_pcd_ex.c 0x00000000   Number         0  stm32l0xx_hal_pcd_ex.o ABSOLUTE
    ..\\src\\hal_driver\\Src\\stm32l0xx_hal_pwr.c 0x00000000   Number         0  stm32l0xx_hal_pwr.o ABSOLUTE
    ..\\src\\hal_driver\\Src\\stm32l0xx_hal_pwr_ex.c 0x00000000   Number         0  stm32l0xx_hal_pwr_ex.o ABSOLUTE
    ..\\src\\hal_driver\\Src\\stm32l0xx_hal_rcc.c 0x00000000   Number         0  stm32l0xx_hal_rcc.o ABSOLUTE
    ..\\src\\hal_driver\\Src\\stm32l0xx_hal_rcc_ex.c 0x00000000   Number         0  stm32l0xx_hal_rcc_ex.o ABSOLUTE
    ..\\src\\hal_driver\\Src\\stm32l0xx_hal_rng.c 0x00000000   Number         0  stm32l0xx_hal_rng.o ABSOLUTE
    ..\\src\\hal_driver\\Src\\stm32l0xx_hal_rtc.c 0x00000000   Number         0  stm32l0xx_hal_rtc.o ABSOLUTE
    ..\\src\\hal_driver\\Src\\stm32l0xx_hal_rtc_ex.c 0x00000000   Number         0  stm32l0xx_hal_rtc_ex.o ABSOLUTE
    ..\\src\\hal_driver\\Src\\stm32l0xx_hal_smartcard.c 0x00000000   Number         0  stm32l0xx_hal_smartcard.o ABSOLUTE
    ..\\src\\hal_driver\\Src\\stm32l0xx_hal_smartcard_ex.c 0x00000000   Number         0  stm32l0xx_hal_smartcard_ex.o ABSOLUTE
    ..\\src\\hal_driver\\Src\\stm32l0xx_hal_smbus.c 0x00000000   Number         0  stm32l0xx_hal_smbus.o ABSOLUTE
    ..\\src\\hal_driver\\Src\\stm32l0xx_hal_spi.c 0x00000000   Number         0  stm32l0xx_hal_spi.o ABSOLUTE
    ..\\src\\hal_driver\\Src\\stm32l0xx_hal_tim.c 0x00000000   Number         0  stm32l0xx_hal_tim.o ABSOLUTE
    ..\\src\\hal_driver\\Src\\stm32l0xx_hal_tim_ex.c 0x00000000   Number         0  stm32l0xx_hal_tim_ex.o ABSOLUTE
    ..\\src\\hal_driver\\Src\\stm32l0xx_hal_tsc.c 0x00000000   Number         0  stm32l0xx_hal_tsc.o ABSOLUTE
    ..\\src\\hal_driver\\Src\\stm32l0xx_hal_uart.c 0x00000000   Number         0  stm32l0xx_hal_uart.o ABSOLUTE
    ..\\src\\hal_driver\\Src\\stm32l0xx_hal_uart_ex.c 0x00000000   Number         0  stm32l0xx_hal_uart_ex.o ABSOLUTE
    ..\\src\\hal_driver\\Src\\stm32l0xx_hal_usart.c 0x00000000   Number         0  stm32l0xx_hal_usart.o ABSOLUTE
    ..\\src\\hal_driver\\Src\\stm32l0xx_hal_wwdg.c 0x00000000   Number         0  stm32l0xx_hal_wwdg.o ABSOLUTE
    ..\\src\\perpherial\\Src\\clock.c        0x00000000   Number         0  clock.o ABSOLUTE
    ..\\src\\perpherial\\Src\\crc.c          0x00000000   Number         0  crc.o ABSOLUTE
    ..\\src\\perpherial\\Src\\flash.c        0x00000000   Number         0  flash.o ABSOLUTE
    ..\\src\\perpherial\\Src\\stop.c         0x00000000   Number         0  stop.o ABSOLUTE
    ..\\src\\perpherial\\Src\\uart.c         0x00000000   Number         0  uart.o ABSOLUTE
    ..\\src\\user\\Src\\jump.c               0x00000000   Number         0  jump.o ABSOLUTE
    ..\\src\\user\\Src\\main.c               0x00000000   Number         0  main.o ABSOLUTE
    ..\\src\\user\\Src\\stm32l0538_discovery.c 0x00000000   Number         0  stm32l0538_discovery.o ABSOLUTE
    ..\\src\\user\\Src\\stm32l0xx_hal_msp.c  0x00000000   Number         0  stm32l0xx_hal_msp.o ABSOLUTE
    ..\\src\\user\\Src\\stm32l0xx_it.c       0x00000000   Number         0  stm32l0xx_it.o ABSOLUTE
    ..\\src\\user\\Src\\system_stm32l0xx.c   0x00000000   Number         0  system_stm32l0xx.o ABSOLUTE
    ..\module\led.c                          0x00000000   Number         0  led.o ABSOLUTE
    ..\src\appConfig\appConfig.c             0x00000000   Number         0  appconfig.o ABSOLUTE
    ..\src\hal_driver\Src\stm32l0xx_hal.c    0x00000000   Number         0  stm32l0xx_hal.o ABSOLUTE
    ..\src\hal_driver\Src\stm32l0xx_hal_adc.c 0x00000000   Number         0  stm32l0xx_hal_adc.o ABSOLUTE
    ..\src\hal_driver\Src\stm32l0xx_hal_adc_ex.c 0x00000000   Number         0  stm32l0xx_hal_adc_ex.o ABSOLUTE
    ..\src\hal_driver\Src\stm32l0xx_hal_comp.c 0x00000000   Number         0  stm32l0xx_hal_comp.o ABSOLUTE
    ..\src\hal_driver\Src\stm32l0xx_hal_comp_ex.c 0x00000000   Number         0  stm32l0xx_hal_comp_ex.o ABSOLUTE
    ..\src\hal_driver\Src\stm32l0xx_hal_cortex.c 0x00000000   Number         0  stm32l0xx_hal_cortex.o ABSOLUTE
    ..\src\hal_driver\Src\stm32l0xx_hal_crc.c 0x00000000   Number         0  stm32l0xx_hal_crc.o ABSOLUTE
    ..\src\hal_driver\Src\stm32l0xx_hal_crc_ex.c 0x00000000   Number         0  stm32l0xx_hal_crc_ex.o ABSOLUTE
    ..\src\hal_driver\Src\stm32l0xx_hal_cryp.c 0x00000000   Number         0  stm32l0xx_hal_cryp.o ABSOLUTE
    ..\src\hal_driver\Src\stm32l0xx_hal_cryp_ex.c 0x00000000   Number         0  stm32l0xx_hal_cryp_ex.o ABSOLUTE
    ..\src\hal_driver\Src\stm32l0xx_hal_dac.c 0x00000000   Number         0  stm32l0xx_hal_dac.o ABSOLUTE
    ..\src\hal_driver\Src\stm32l0xx_hal_dac_ex.c 0x00000000   Number         0  stm32l0xx_hal_dac_ex.o ABSOLUTE
    ..\src\hal_driver\Src\stm32l0xx_hal_dma.c 0x00000000   Number         0  stm32l0xx_hal_dma.o ABSOLUTE
    ..\src\hal_driver\Src\stm32l0xx_hal_firewall.c 0x00000000   Number         0  stm32l0xx_hal_firewall.o ABSOLUTE
    ..\src\hal_driver\Src\stm32l0xx_hal_flash.c 0x00000000   Number         0  stm32l0xx_hal_flash.o ABSOLUTE
    ..\src\hal_driver\Src\stm32l0xx_hal_flash_ex.c 0x00000000   Number         0  stm32l0xx_hal_flash_ex.o ABSOLUTE
    ..\src\hal_driver\Src\stm32l0xx_hal_flash_ramfunc.c 0x00000000   Number         0  stm32l0xx_hal_flash_ramfunc.o ABSOLUTE
    ..\src\hal_driver\Src\stm32l0xx_hal_gpio.c 0x00000000   Number         0  stm32l0xx_hal_gpio.o ABSOLUTE
    ..\src\hal_driver\Src\stm32l0xx_hal_i2c.c 0x00000000   Number         0  stm32l0xx_hal_i2c.o ABSOLUTE
    ..\src\hal_driver\Src\stm32l0xx_hal_i2c_ex.c 0x00000000   Number         0  stm32l0xx_hal_i2c_ex.o ABSOLUTE
    ..\src\hal_driver\Src\stm32l0xx_hal_i2s.c 0x00000000   Number         0  stm32l0xx_hal_i2s.o ABSOLUTE
    ..\src\hal_driver\Src\stm32l0xx_hal_irda.c 0x00000000   Number         0  stm32l0xx_hal_irda.o ABSOLUTE
    ..\src\hal_driver\Src\stm32l0xx_hal_iwdg.c 0x00000000   Number         0  stm32l0xx_hal_iwdg.o ABSOLUTE
    ..\src\hal_driver\Src\stm32l0xx_hal_lcd.c 0x00000000   Number         0  stm32l0xx_hal_lcd.o ABSOLUTE
    ..\src\hal_driver\Src\stm32l0xx_hal_lptim.c 0x00000000   Number         0  stm32l0xx_hal_lptim.o ABSOLUTE
    ..\src\hal_driver\Src\stm32l0xx_hal_msp_template.c 0x00000000   Number         0  stm32l0xx_hal_msp_template.o ABSOLUTE
    ..\src\hal_driver\Src\stm32l0xx_hal_pcd.c 0x00000000   Number         0  stm32l0xx_hal_pcd.o ABSOLUTE
    ..\src\hal_driver\Src\stm32l0xx_hal_pcd_ex.c 0x00000000   Number         0  stm32l0xx_hal_pcd_ex.o ABSOLUTE
    ..\src\hal_driver\Src\stm32l0xx_hal_pwr.c 0x00000000   Number         0  stm32l0xx_hal_pwr.o ABSOLUTE
    ..\src\hal_driver\Src\stm32l0xx_hal_pwr_ex.c 0x00000000   Number         0  stm32l0xx_hal_pwr_ex.o ABSOLUTE
    ..\src\hal_driver\Src\stm32l0xx_hal_rcc.c 0x00000000   Number         0  stm32l0xx_hal_rcc.o ABSOLUTE
    ..\src\hal_driver\Src\stm32l0xx_hal_rcc_ex.c 0x00000000   Number         0  stm32l0xx_hal_rcc_ex.o ABSOLUTE
    ..\src\hal_driver\Src\stm32l0xx_hal_rng.c 0x00000000   Number         0  stm32l0xx_hal_rng.o ABSOLUTE
    ..\src\hal_driver\Src\stm32l0xx_hal_rtc.c 0x00000000   Number         0  stm32l0xx_hal_rtc.o ABSOLUTE
    ..\src\hal_driver\Src\stm32l0xx_hal_rtc_ex.c 0x00000000   Number         0  stm32l0xx_hal_rtc_ex.o ABSOLUTE
    ..\src\hal_driver\Src\stm32l0xx_hal_smartcard.c 0x00000000   Number         0  stm32l0xx_hal_smartcard.o ABSOLUTE
    ..\src\hal_driver\Src\stm32l0xx_hal_smartcard_ex.c 0x00000000   Number         0  stm32l0xx_hal_smartcard_ex.o ABSOLUTE
    ..\src\hal_driver\Src\stm32l0xx_hal_smbus.c 0x00000000   Number         0  stm32l0xx_hal_smbus.o ABSOLUTE
    ..\src\hal_driver\Src\stm32l0xx_hal_spi.c 0x00000000   Number         0  stm32l0xx_hal_spi.o ABSOLUTE
    ..\src\hal_driver\Src\stm32l0xx_hal_tim.c 0x00000000   Number         0  stm32l0xx_hal_tim.o ABSOLUTE
    ..\src\hal_driver\Src\stm32l0xx_hal_tim_ex.c 0x00000000   Number         0  stm32l0xx_hal_tim_ex.o ABSOLUTE
    ..\src\hal_driver\Src\stm32l0xx_hal_tsc.c 0x00000000   Number         0  stm32l0xx_hal_tsc.o ABSOLUTE
    ..\src\hal_driver\Src\stm32l0xx_hal_uart.c 0x00000000   Number         0  stm32l0xx_hal_uart.o ABSOLUTE
    ..\src\hal_driver\Src\stm32l0xx_hal_uart_ex.c 0x00000000   Number         0  stm32l0xx_hal_uart_ex.o ABSOLUTE
    ..\src\hal_driver\Src\stm32l0xx_hal_usart.c 0x00000000   Number         0  stm32l0xx_hal_usart.o ABSOLUTE
    ..\src\hal_driver\Src\stm32l0xx_hal_wwdg.c 0x00000000   Number         0  stm32l0xx_hal_wwdg.o ABSOLUTE
    ..\src\perpherial\Src\clock.c            0x00000000   Number         0  clock.o ABSOLUTE
    ..\src\perpherial\Src\crc.c              0x00000000   Number         0  crc.o ABSOLUTE
    ..\src\perpherial\Src\flash.c            0x00000000   Number         0  flash.o ABSOLUTE
    ..\src\perpherial\Src\stop.c             0x00000000   Number         0  stop.o ABSOLUTE
    ..\src\perpherial\Src\uart.c             0x00000000   Number         0  uart.o ABSOLUTE
    ..\src\user\Src\jump.c                   0x00000000   Number         0  jump.o ABSOLUTE
    ..\src\user\Src\main.c                   0x00000000   Number         0  main.o ABSOLUTE
    ..\src\user\Src\startup_stm32l053xx.s    0x00000000   Number         0  startup_stm32l053xx.o ABSOLUTE
    ..\src\user\Src\stm32l0538_discovery.c   0x00000000   Number         0  stm32l0538_discovery.o ABSOLUTE
    ..\src\user\Src\stm32l0xx_hal_msp.c      0x00000000   Number         0  stm32l0xx_hal_msp.o ABSOLUTE
    ..\src\user\Src\stm32l0xx_it.c           0x00000000   Number         0  stm32l0xx_it.o ABSOLUTE
    ..\src\user\Src\system_stm32l0xx.c       0x00000000   Number         0  system_stm32l0xx.o ABSOLUTE
    dc.s                                     0x00000000   Number         0  dc.o ABSOLUTE
    handlers.s                               0x00000000   Number         0  handlers.o ABSOLUTE
    init.s                                   0x00000000   Number         0  init.o ABSOLUTE
    RESET                                    0x08000000   Section      192  startup_stm32l053xx.o(RESET)
    .ARM.Collect$$$$00000000                 0x080000c0   Section        0  entry.o(.ARM.Collect$$$$00000000)
    .ARM.Collect$$$$00000001                 0x080000c0   Section        4  entry2.o(.ARM.Collect$$$$00000001)
    .ARM.Collect$$$$00000004                 0x080000c4   Section        4  entry5.o(.ARM.Collect$$$$00000004)
    .ARM.Collect$$$$00000008                 0x080000c8   Section        0  entry7b.o(.ARM.Collect$$$$00000008)
    .ARM.Collect$$$$0000000A                 0x080000c8   Section        0  entry8b.o(.ARM.Collect$$$$0000000A)
    .ARM.Collect$$$$0000000B                 0x080000c8   Section        8  entry9a.o(.ARM.Collect$$$$0000000B)
    .ARM.Collect$$$$0000000D                 0x080000d0   Section        0  entry10a.o(.ARM.Collect$$$$0000000D)
    .ARM.Collect$$$$0000000F                 0x080000d0   Section        0  entry11a.o(.ARM.Collect$$$$0000000F)
    .ARM.Collect$$$$00002712                 0x080000d0   Section        4  entry2.o(.ARM.Collect$$$$00002712)
    __lit__00000000                          0x080000d0   Data           4  entry2.o(.ARM.Collect$$$$00002712)
    .text                                    0x080000d4   Section       36  init.o(.text)
    i.__scatterload_copy                     0x080000f8   Section       14  handlers.o(i.__scatterload_copy)
    i.__scatterload_null                     0x08000106   Section        2  handlers.o(i.__scatterload_null)
    i.__scatterload_zeroinit                 0x08000108   Section       14  handlers.o(i.__scatterload_zeroinit)
    .ARM.__AT_0x08000200                     0x08000200   Section        8  appconfig.o(.ARM.__AT_0x08000200)
    .constdata                               0x08000208   Section       48  appconfig.o(.constdata)
    .ARM.__AT_0x08000300                     0x08000300   Section       16  led.o(.ARM.__AT_0x08000300)
    i.ledInit                                0x08000310   Section        0  led.o(i.ledInit)
    i.ledOff                                 0x0800034c   Section        0  led.o(i.ledOff)
    i.ledOn                                  0x08000358   Section        0  led.o(i.ledOn)
    i.ledToggle                              0x08000364   Section        0  led.o(i.ledToggle)
    .text                                    0x08000400   Section       32  startup_stm32l053xx.o(.text)
    .text                                    0x08000420   Section        0  uidiv.o(.text)
    i.DebugMon_Handler                       0x0800044c   Section        0  stm32l0xx_it.o(i.DebugMon_Handler)
    i.HAL_GetTick                            0x08000450   Section        0  stm32l0xx_hal.o(i.HAL_GetTick)
    i.HAL_IncTick                            0x0800045c   Section        0  stm32l0xx_hal.o(i.HAL_IncTick)
    i.HAL_Init                               0x0800046c   Section        0  stm32l0xx_hal.o(i.HAL_Init)
    i.HAL_InitTick                           0x08000494   Section        0  stm32l0xx_hal.o(i.HAL_InitTick)
    i.HAL_MspInit                            0x080004b6   Section        0  stm32l0xx_hal_msp_template.o(i.HAL_MspInit)
    i.HAL_NVIC_SetPriority                   0x080004b8   Section        0  stm32l0xx_hal_cortex.o(i.HAL_NVIC_SetPriority)
    i.HAL_RCC_ClockConfig                    0x080004c0   Section        0  stm32l0xx_hal_rcc.o(i.HAL_RCC_ClockConfig)
    i.HAL_RCC_GetHCLKFreq                    0x080006c4   Section        0  stm32l0xx_hal_rcc.o(i.HAL_RCC_GetHCLKFreq)
    i.HAL_RCC_GetOscConfig                   0x080006ec   Section        0  stm32l0xx_hal_rcc.o(i.HAL_RCC_GetOscConfig)
    i.HAL_RCC_GetSysClockFreq                0x080007ac   Section        0  stm32l0xx_hal_rcc.o(i.HAL_RCC_GetSysClockFreq)
    i.HAL_RCC_OscConfig                      0x08000830   Section        0  stm32l0xx_hal_rcc.o(i.HAL_RCC_OscConfig)
    i.HAL_RTCEx_WakeUpTimerEventCallback     0x08000c58   Section        0  stop.o(i.HAL_RTCEx_WakeUpTimerEventCallback)
    i.HAL_RTCEx_WakeUpTimerIRQHandler        0x08000c68   Section        0  stm32l0xx_hal_rtc_ex.o(i.HAL_RTCEx_WakeUpTimerIRQHandler)
    i.HAL_SYSTICK_Config                     0x08000ca0   Section        0  stm32l0xx_hal_cortex.o(i.HAL_SYSTICK_Config)
    i.HardFault_Handler                      0x08000cd0   Section        0  stm32l0xx_it.o(i.HardFault_Handler)
    i.NMI_Handler                            0x08000cd2   Section        0  stm32l0xx_it.o(i.NMI_Handler)
    i.NVIC_SetPriority                       0x08000cd4   Section        0  stm32l0xx_hal_cortex.o(i.NVIC_SetPriority)
    NVIC_SetPriority                         0x08000cd5   Thumb Code    60  stm32l0xx_hal_cortex.o(i.NVIC_SetPriority)
    i.PendSV_Handler                         0x08000d18   Section        0  stm32l0xx_it.o(i.PendSV_Handler)
    i.RTC_IRQHandler                         0x08000d1a   Section        0  stm32l0xx_it.o(i.RTC_IRQHandler)
    i.SVC_Handler                            0x08000d22   Section        0  stm32l0xx_it.o(i.SVC_Handler)
    i.SysTick_Handler                        0x08000d24   Section        0  stm32l0xx_it.o(i.SysTick_Handler)
    i.SystemInit                             0x08000d2c   Section        0  system_stm32l0xx.o(i.SystemInit)
    i.USART2_IRQHandler                      0x08000d80   Section        0  stm32l0xx_it.o(i.USART2_IRQHandler)
    i.clkConfig                              0x08000d84   Section        0  clock.o(i.clkConfig)
    i.main                                   0x08000dec   Section        0  main.o(i.main)
    i.wakeUpTimeIRQHandler                   0x08000e38   Section        0  stop.o(i.wakeUpTimeIRQHandler)
    .constdata                               0x08000e48   Section       25  stm32l0xx_hal_rcc.o(.constdata)
    PLLMulTable                              0x08000e48   Data           9  stm32l0xx_hal_rcc.o(.constdata)
    APBAHBPrescTable                         0x08000e51   Data          16  stm32l0xx_hal_rcc.o(.constdata)
    .data                                    0x20000000   Section        4  stm32l0xx_hal.o(.data)
    uwTick                                   0x20000000   Data           4  stm32l0xx_hal.o(.data)
    .data                                    0x20000004   Section       29  system_stm32l0xx.o(.data)
    .data                                    0x20000024   Section       12  main.o(.data)
    .bss                                     0x20000030   Section       36  stop.o(.bss)
    STACK                                    0x20000058   Section     1024  startup_stm32l053xx.o(STACK)

    Global Symbols

    Symbol Name                              Value     Ov Type        Size  Object(Section)

    BuildAttributes$$THM_ISAv3M$S$PE$A:L22$X:L11$S22$IEEE1$IW$USESV6$~STKCKD$USESV7$~SHL$OSPACE$ROPI$EBA8$MICROLIB$REQ8$PRES8$EABIv2 0x00000000   Number         0  anon$$obj.o ABSOLUTE
    __ARM_use_no_argv                        0x00000000   Number         0  main.o ABSOLUTE
    __cpp_initialize__aeabi_                  - Undefined Weak Reference
    __cxa_finalize                            - Undefined Weak Reference
    __decompress                              - Undefined Weak Reference
    _clock_init                               - Undefined Weak Reference
    _microlib_exit                            - Undefined Weak Reference
    __Vectors_Size                           0x000000c0   Number         0  startup_stm32l053xx.o ABSOLUTE
    __Vectors                                0x08000000   Data           4  startup_stm32l053xx.o(RESET)
    __Vectors_End                            0x080000c0   Data           0  startup_stm32l053xx.o(RESET)
    __main                                   0x080000c1   Thumb Code     0  entry.o(.ARM.Collect$$$$00000000)
    _main_stk                                0x080000c1   Thumb Code     0  entry2.o(.ARM.Collect$$$$00000001)
    _main_scatterload                        0x080000c5   Thumb Code     0  entry5.o(.ARM.Collect$$$$00000004)
    __main_after_scatterload                 0x080000c9   Thumb Code     0  entry5.o(.ARM.Collect$$$$00000004)
    _main_clock                              0x080000c9   Thumb Code     0  entry7b.o(.ARM.Collect$$$$00000008)
    _main_cpp_init                           0x080000c9   Thumb Code     0  entry8b.o(.ARM.Collect$$$$0000000A)
    _main_init                               0x080000c9   Thumb Code     0  entry9a.o(.ARM.Collect$$$$0000000B)
    __rt_final_cpp                           0x080000d1   Thumb Code     0  entry10a.o(.ARM.Collect$$$$0000000D)
    __rt_final_exit                          0x080000d1   Thumb Code     0  entry11a.o(.ARM.Collect$$$$0000000F)
    __scatterload                            0x080000d5   Thumb Code    28  init.o(.text)
    __scatterload_rt2                        0x080000d5   Thumb Code     0  init.o(.text)
    __scatterload_copy                       0x080000f9   Thumb Code    14  handlers.o(i.__scatterload_copy)
    __scatterload_null                       0x08000107   Thumb Code     2  handlers.o(i.__scatterload_null)
    __scatterload_zeroinit                   0x08000109   Thumb Code    14  handlers.o(i.__scatterload_zeroinit)
    Region$$Table$$Base                      0x08000118   Number         0  anon$$obj.o(Region$$Table)
    Region$$Table$$Limit                     0x08000138   Number         0  anon$$obj.o(Region$$Table)
    desc                                     0x08000200   Data           8  appconfig.o(.ARM.__AT_0x08000200)
    moduleTab                                0x08000208   Data          48  appconfig.o(.constdata)
    Led                                      0x08000300   Data          16  led.o(.ARM.__AT_0x08000300)
    ledInit                                  0x08000311   Thumb Code    52  led.o(i.ledInit)
    ledOff                                   0x0800034d   Thumb Code     8  led.o(i.ledOff)
    ledOn                                    0x08000359   Thumb Code     8  led.o(i.ledOn)
    ledToggle                                0x08000365   Thumb Code    12  led.o(i.ledToggle)
    Reset_Handler                            0x08000401   Thumb Code     8  startup_stm32l053xx.o(.text)
    ADC1_COMP_IRQHandler                     0x08000415   Thumb Code     0  startup_stm32l053xx.o(.text)
    DMA1_Channel1_IRQHandler                 0x08000415   Thumb Code     0  startup_stm32l053xx.o(.text)
    DMA1_Channel2_3_IRQHandler               0x08000415   Thumb Code     0  startup_stm32l053xx.o(.text)
    DMA1_Channel4_5_6_7_IRQHandler           0x08000415   Thumb Code     0  startup_stm32l053xx.o(.text)
    EXTI0_1_IRQHandler                       0x08000415   Thumb Code     0  startup_stm32l053xx.o(.text)
    EXTI2_3_IRQHandler                       0x08000415   Thumb Code     0  startup_stm32l053xx.o(.text)
    EXTI4_15_IRQHandler                      0x08000415   Thumb Code     0  startup_stm32l053xx.o(.text)
    FLASH_IRQHandler                         0x08000415   Thumb Code     0  startup_stm32l053xx.o(.text)
    I2C1_IRQHandler                          0x08000415   Thumb Code     0  startup_stm32l053xx.o(.text)
    I2C2_IRQHandler                          0x08000415   Thumb Code     0  startup_stm32l053xx.o(.text)
    LCD_IRQHandler                           0x08000415   Thumb Code     0  startup_stm32l053xx.o(.text)
    LPTIM1_IRQHandler                        0x08000415   Thumb Code     0  startup_stm32l053xx.o(.text)
    PVD_IRQHandler                           0x08000415   Thumb Code     0  startup_stm32l053xx.o(.text)
    RCC_CRS_IRQHandler                       0x08000415   Thumb Code     0  startup_stm32l053xx.o(.text)
    RNG_LPUART1_IRQHandler                   0x08000415   Thumb Code     0  startup_stm32l053xx.o(.text)
    SPI1_IRQHandler                          0x08000415   Thumb Code     0  startup_stm32l053xx.o(.text)
    SPI2_IRQHandler                          0x08000415   Thumb Code     0  startup_stm32l053xx.o(.text)
    TIM21_IRQHandler                         0x08000415   Thumb Code     0  startup_stm32l053xx.o(.text)
    TIM22_IRQHandler                         0x08000415   Thumb Code     0  startup_stm32l053xx.o(.text)
    TIM2_IRQHandler                          0x08000415   Thumb Code     0  startup_stm32l053xx.o(.text)
    TIM6_DAC_IRQHandler                      0x08000415   Thumb Code     0  startup_stm32l053xx.o(.text)
    TSC_IRQHandler                           0x08000415   Thumb Code     0  startup_stm32l053xx.o(.text)
    USART1_IRQHandler                        0x08000415   Thumb Code     0  startup_stm32l053xx.o(.text)
    USB_IRQHandler                           0x08000415   Thumb Code     0  startup_stm32l053xx.o(.text)
    WWDG_IRQHandler                          0x08000415   Thumb Code     0  startup_stm32l053xx.o(.text)
    __aeabi_uidiv                            0x08000421   Thumb Code     0  uidiv.o(.text)
    __aeabi_uidivmod                         0x08000421   Thumb Code    44  uidiv.o(.text)
    DebugMon_Handler                         0x0800044d   Thumb Code     2  stm32l0xx_it.o(i.DebugMon_Handler)
    HAL_GetTick                              0x08000451   Thumb Code     6  stm32l0xx_hal.o(i.HAL_GetTick)
    HAL_IncTick                              0x0800045d   Thumb Code    10  stm32l0xx_hal.o(i.HAL_IncTick)
    HAL_Init                                 0x0800046d   Thumb Code    34  stm32l0xx_hal.o(i.HAL_Init)
    HAL_InitTick                             0x08000495   Thumb Code    34  stm32l0xx_hal.o(i.HAL_InitTick)
    HAL_MspInit                              0x080004b7   Thumb Code     2  stm32l0xx_hal_msp_template.o(i.HAL_MspInit)
    HAL_NVIC_SetPriority                     0x080004b9   Thumb Code     8  stm32l0xx_hal_cortex.o(i.HAL_NVIC_SetPriority)
    HAL_RCC_ClockConfig                      0x080004c1   Thumb Code   502  stm32l0xx_hal_rcc.o(i.HAL_RCC_ClockConfig)
    HAL_RCC_GetHCLKFreq                      0x080006c5   Thumb Code    26  stm32l0xx_hal_rcc.o(i.HAL_RCC_GetHCLKFreq)
    HAL_RCC_GetOscConfig                     0x080006ed   Thumb Code   186  stm32l0xx_hal_rcc.o(i.HAL_RCC_GetOscConfig)
    HAL_RCC_GetSysClockFreq                  0x080007ad   Thumb Code   108  stm32l0xx_hal_rcc.o(i.HAL_RCC_GetSysClockFreq)
    HAL_RCC_OscConfig                        0x08000831   Thumb Code  1064  stm32l0xx_hal_rcc.o(i.HAL_RCC_OscConfig)
    HAL_RTCEx_WakeUpTimerEventCallback       0x08000c59   Thumb Code    12  stop.o(i.HAL_RTCEx_WakeUpTimerEventCallback)
    HAL_RTCEx_WakeUpTimerIRQHandler          0x08000c69   Thumb Code    48  stm32l0xx_hal_rtc_ex.o(i.HAL_RTCEx_WakeUpTimerIRQHandler)
    HAL_SYSTICK_Config                       0x08000ca1   Thumb Code    38  stm32l0xx_hal_cortex.o(i.HAL_SYSTICK_Config)
    HardFault_Handler                        0x08000cd1   Thumb Code     2  stm32l0xx_it.o(i.HardFault_Handler)
    NMI_Handler                              0x08000cd3   Thumb Code     2  stm32l0xx_it.o(i.NMI_Handler)
    PendSV_Handler                           0x08000d19   Thumb Code     2  stm32l0xx_it.o(i.PendSV_Handler)
    RTC_IRQHandler                           0x08000d1b   Thumb Code     8  stm32l0xx_it.o(i.RTC_IRQHandler)
    SVC_Handler                              0x08000d23   Thumb Code     2  stm32l0xx_it.o(i.SVC_Handler)
    SysTick_Handler                          0x08000d25   Thumb Code     8  stm32l0xx_it.o(i.SysTick_Handler)
    SystemInit                               0x08000d2d   Thumb Code    66  system_stm32l0xx.o(i.SystemInit)
    USART2_IRQHandler                        0x08000d81   Thumb Code     2  stm32l0xx_it.o(i.USART2_IRQHandler)
    clkConfig                                0x08000d85   Thumb Code    96  clock.o(i.clkConfig)
    main                                     0x08000ded   Thumb Code    68  main.o(i.main)
    wakeUpTimeIRQHandler                     0x08000e39   Thumb Code    10  stop.o(i.wakeUpTimeIRQHandler)
    SystemCoreClock                          0x20000004   Data           4  system_stm32l0xx.o(.data)
    AHBPrescTable                            0x20000008   Data          16  system_stm32l0xx.o(.data)
    PLLMulTable                              0x20000018   Data           9  system_stm32l0xx.o(.data)
    timetick                                 0x20000024   Data           4  main.o(.data)
    led                                      0x20000028   Data           4  main.o(.data)
    desc_t                                   0x2000002c   Data           4  main.o(.data)
    RtcHandle                                0x20000030   Data          36  stop.o(.bss)
    __initial_sp                             0x20000458   Data           0  startup_stm32l053xx.o(STACK)



==============================================================================

Memory Map of the image

  Image Entry point : 0x080000c1

  Load Region INIT_ROM (Base: 0x08000000, Size: 0x00000138, Max: 0x00000200, ABSOLUTE)

    Execution Region ER_IROM (Base: 0x08000000, Size: 0x00000138, Max: 0x00000200, ABSOLUTE)

    Base Addr    Size         Type   Attr      Idx    E Section Name        Object

    0x08000000   0x000000c0   Data   RO         3669    RESET               startup_stm32l053xx.o
    0x080000c0   0x00000000   Code   RO         3725  * .ARM.Collect$$$$00000000  mc_p.l(entry.o)
    0x080000c0   0x00000004   Code   RO         3746    .ARM.Collect$$$$00000001  mc_p.l(entry2.o)
    0x080000c4   0x00000004   Code   RO         3749    .ARM.Collect$$$$00000004  mc_p.l(entry5.o)
    0x080000c8   0x00000000   Code   RO         3751    .ARM.Collect$$$$00000008  mc_p.l(entry7b.o)
    0x080000c8   0x00000000   Code   RO         3753    .ARM.Collect$$$$0000000A  mc_p.l(entry8b.o)
    0x080000c8   0x00000008   Code   RO         3754    .ARM.Collect$$$$0000000B  mc_p.l(entry9a.o)
    0x080000d0   0x00000000   Code   RO         3756    .ARM.Collect$$$$0000000D  mc_p.l(entry10a.o)
    0x080000d0   0x00000000   Code   RO         3758    .ARM.Collect$$$$0000000F  mc_p.l(entry11a.o)
    0x080000d0   0x00000004   Code   RO         3747    .ARM.Collect$$$$00002712  mc_p.l(entry2.o)
    0x080000d4   0x00000024   Code   RO         3767    .text               mc_p.l(init.o)
    0x080000f8   0x0000000e   Code   RO         3773    i.__scatterload_copy  mc_p.l(handlers.o)
    0x08000106   0x00000002   Code   RO         3774    i.__scatterload_null  mc_p.l(handlers.o)
    0x08000108   0x0000000e   Code   RO         3775    i.__scatterload_zeroinit  mc_p.l(handlers.o)
    0x08000116   0x00000002   PAD
    0x08000118   0x00000020   Data   RO         3771    Region$$Table       anon$$obj.o



  Load Region DESC_LROM (Base: 0x08000200, Size: 0x00000038, Max: 0x00000100, ABSOLUTE)

    Execution Region DESC_EROM (Base: 0x08000200, Size: 0x00000038, Max: 0x00000100, ABSOLUTE)

    Base Addr    Size         Type   Attr      Idx    E Section Name        Object

    0x08000200   0x00000008   Data   RO         3674    .ARM.__AT_0x08000200  appconfig.o
    0x08000208   0x00000030   Data   RO         3675    .constdata          appconfig.o



  Load Region LED_LROM (Base: 0x08000300, Size: 0x00000074, Max: 0x00000100, ABSOLUTE)

    Execution Region LED_EROM (Base: 0x08000300, Size: 0x00000074, Max: 0x00000100, ABSOLUTE)

    Base Addr    Size         Type   Attr      Idx    E Section Name        Object

    0x08000300   0x00000010   Data   RO         3690    .ARM.__AT_0x08000300  led.o
    0x08000310   0x0000003c   Code   RO         3686    i.ledInit           led.o
    0x0800034c   0x0000000c   Code   RO         3687    i.ledOff            led.o
    0x08000358   0x0000000c   Code   RO         3688    i.ledOn             led.o
    0x08000364   0x00000010   Code   RO         3689    i.ledToggle         led.o



  Load Region BSW_LROM (Base: 0x08000400, Size: 0x00000a94, Max: 0x00001000, ABSOLUTE)

    Execution Region BSW_EROM (Base: 0x08000400, Size: 0x00000a64, Max: 0x00001000, ABSOLUTE)

    Base Addr    Size         Type   Attr      Idx    E Section Name        Object

    0x08000400   0x00000020   Code   RO         3670    .text               startup_stm32l053xx.o
    0x08000420   0x0000002c   Code   RO         3728    .text               mc_p.l(uidiv.o)
    0x0800044c   0x00000002   Code   RO         3468    i.DebugMon_Handler  stm32l0xx_it.o
    0x0800044e   0x00000002   PAD
    0x08000450   0x0000000c   Code   RO           16    i.HAL_GetTick       stm32l0xx_hal.o
    0x0800045c   0x00000010   Code   RO           17    i.HAL_IncTick       stm32l0xx_hal.o
    0x0800046c   0x00000028   Code   RO           18    i.HAL_Init          stm32l0xx_hal.o
    0x08000494   0x00000022   Code   RO           19    i.HAL_InitTick      stm32l0xx_hal.o
    0x080004b6   0x00000002   Code   RO         1081    i.HAL_MspInit       stm32l0xx_hal_msp_template.o
    0x080004b8   0x00000008   Code   RO          349    i.HAL_NVIC_SetPriority  stm32l0xx_hal_cortex.o
    0x080004c0   0x00000204   Code   RO         1313    i.HAL_RCC_ClockConfig  stm32l0xx_hal_rcc.o
    0x080006c4   0x00000028   Code   RO         1317    i.HAL_RCC_GetHCLKFreq  stm32l0xx_hal_rcc.o
    0x080006ec   0x000000c0   Code   RO         1318    i.HAL_RCC_GetOscConfig  stm32l0xx_hal_rcc.o
    0x080007ac   0x00000084   Code   RO         1321    i.HAL_RCC_GetSysClockFreq  stm32l0xx_hal_rcc.o
    0x08000830   0x00000428   Code   RO         1324    i.HAL_RCC_OscConfig  stm32l0xx_hal_rcc.o
    0x08000c58   0x00000010   Code   RO         3267    i.HAL_RTCEx_WakeUpTimerEventCallback  stop.o
    0x08000c68   0x00000038   Code   RO         1691    i.HAL_RTCEx_WakeUpTimerIRQHandler  stm32l0xx_hal_rtc_ex.o
    0x08000ca0   0x00000030   Code   RO          353    i.HAL_SYSTICK_Config  stm32l0xx_hal_cortex.o
    0x08000cd0   0x00000002   Code   RO         3471    i.HardFault_Handler  stm32l0xx_it.o
    0x08000cd2   0x00000002   Code   RO         3472    i.NMI_Handler       stm32l0xx_it.o
    0x08000cd4   0x00000044   Code   RO          355    i.NVIC_SetPriority  stm32l0xx_hal_cortex.o
    0x08000d18   0x00000002   Code   RO         3473    i.PendSV_Handler    stm32l0xx_it.o
    0x08000d1a   0x00000008   Code   RO         3474    i.RTC_IRQHandler    stm32l0xx_it.o
    0x08000d22   0x00000002   Code   RO         3475    i.SVC_Handler       stm32l0xx_it.o
    0x08000d24   0x00000008   Code   RO         3476    i.SysTick_Handler   stm32l0xx_it.o
    0x08000d2c   0x00000054   Code   RO         3609    i.SystemInit        system_stm32l0xx.o
    0x08000d80   0x00000002   Code   RO         3477    i.USART2_IRQHandler  stm32l0xx_it.o
    0x08000d82   0x00000002   PAD
    0x08000d84   0x00000068   Code   RO         3156    i.clkConfig         clock.o
    0x08000dec   0x0000004c   Code   RO         3643    i.main              main.o
    0x08000e38   0x00000010   Code   RO         3274    i.wakeUpTimeIRQHandler  stop.o
    0x08000e48   0x00000019   Data   RO         1325    .constdata          stm32l0xx_hal_rcc.o


    Execution Region BSW_ERAM (Base: 0x20000000, Size: 0x00000458, Max: 0x00001000, ABSOLUTE)

    Base Addr    Size         Type   Attr      Idx    E Section Name        Object

    0x20000000   0x00000004   Data   RW           30    .data               stm32l0xx_hal.o
    0x20000004   0x0000001d   Data   RW         3610    .data               system_stm32l0xx.o
    0x20000021   0x00000003   PAD
    0x20000024   0x0000000c   Data   RW         3644    .data               main.o
    0x20000030   0x00000024   Zero   RW         3275    .bss                stop.o
    0x20000054   0x00000004   PAD
    0x20000058   0x00000400   Zero   RW         3667    STACK               startup_stm32l053xx.o


==============================================================================

Image component sizes


      Code (inc. data)   RO Data    RW Data    ZI Data      Debug   Object Name

         0          0         56          0          0        525   appconfig.o
       104          8          0          0          0        576   clock.o
       100         20         16          0          0       1997   led.o
        76          8          0         12          0       1429   main.o
        32         10        192          0       1024        644   startup_stm32l053xx.o
       102         18          0          4          0     173518   stm32l0xx_hal.o
       124         18          0          0          0      10132   stm32l0xx_hal_cortex.o
         2          0          0          0          0        434   stm32l0xx_hal_msp_template.o
      1944         88         25          0          0       5853   stm32l0xx_hal_rcc.o
        56          8          0          0          0        898   stm32l0xx_hal_rtc_ex.o
        28          0          0          0          0       3259   stm32l0xx_it.o
        32         10          0          0         36       1372   stop.o
        84         18          0         29          0       2669   system_stm32l0xx.o

    ----------------------------------------------------------------------
      2688        206        324         48       1064     203306   Object Totals
         0          0         32          0          0          0   (incl. Generated)
         4          0          3          3          4          0   (incl. Padding)

    ----------------------------------------------------------------------

      Code (inc. data)   RO Data    RW Data    ZI Data      Debug   Library Member Name

         0          0          0          0          0          0   entry.o
         0          0          0          0          0          0   entry10a.o
         0          0          0          0          0          0   entry11a.o
         8          4          0          0          0          0   entry2.o
         4          0          0          0          0          0   entry5.o
         0          0          0          0          0          0   entry7b.o
         0          0          0          0          0          0   entry8b.o
         8          4          0          0          0          0   entry9a.o
        30          0          0          0          0          0   handlers.o
        36          8          0          0          0         68   init.o
        44          0          0          0          0         72   uidiv.o

    ----------------------------------------------------------------------
       132         16          0          0          0        140   Library Totals
         2          0          0          0          0          0   (incl. Padding)

    ----------------------------------------------------------------------

      Code (inc. data)   RO Data    RW Data    ZI Data      Debug   Library Name

       130         16          0          0          0        140   mc_p.l

    ----------------------------------------------------------------------
       132         16          0          0          0        140   Library Totals

    ----------------------------------------------------------------------

==============================================================================


      Code (inc. data)   RO Data    RW Data    ZI Data      Debug   

      2820        222        324         48       1064     202410   Grand Totals
      2820        222        324         48       1064     202410   ELF Image Totals
      2820        222        324         48          0          0   ROM Totals

==============================================================================

    Total RO  Size (Code + RO Data)                 3144 (   3.07kB)
    Total RW  Size (RW Data + ZI Data)              1112 (   1.09kB)
    Total ROM Size (Code + RO Data + RW Data)       3192 (   3.12kB)

==============================================================================

