<html>
<body>
<pre>
<h1>µVision Build Log</h1>
<h2>Tool Versions:</h2>
IDE-Version: ¦ÌVision V5.20.0.0
Copyright (C) 2016 ARM Ltd and ARM Germany GmbH. All rights reserved.
License Information: zeyu yan, easylinkin, LIC=P6FVE-5M77G-EYWVT-RTB1G-JECB5-5WHT7
 
Tool Versions:
Toolchain:       MDK-ARM Professional  Version: 5.20
Toolchain Path:  C:\Keil_v5\ARM\ARMCC\Bin
C Compiler:      Armcc.exe V5.06 update 2 (build 183)
Assembler:       Armasm.exe V5.06 update 2 (build 183)
Linker/Locator:  ArmLink.exe V5.06 update 2 (build 183)
Library Manager: ArmAr.exe V5.06 update 2 (build 183)
Hex Converter:   FromElf.exe V5.06 update 2 (build 183)
CPU DLL:         SARMCM3.DLL V5.20
Dialog DLL:      DARMCM1.DLL V1.14.0.0
Target DLL:      STLink\ST-LINKIII-KEIL_SWO.dll V2.0.18.0
Dialog DLL:      TARMCM1.DLL V1.10.0.0
 
<h2>Project:</h2>
D:\Github\sctby-upgrade\MDK-ARM\application.uvprojx
Project File Date:  09/10/2016

<h2>Output:</h2>
*** Using Compiler 'V5.06 update 2 (build 183)', folder: 'C:\Keil_v5\ARM\ARMCC\Bin'
Rebuild target 'bootloader'
compiling stm32l0xx_hal_adc.c...
compiling stm32l0xx_hal_adc_ex.c...
compiling stm32l0xx_hal.c...
compiling stm32l0xx_hal_comp_ex.c...
compiling stm32l0xx_hal_comp.c...
compiling stm32l0xx_hal_cortex.c...
compiling stm32l0xx_hal_cryp.c...
compiling stm32l0xx_hal_cryp_ex.c...
compiling stm32l0xx_hal_crc_ex.c...
compiling stm32l0xx_hal_crc.c...
compiling stm32l0xx_hal_dac.c...
compiling stm32l0xx_hal_dac_ex.c...
compiling stm32l0xx_hal_dma.c...
compiling stm32l0xx_hal_firewall.c...
compiling stm32l0xx_hal_flash.c...
compiling stm32l0xx_hal_flash_ex.c...
compiling stm32l0xx_hal_flash_ramfunc.c...
compiling stm32l0xx_hal_gpio.c...
compiling stm32l0xx_hal_i2c.c...
compiling stm32l0xx_hal_i2c_ex.c...
compiling stm32l0xx_hal_i2s.c...
compiling stm32l0xx_hal_irda.c...
compiling stm32l0xx_hal_iwdg.c...
compiling stm32l0xx_hal_lcd.c...
compiling stm32l0xx_hal_lptim.c...
compiling stm32l0xx_hal_msp_template.c...
compiling stm32l0xx_hal_pcd.c...
compiling stm32l0xx_hal_pcd_ex.c...
compiling stm32l0xx_hal_pwr.c...
compiling stm32l0xx_hal_pwr_ex.c...
compiling stm32l0xx_hal_rcc_ex.c...
compiling stm32l0xx_hal_rcc.c...
compiling stm32l0xx_hal_rng.c...
compiling stm32l0xx_hal_rtc.c...
compiling stm32l0xx_hal_rtc_ex.c...
compiling stm32l0xx_hal_smartcard.c...
compiling stm32l0xx_hal_smartcard_ex.c...
compiling stm32l0xx_hal_smbus.c...
compiling stm32l0xx_hal_spi.c...
compiling stm32l0xx_hal_tim_ex.c...
compiling stm32l0xx_hal_tim.c...
compiling stm32l0xx_hal_tsc.c...
compiling stm32l0xx_hal_uart.c...
compiling stm32l0xx_hal_uart_ex.c...
compiling stm32l0xx_hal_usart.c...
compiling stm32l0xx_hal_wwdg.c...
compiling clock.c...
compiling crc.c...
compiling flash.c...
compiling stop.c...
compiling uart.c...
compiling jump.c...
compiling stm32l0xx_hal_msp.c...
compiling stm32l0xx_it.c...
compiling stm32l0538_discovery.c...
compiling system_stm32l0xx.c...
assembling startup_stm32l053xx.s...
compiling appConfig.c...
compiling main.c...
compiling led.c...
linking...
Program Size: Code=2808 RO-data=18712 RW-data=40 ZI-data=1064  
FromELF: creating hex file...
".\obj\bootloader.axf" - 0 Error(s), 0 Warning(s).

<h2>Software Packages used:</h2>

Package Vendor: ARM
                http://www.keil.com/pack/ARM.CMSIS.5.0.0-Beta4.pack
                ARM::CMSIS:CORE:5.0.0
                CMSIS (Cortex Microcontroller Software Interface Standard)
   * Component: CORE Version: 5.0.0

<h2>Collection of Component include folders:</h2>
  D:\Github\sctby-upgrade\MDK-ARM\RTE
  C:\Keil_v5\ARM\PACK\ARM\CMSIS\5.0.0-Beta4\CMSIS\Include
  C:\Keil_v5\ARM\PACK\Keil\STM32L0xx_DFP\1.5.0\Device\Include

<h2>Collection of Component Files used:</h2>

   * Component: ARM::CMSIS:CORE:5.0.0
Build Time Elapsed:  00:00:36
</pre>
</body>
</html>
